CASE_DIR=/home/s5117909/Documents/thesis/thesis_codebase/database/20260602_151031_2channel_1syn_plain/cases/st1_1_hz__st2_8001_hz__trial_1
OCN=/home/s5117909/Documents/thesis/thesis_codebase/database/20260602_151031_2channel_1syn_plain/ocn/export_psf_to_txt.ocn
CADENCE_EXPORT_LAUNCHER=/projects/bics/cadence/installs/IC231/tools.lnx86/dfII/bin/ocean
LD_LIBRARY_PATH=/projects/bics/cadence/installs/IC231/tools.lnx86/dfII/bin:/projects/bics/cadence/installs/IC231/tools.lnx86/lib:/projects/bics/cadence/installs/IC231/tools.lnx86/lib/64bit:/projects/bics/cadence/installs/IC231/tools.lnx86/dfII/lib:/projects/bics/cadence/installs/IC231/tools.lnx86/dfII/lib/64bit:/projects/bics/cadence/installs/IC231/tools/lib:/projects/bics/cadence/installs/IC231/tools/lib/64bit:/projects/bics/cadence/installs/IC231/tools.lnx86/dfII/bin:/projects/bics/cadence/installs/IC231/tools.lnx86/lib:/projects/bics/cadence/installs/IC231/tools.lnx86/lib/64bit:/projects/bics/cadence/installs/IC231/tools.lnx86/dfII/lib:/projects/bics/cadence/installs/IC231/tools.lnx86/dfII/lib/64bit:/projects/bics/cadence/installs/IC231/tools/lib:/projects/bics/cadence/installs/IC231/tools/lib/64bit:/projects/bics/cadence/installs/IC231/tools.lnx86/dfII/bin:/projects/bics/cadence/installs/IC231/tools.lnx86/lib:/projects/bics/cadence/installs/IC231/tools.lnx86/lib/64bit:/projects/bics/cadence/installs/IC231/tools.lnx86/dfII/lib:/projects/bics/cadence/installs/IC231/tools.lnx86/dfII/lib/64bit:/projects/bics/cadence/installs/IC231/tools/lib:/projects/bics/cadence/installs/IC231/tools/lib/64bit:/projects/bics/cadence/installs/IC231/tools.lnx86/dfII/bin:/projects/bics/cadence/installs/IC231/tools.lnx86/lib:/projects/bics/cadence/installs/IC231/tools.lnx86/lib/64bit:/projects/bics/cadence/installs/IC231/tools.lnx86/dfII/lib:/projects/bics/cadence/installs/IC231/tools.lnx86/dfII/lib/64bit:/projects/bics/cadence/installs/IC231/tools/lib:/projects/bics/cadence/installs/IC231/tools/lib/64bit:/projects/bics/cadence/installs/IC231/tools.lnx86/dfII/bin:/projects/bics/cadence/installs/IC231/tools.lnx86/lib:/projects/bics/cadence/installs/IC231/tools.lnx86/lib/64bit:/projects/bics/cadence/installs/IC231/tools.lnx86/dfII/lib:/projects/bics/cadence/installs/IC231/tools.lnx86/dfII/lib/64bit:/projects/bics/cadence/installs/IC231/tools/lib:/projects/bics/cadence/installs/IC231/tools/lib/64bit:/projects/bics/cadence/installs/IC231/tools.lnx86/dfII/bin:/projects/bics/cadence/installs/IC231/tools.lnx86/lib:/projects/bics/cadence/installs/IC231/tools.lnx86/lib/64bit:/projects/bics/cadence/installs/IC231/tools.lnx86/dfII/lib:/projects/bics/cadence/installs/IC231/tools.lnx86/dfII/lib/64bit:/projects/bics/cadence/installs/IC231/tools/lib:/projects/bics/cadence/installs/IC231/tools/lib/64bit:/projects/bics/cadence/installs/IC231/tools.lnx86/dfII/bin:/projects/bics/cadence/installs/IC231/tools.lnx86/lib:/projects/bics/cadence/installs/IC231/tools.lnx86/lib/64bit:/projects/bics/cadence/installs/IC231/tools.lnx86/dfII/lib:/projects/bics/cadence/installs/IC231/tools.lnx86/dfII/lib/64bit:/projects/bics/cadence/installs/IC231/tools/lib:/projects/bics/cadence/installs/IC231/tools/lib/64bit:/projects/bics/cadence/installs/IC231/tools.lnx86/dfII/bin:/projects/bics/cadence/installs/IC231/tools/bin:/projects/bics/cadence/installs/IC231/bin:/projects/bics/cadence/installs/IC231/tools/lib:/projects/bics/cadence/installs/IC231/tools/lib/64bit:/projects/bics/cadence/installs/IC231/tools.lnx86/lib:/projects/bics/cadence/installs/IC231/tools.lnx86/lib/64bit:/projects/bics/cadence/installs/IC231/tools.lnx86/dfII/lib:/projects/bics/cadence/installs/IC231/tools.lnx86/dfII/lib/64bit:/projects/bics/cadence/installs/IC231/tools/dfII/lib:/projects/bics/cadence/installs/IC231/tools/dfII/lib/64bit:/projects/bics/cadence/installs/SPECTRE231/tools.lnx86/lib:/projects/bics/cadence/installs/SPECTRE231/tools.lnx86/lib/64bit:/projects/bics/cadence/installs/SPECTRE231/tools.lnx86/spectre/lib:/projects/bics/cadence/installs/SPECTRE231/tools.lnx86/spectre/lib/64bit:/projects/bics/cadence/installs/SPECTRE231/oa_v22.61.002/lib/linux_rhel70_gcc93x_64/opt:/projects/bics/cadence/installs/IC231/tools.lnx86/dfII/lib:/projects/bics/cadence/installs/IC231/tools.lnx86/dfII/lib/64bit:/projects/bics/cadence/installs/IC231/tools.lnx86/lib:/projects/bics/cadence/installs/IC231/tools.lnx86/lib/64bit:/projects/bics/cadence/installs/SPECTRE231/tools.lnx86/lib:/projects/bics/cadence/installs/SPECTRE231/tools.lnx86/lib/64bit:/projects/bics/cadence/installs/SPECTRE231/tools.lnx86/spectre/lib:/projects/bics/cadence/installs/SPECTRE231/tools.lnx86/spectre/lib/64bit:
ldd missing before launch:
cdsXvfb-run[28973]: WARNING: xauth failed to extract authorization for all the displays: :1003.0.
cdsXvfb-run[28973]: WARNING: This may prevent opening graphical windows in the original user display.
*WARNING* file /home/s5117909/CDS.log File is already locked by some other process.
*WARNING* file /home/s5117909/CDS.log.1 File is already locked by some other process.
*WARNING* file /home/s5117909/CDS.log.2 File is already locked by some other process.
*WARNING* file /home/s5117909/CDS.log.3 File is already locked by some other process.
*WARNING* file /home/s5117909/CDS.log.4 File is already locked by some other process.
*WARNING* file /home/s5117909/CDS.log.5 File is already locked by some other process.
*WARNING* file /home/s5117909/CDS.log.6 File is already locked by some other process.
*WARNING* file /home/s5117909/CDS.log.7 File is already locked by some other process.
*WARNING* file /home/s5117909/CDS.log.8 File is already locked by some other process.
*WARNING* file /home/s5117909/CDS.log.9 File is already locked by some other process.
Failed to lock log file: CDS.log
*ERROR* CIW Initialization failure.
ERROR: export launcher failed with rc=255
