Worker 1 started at Wed Jun  3 15:25:07 CEST 2026
RUN case_id=1 run_name=st1_1001_hz__st2_1_hz__trial_1
DONE case_id=1 run_name=st1_1001_hz__st2_1_hz__trial_1 output_signals=/home/s5117909/Documents/thesis/thesis_codebase/database/20260603_152350_2syn_2tail_plain/cases/st1_1001_hz__st2_1_hz__trial_1/output_signals.txt
RUN case_id=5 run_name=st1_1001_hz__st2_5001_hz__trial_1
DONE case_id=5 run_name=st1_1001_hz__st2_5001_hz__trial_1 output_signals=/home/s5117909/Documents/thesis/thesis_codebase/database/20260603_152350_2syn_2tail_plain/cases/st1_1001_hz__st2_5001_hz__trial_1/output_signals.txt
RUN case_id=9 run_name=st1_1_hz__st2_1001_hz__trial_1
DONE case_id=9 run_name=st1_1_hz__st2_1001_hz__trial_1 output_signals=/home/s5117909/Documents/thesis/thesis_codebase/database/20260603_152350_2syn_2tail_plain/cases/st1_1_hz__st2_1001_hz__trial_1/output_signals.txt
RUN case_id=13 run_name=st1_1_hz__st2_4001_hz__trial_1
DONE case_id=13 run_name=st1_1_hz__st2_4001_hz__trial_1 output_signals=/home/s5117909/Documents/thesis/thesis_codebase/database/20260603_152350_2syn_2tail_plain/cases/st1_1_hz__st2_4001_hz__trial_1/output_signals.txt
RUN case_id=17 run_name=st1_1_hz__st2_8001_hz__trial_1
DONE case_id=17 run_name=st1_1_hz__st2_8001_hz__trial_1 output_signals=/home/s5117909/Documents/thesis/thesis_codebase/database/20260603_152350_2syn_2tail_plain/cases/st1_1_hz__st2_8001_hz__trial_1/output_signals.txt
RUN case_id=21 run_name=st1_2001_hz__st2_3001_hz__trial_1
DONE case_id=21 run_name=st1_2001_hz__st2_3001_hz__trial_1 output_signals=/home/s5117909/Documents/thesis/thesis_codebase/database/20260603_152350_2syn_2tail_plain/cases/st1_2001_hz__st2_3001_hz__trial_1/output_signals.txt
RUN case_id=25 run_name=st1_2001_hz__st2_7001_hz__trial_1
DONE case_id=25 run_name=st1_2001_hz__st2_7001_hz__trial_1 output_signals=/home/s5117909/Documents/thesis/thesis_codebase/database/20260603_152350_2syn_2tail_plain/cases/st1_2001_hz__st2_7001_hz__trial_1/output_signals.txt
RUN case_id=29 run_name=st1_3001_hz__st2_2001_hz__trial_1
DONE case_id=29 run_name=st1_3001_hz__st2_2001_hz__trial_1 output_signals=/home/s5117909/Documents/thesis/thesis_codebase/database/20260603_152350_2syn_2tail_plain/cases/st1_3001_hz__st2_2001_hz__trial_1/output_signals.txt
RUN case_id=33 run_name=st1_3001_hz__st2_6001_hz__trial_1
DONE case_id=33 run_name=st1_3001_hz__st2_6001_hz__trial_1 output_signals=/home/s5117909/Documents/thesis/thesis_codebase/database/20260603_152350_2syn_2tail_plain/cases/st1_3001_hz__st2_6001_hz__trial_1/output_signals.txt
RUN case_id=37 run_name=st1_4001_hz__st2_1_hz__trial_1
DONE case_id=37 run_name=st1_4001_hz__st2_1_hz__trial_1 output_signals=/home/s5117909/Documents/thesis/thesis_codebase/database/20260603_152350_2syn_2tail_plain/cases/st1_4001_hz__st2_1_hz__trial_1/output_signals.txt
RUN case_id=41 run_name=st1_4001_hz__st2_5001_hz__trial_1
ERROR: timed out waiting for OCEAN export lock: /home/s5117909/Documents/thesis/thesis_codebase/database/20260603_152350_2syn_2tail_plain/worker_state/ocean_export.lock
FAILED case_id=41 run_name=st1_4001_hz__st2_5001_hz__trial_1 export_or_output_failed
RUN case_id=45 run_name=st1_5001_hz__st2_1001_hz__trial_1
DONE case_id=45 run_name=st1_5001_hz__st2_1001_hz__trial_1 output_signals=/home/s5117909/Documents/thesis/thesis_codebase/database/20260603_152350_2syn_2tail_plain/cases/st1_5001_hz__st2_1001_hz__trial_1/output_signals.txt
RUN case_id=49 run_name=st1_5001_hz__st2_4001_hz__trial_1
DONE case_id=49 run_name=st1_5001_hz__st2_4001_hz__trial_1 output_signals=/home/s5117909/Documents/thesis/thesis_codebase/database/20260603_152350_2syn_2tail_plain/cases/st1_5001_hz__st2_4001_hz__trial_1/output_signals.txt
RUN case_id=53 run_name=st1_5001_hz__st2_8001_hz__trial_1
DONE case_id=53 run_name=st1_5001_hz__st2_8001_hz__trial_1 output_signals=/home/s5117909/Documents/thesis/thesis_codebase/database/20260603_152350_2syn_2tail_plain/cases/st1_5001_hz__st2_8001_hz__trial_1/output_signals.txt
RUN case_id=57 run_name=st1_6001_hz__st2_3001_hz__trial_1
