Worker 3 started at Wed Jun  3 15:25:07 CEST 2026
RUN case_id=3 run_name=st1_1001_hz__st2_3001_hz__trial_1
DONE case_id=3 run_name=st1_1001_hz__st2_3001_hz__trial_1 output_signals=/home/s5117909/Documents/thesis/thesis_codebase/database/20260603_152350_2syn_2tail_plain/cases/st1_1001_hz__st2_3001_hz__trial_1/output_signals.txt
RUN case_id=7 run_name=st1_1001_hz__st2_7001_hz__trial_1
DONE case_id=7 run_name=st1_1001_hz__st2_7001_hz__trial_1 output_signals=/home/s5117909/Documents/thesis/thesis_codebase/database/20260603_152350_2syn_2tail_plain/cases/st1_1001_hz__st2_7001_hz__trial_1/output_signals.txt
RUN case_id=11 run_name=st1_1_hz__st2_2001_hz__trial_1
DONE case_id=11 run_name=st1_1_hz__st2_2001_hz__trial_1 output_signals=/home/s5117909/Documents/thesis/thesis_codebase/database/20260603_152350_2syn_2tail_plain/cases/st1_1_hz__st2_2001_hz__trial_1/output_signals.txt
RUN case_id=15 run_name=st1_1_hz__st2_6001_hz__trial_1
DONE case_id=15 run_name=st1_1_hz__st2_6001_hz__trial_1 output_signals=/home/s5117909/Documents/thesis/thesis_codebase/database/20260603_152350_2syn_2tail_plain/cases/st1_1_hz__st2_6001_hz__trial_1/output_signals.txt
RUN case_id=19 run_name=st1_2001_hz__st2_1_hz__trial_1
DONE case_id=19 run_name=st1_2001_hz__st2_1_hz__trial_1 output_signals=/home/s5117909/Documents/thesis/thesis_codebase/database/20260603_152350_2syn_2tail_plain/cases/st1_2001_hz__st2_1_hz__trial_1/output_signals.txt
RUN case_id=23 run_name=st1_2001_hz__st2_5001_hz__trial_1
DONE case_id=23 run_name=st1_2001_hz__st2_5001_hz__trial_1 output_signals=/home/s5117909/Documents/thesis/thesis_codebase/database/20260603_152350_2syn_2tail_plain/cases/st1_2001_hz__st2_5001_hz__trial_1/output_signals.txt
RUN case_id=27 run_name=st1_3001_hz__st2_1001_hz__trial_1
DONE case_id=27 run_name=st1_3001_hz__st2_1001_hz__trial_1 output_signals=/home/s5117909/Documents/thesis/thesis_codebase/database/20260603_152350_2syn_2tail_plain/cases/st1_3001_hz__st2_1001_hz__trial_1/output_signals.txt
RUN case_id=31 run_name=st1_3001_hz__st2_4001_hz__trial_1
DONE case_id=31 run_name=st1_3001_hz__st2_4001_hz__trial_1 output_signals=/home/s5117909/Documents/thesis/thesis_codebase/database/20260603_152350_2syn_2tail_plain/cases/st1_3001_hz__st2_4001_hz__trial_1/output_signals.txt
RUN case_id=35 run_name=st1_3001_hz__st2_8001_hz__trial_1
DONE case_id=35 run_name=st1_3001_hz__st2_8001_hz__trial_1 output_signals=/home/s5117909/Documents/thesis/thesis_codebase/database/20260603_152350_2syn_2tail_plain/cases/st1_3001_hz__st2_8001_hz__trial_1/output_signals.txt
RUN case_id=39 run_name=st1_4001_hz__st2_3001_hz__trial_1
DONE case_id=39 run_name=st1_4001_hz__st2_3001_hz__trial_1 output_signals=/home/s5117909/Documents/thesis/thesis_codebase/database/20260603_152350_2syn_2tail_plain/cases/st1_4001_hz__st2_3001_hz__trial_1/output_signals.txt
RUN case_id=43 run_name=st1_4001_hz__st2_7001_hz__trial_1
DONE case_id=43 run_name=st1_4001_hz__st2_7001_hz__trial_1 output_signals=/home/s5117909/Documents/thesis/thesis_codebase/database/20260603_152350_2syn_2tail_plain/cases/st1_4001_hz__st2_7001_hz__trial_1/output_signals.txt
RUN case_id=47 run_name=st1_5001_hz__st2_2001_hz__trial_1
DONE case_id=47 run_name=st1_5001_hz__st2_2001_hz__trial_1 output_signals=/home/s5117909/Documents/thesis/thesis_codebase/database/20260603_152350_2syn_2tail_plain/cases/st1_5001_hz__st2_2001_hz__trial_1/output_signals.txt
RUN case_id=51 run_name=st1_5001_hz__st2_6001_hz__trial_1
ERROR: timed out waiting for OCEAN export lock: /home/s5117909/Documents/thesis/thesis_codebase/database/20260603_152350_2syn_2tail_plain/worker_state/ocean_export.lock
FAILED case_id=51 run_name=st1_5001_hz__st2_6001_hz__trial_1 export_or_output_failed
RUN case_id=55 run_name=st1_6001_hz__st2_1_hz__trial_1
