OCEAN export attempt 1/8 for /home/s5117909/Documents/thesis/thesis_codebase/database/20260603_152350_2syn_2tail_plain/cases/st1_4001_hz__st2_6001_hz__trial_1
*WARNING* file /home/s5117909/CDS.log File is already locked by some other process.
COPYRIGHT (C) 1992-2024  CADENCE DESIGN SYSTEMS INC.  ALL RIGHTS RESERVED.
          (C) 1992-2024  UNIX SYSTEMS Laboratories INC.,
                         Reproduced with permission.

This Cadence Design Systems program and online documentation are
proprietary/confidential information and may be disclosed/used only
as authorized in a license agreement controlling such use and disclosure.

          RESTRICTED RIGHTS NOTICE (SHORT FORM)
Use/reproduction/disclosure is subject to restriction
set forth at FAR 1252.227-19 or its equivalent.
Loading geView.cxt 
Loading menuBuilder.cxt 
Loading im.cxt 
Loading schView.cxt 
Loading selectSv.cxt 
Loading wireEdit.cxt 
Loading pte2.cxt 
Loading xlUI.cxt 
Loading auCore.cxt 
Loading vhdl.cxt 
Loading seismic.cxt 
Loading ci.cxt 
Loading layers.cxt 
Loading drv.cxt 
Loading ams.cxt 
Loading adexlDM.cxt 
Loading cpf.cxt 
Loading cli.cxt 
Loading lp.cxt 
Loading sipLayout.cxt 
Loading diagCenter.cxt 
Virtuoso Framework License (111) was checked out successfully. Total checkout time was 0.03s.
Loading dal.cxt 
Loading awv.cxt 
Loading oasis.cxt 
Loading vdsil.cxt 
Loading analog.cxt 
Loading asimenv.cxt 
Loading spectrei.cxt 
Loading adexlCore.cxt 
Loading socket.cxt 
Loading par.cxt 
Loading alvs.cxt 
Loading caa.cxt 
Loading amps.cxt 
Loading adexl.cxt 
Loading lx.cxt 
Loading pe.cxt 
Loading lce.cxt 
Loading le.cxt 
Loading drdEdit.cxt 
Loading rte.cxt 
Loading te.cxt 
Loading schHDL.cxt 
Loading devCheck.cxt 
Loading relXpert.cxt 
Loading simui.cxt 
Loading viva.cxt 
WARNING (PRINT-1048): Printing can become very slow because the data exceeds 10000 points. You can
             cancel this command and print the data to a file using the command i("VSENSE_I172:p" ?resultsDir "/home/s5117909/Documents/thesis/thesis_codebase/database/20260603_152350_2syn_2tail_plain/cases/st1_4001_hz__st2_6001_hz__trial_1/psf" ?result "tran") i("VSENSE_I56:p" ?resultsDir "/home/s5117909/Documents/thesis/thesis_codebase/database/20260603_152350_2syn_2tail_plain/cases/st1_4001_hz__st2_6001_hz__trial_1/psf" ?result "tran") v("/vpre" ?resultsDir "/home/s5117909/Documents/thesis/thesis_codebase/database/20260603_152350_2syn_2tail_plain/cases/st1_4001_hz__st2_6001_hz__trial_1/psf" ?result "tran") v("/vpre1" ?resultsDir "/home/s5117909/Documents/thesis/thesis_codebase/database/20260603_152350_2syn_2tail_plain/cases/st1_4001_hz__st2_6001_hz__trial_1/psf" ?result "tran") ?output "./myOutFile" ?numberNotation 'none).
Wrote /home/s5117909/Documents/thesis/thesis_codebase/database/20260603_152350_2syn_2tail_plain/cases/st1_4001_hz__st2_6001_hz__trial_1/output_signals.txt using i(VSENSE_I172:p) and i(VSENSE_I56:p)

