*WARNING* file /home/s5117909/CDS.log File is already locked by some other process.
*WARNING* file /home/s5117909/CDS.log.1 File is already locked by some other process.
*WARNING* file /home/s5117909/CDS.log.2 File is already locked by some other process.
COPYRIGHT (C) 1992-2024  CADENCE DESIGN SYSTEMS INC.  ALL RIGHTS RESERVED.
          (C) 1992-2024  UNIX SYSTEMS Laboratories INC.,
                         Reproduced with permission.

This Cadence Design Systems program and online documentation are
proprietary/confidential information and may be disclosed/used only
as authorized in a license agreement controlling such use and disclosure.

          RESTRICTED RIGHTS NOTICE (SHORT FORM)
Use/reproduction/disclosure is subject to restriction
set forth at FAR 1252.227-19 or its equivalent.
Loading geView.cxt 
Loading menuBuilder.cxt 
Loading im.cxt 
Loading schView.cxt 
Loading selectSv.cxt 
Loading wireEdit.cxt 
Loading pte2.cxt 
Loading xlUI.cxt 
Loading auCore.cxt 
Loading vhdl.cxt 
Loading seismic.cxt 
Loading ci.cxt 
Loading layers.cxt 
Loading drv.cxt 
Loading ams.cxt 
Loading adexlDM.cxt 
Loading cpf.cxt 
Loading cli.cxt 
Loading lp.cxt 
Loading sipLayout.cxt 
Loading diagCenter.cxt 
Virtuoso Framework License (111) was checked out successfully. Total checkout time was 0.03s.
Loading dal.cxt 
Loading awv.cxt 
Loading oasis.cxt 
Loading vdsil.cxt 
ERROR (LMF-02015): License call failed for feature Analog_Design_Environment_L, version 23.100 and quantity 1. The license server search path is defined as 5280@lic009.workspace.rug.nl. The FLEXnet error message is as follows,     FLEXnet ERROR(-15, 0, 0): Cannot connect to license server system.  Run 'lic_error LMF-02015' for more information..
ERROR (ELI-00111) Failed to check out license 'Analog_Design_Environment_L'.
ERROR (LMF-02015): License call failed for feature Analog_Design_Environment_XL, version 23.100 and quantity 1. The license server search path is defined as 5280@lic009.workspace.rug.nl. The FLEXnet error message is as follows,     FLEXnet ERROR(-15, 0, 0): Cannot connect to license server system.  Run 'lic_error LMF-02015' for more information..
ERROR (ELI-00111) Failed to check out license 'Analog_Design_Environment_XL'.
ERROR (LMF-03015): License call failed for feature Analog_Design_Environment_GXL, version 23.100 and quantity 2. The license server search path is defined as 5280@lic009.workspace.rug.nl. The FLEXnet error message is as follows,     FLEXnet ERROR(-15, 0, 0): Cannot connect to license server system.  Run 'lic_error LMF-03015' for more information..
ERROR (ELI-00111) Failed to check out license 'Analog_Design_Environment_GXL'.
ERROR (LMF-02015): License call failed for feature Virtuoso_ADE_Explorer, version 23.100 and quantity 1. The license server search path is defined as 5280@lic009.workspace.rug.nl. The FLEXnet error message is as follows,     FLEXnet ERROR(-15, 0, 0): Cannot connect to license server system.  Run 'lic_error LMF-02015' for more information..
ERROR (ELI-00111) Failed to check out license 'Virtuoso_ADE_Explorer'.
ERROR (LMF-02015): License call failed for feature Virtuoso_ADE_Assembler, version 23.100 and quantity 1. The license server search path is defined as 5280@lic009.workspace.rug.nl. The FLEXnet error message is as follows,     FLEXnet ERROR(-15, 0, 0): Cannot connect to license server system.  Run 'lic_error LMF-02015' for more information..
ERROR (ELI-00111) Failed to check out license 'Virtuoso_ADE_Assembler'.
*WARNING* feature Analog_Design_Environment_L: Failed to check out license.

ERROR (LMF-02015): License call failed for feature Analog_Design_Environment_XL, version 23.100 and quantity 1. The license server search path is defined as 5280@lic009.workspace.rug.nl. The FLEXnet error message is as follows,     FLEXnet ERROR(-15, 0, 0): Cannot connect to license server system.  Run 'lic_error LMF-02015' for more information..
ERROR (ELI-00111) Failed to check out license 'Analog_Design_Environment_XL'.
ERROR (LMF-03015): License call failed for feature Analog_Design_Environment_GXL, version 23.100 and quantity 2. The license server search path is defined as 5280@lic009.workspace.rug.nl. The FLEXnet error message is as follows,     FLEXnet ERROR(-15, 0, 0): Cannot connect to license server system.  Run 'lic_error LMF-03015' for more information..
ERROR (ELI-00111) Failed to check out license 'Analog_Design_Environment_GXL'.
ERROR (LMF-02015): License call failed for feature Virtuoso_ADE_Assembler, version 23.100 and quantity 1. The license server search path is defined as 5280@lic009.workspace.rug.nl. The FLEXnet error message is as follows,     FLEXnet ERROR(-15, 0, 0): Cannot connect to license server system.  Run 'lic_error LMF-02015' for more information..
ERROR (ELI-00111) Failed to check out license 'Virtuoso_ADE_Assembler'.
*WARNING* feature Analog_Design_Environment_XL: Failed to check out license.

ERROR (LMF-03015): License call failed for feature Analog_Design_Environment_GXL, version 23.100 and quantity 2. The license server search path is defined as 5280@lic009.workspace.rug.nl. The FLEXnet error message is as follows,     FLEXnet ERROR(-15, 0, 0): Cannot connect to license server system.  Run 'lic_error LMF-03015' for more information..
ERROR (ELI-00111) Failed to check out license 'Analog_Design_Environment_GXL'.
*WARNING* feature Analog_Design_Environment_GXL: Failed to check out license.

ERROR (ADE-6015): The  check-out of the Analog Design Environment (ADE) feature ("Analog_Design_Environment_L") failed. For proper check-out:
        [1] Check your license file.
        [2] Ask a current user of the feature to exit ADE.
ERROR (LMF-02015): License call failed for feature Analog_Design_Environment_L, version 23.100 and quantity 1. The license server search path is defined as 5280@lic009.workspace.rug.nl. The FLEXnet error message is as follows,     FLEXnet ERROR(-15, 0, 0): Cannot connect to license server system.  Run 'lic_error LMF-02015' for more information..
ERROR (ELI-00111) Failed to check out license 'Analog_Design_Environment_L'.
ERROR (LMF-02015): License call failed for feature Analog_Design_Environment_XL, version 23.100 and quantity 1. The license server search path is defined as 5280@lic009.workspace.rug.nl. The FLEXnet error message is as follows,     FLEXnet ERROR(-15, 0, 0): Cannot connect to license server system.  Run 'lic_error LMF-02015' for more information..
ERROR (ELI-00111) Failed to check out license 'Analog_Design_Environment_XL'.
ERROR (LMF-03015): License call failed for feature Analog_Design_Environment_GXL, version 23.100 and quantity 2. The license server search path is defined as 5280@lic009.workspace.rug.nl. The FLEXnet error message is as follows,     FLEXnet ERROR(-15, 0, 0): Cannot connect to license server system.  Run 'lic_error LMF-03015' for more information..
ERROR (ELI-00111) Failed to check out license 'Analog_Design_Environment_GXL'.
ERROR (LMF-02015): License call failed for feature Virtuoso_ADE_Explorer, version 23.100 and quantity 1. The license server search path is defined as 5280@lic009.workspace.rug.nl. The FLEXnet error message is as follows,     FLEXnet ERROR(-15, 0, 0): Cannot connect to license server system.  Run 'lic_error LMF-02015' for more information..
ERROR (ELI-00111) Failed to check out license 'Virtuoso_ADE_Explorer'.
ERROR (LMF-02015): License call failed for feature Virtuoso_ADE_Assembler, version 23.100 and quantity 1. The license server search path is defined as 5280@lic009.workspace.rug.nl. The FLEXnet error message is as follows,     FLEXnet ERROR(-15, 0, 0): Cannot connect to license server system.  Run 'lic_error LMF-02015' for more information..
ERROR (ELI-00111) Failed to check out license 'Virtuoso_ADE_Assembler'.
*WARNING* feature Analog_Design_Environment_L: Failed to check out license.

ERROR (LMF-02015): License call failed for feature Analog_Design_Environment_XL, version 23.100 and quantity 1. The license server search path is defined as 5280@lic009.workspace.rug.nl. The FLEXnet error message is as follows,     FLEXnet ERROR(-15, 0, 0): Cannot connect to license server system.  Run 'lic_error LMF-02015' for more information..
ERROR (ELI-00111) Failed to check out license 'Analog_Design_Environment_XL'.
ERROR (LMF-03015): License call failed for feature Analog_Design_Environment_GXL, version 23.100 and quantity 2. The license server search path is defined as 5280@lic009.workspace.rug.nl. The FLEXnet error message is as follows,     FLEXnet ERROR(-15, 0, 0): Cannot connect to license server system.  Run 'lic_error LMF-03015' for more information..
ERROR (ELI-00111) Failed to check out license 'Analog_Design_Environment_GXL'.
ERROR (LMF-02015): License call failed for feature Virtuoso_ADE_Assembler, version 23.100 and quantity 1. The license server search path is defined as 5280@lic009.workspace.rug.nl. The FLEXnet error message is as follows,     FLEXnet ERROR(-15, 0, 0): Cannot connect to license server system.  Run 'lic_error LMF-02015' for more information..
ERROR (ELI-00111) Failed to check out license 'Virtuoso_ADE_Assembler'.
*WARNING* feature Analog_Design_Environment_XL: Failed to check out license.

ERROR (LMF-03015): License call failed for feature Analog_Design_Environment_GXL, version 23.100 and quantity 2. The license server search path is defined as 5280@lic009.workspace.rug.nl. The FLEXnet error message is as follows,     FLEXnet ERROR(-15, 0, 0): Cannot connect to license server system.  Run 'lic_error LMF-03015' for more information..
ERROR (ELI-00111) Failed to check out license 'Analog_Design_Environment_GXL'.
*WARNING* feature Analog_Design_Environment_GXL: Failed to check out license.

ERROR (ADE-6015): The  check-out of the Analog Design Environment (ADE) feature ("Analog_Design_Environment_L") failed. For proper check-out:
        [1] Check your license file.
        [2] Ask a current user of the feature to exit ADE.

