Worker 1 started at Wed Jun  3 19:48:16 CEST 2026
RUN case_id=1 run_name=st1_1001_hz__st2_1_hz__trial_1
DONE case_id=1 run_name=st1_1001_hz__st2_1_hz__trial_1 output_signals=/home/s5117909/Documents/thesis/thesis_codebase/database/20260603_194703_2syn_2tail_plain/cases/st1_1001_hz__st2_1_hz__trial_1/output_signals.txt
RUN case_id=5 run_name=st1_1001_hz__st2_5001_hz__trial_1
Waiting for OCEAN export lock (60s waited, lock age 2s, owner_pid=17195, owner_case=/home/s5117909/Documents/thesis/thesis_codebase/database/20260603_194703_2syn_2tail_plain/cases/st1_1001_hz__st2_3001_hz__trial_1)
Waiting for OCEAN export lock (120s waited, lock age 1s, owner_pid=28365, owner_case=/home/s5117909/Documents/thesis/thesis_codebase/database/20260603_194703_2syn_2tail_plain/cases/st1_1001_hz__st2_6001_hz__trial_1)
Waiting for OCEAN export lock (180s waited, lock age 61s, owner_pid=28365, owner_case=/home/s5117909/Documents/thesis/thesis_codebase/database/20260603_194703_2syn_2tail_plain/cases/st1_1001_hz__st2_6001_hz__trial_1)
Waiting for OCEAN export lock (240s waited, lock age 122s, owner_pid=28365, owner_case=/home/s5117909/Documents/thesis/thesis_codebase/database/20260603_194703_2syn_2tail_plain/cases/st1_1001_hz__st2_6001_hz__trial_1)
Waiting for OCEAN export lock (300s waited, lock age 182s, owner_pid=28365, owner_case=/home/s5117909/Documents/thesis/thesis_codebase/database/20260603_194703_2syn_2tail_plain/cases/st1_1001_hz__st2_6001_hz__trial_1)
Waiting for OCEAN export lock (360s waited, lock age 43s, owner_pid=1313, owner_case=/home/s5117909/Documents/thesis/thesis_codebase/database/20260603_194703_2syn_2tail_plain/cases/st1_1001_hz__st2_7001_hz__trial_1)
Waiting for OCEAN export lock (420s waited, lock age 103s, owner_pid=1313, owner_case=/home/s5117909/Documents/thesis/thesis_codebase/database/20260603_194703_2syn_2tail_plain/cases/st1_1001_hz__st2_7001_hz__trial_1)
Waiting for OCEAN export lock (480s waited, lock age 164s, owner_pid=1313, owner_case=/home/s5117909/Documents/thesis/thesis_codebase/database/20260603_194703_2syn_2tail_plain/cases/st1_1001_hz__st2_7001_hz__trial_1)
Waiting for OCEAN export lock (540s waited, lock age 224s, owner_pid=1313, owner_case=/home/s5117909/Documents/thesis/thesis_codebase/database/20260603_194703_2syn_2tail_plain/cases/st1_1001_hz__st2_7001_hz__trial_1)
DONE case_id=5 run_name=st1_1001_hz__st2_5001_hz__trial_1 output_signals=/home/s5117909/Documents/thesis/thesis_codebase/database/20260603_194703_2syn_2tail_plain/cases/st1_1001_hz__st2_5001_hz__trial_1/output_signals.txt
RUN case_id=9 run_name=st1_1_hz__st2_1001_hz__trial_1
Waiting for OCEAN export lock (60s waited, lock age 20s, owner_pid=24759, owner_case=/home/s5117909/Documents/thesis/thesis_codebase/database/20260603_194703_2syn_2tail_plain/cases/st1_1001_hz__st2_4001_hz__trial_1)
Waiting for OCEAN export lock (120s waited, lock age 80s, owner_pid=24759, owner_case=/home/s5117909/Documents/thesis/thesis_codebase/database/20260603_194703_2syn_2tail_plain/cases/st1_1001_hz__st2_4001_hz__trial_1)
Waiting for OCEAN export lock (180s waited, lock age 40s, owner_pid=12796, owner_case=/home/s5117909/Documents/thesis/thesis_codebase/database/20260603_194703_2syn_2tail_plain/cases/st1_1_hz__st2_6001_hz__trial_1)
Waiting for OCEAN export lock (240s waited, lock age 100s, owner_pid=12796, owner_case=/home/s5117909/Documents/thesis/thesis_codebase/database/20260603_194703_2syn_2tail_plain/cases/st1_1_hz__st2_6001_hz__trial_1)
DONE case_id=9 run_name=st1_1_hz__st2_1001_hz__trial_1 output_signals=/home/s5117909/Documents/thesis/thesis_codebase/database/20260603_194703_2syn_2tail_plain/cases/st1_1_hz__st2_1001_hz__trial_1/output_signals.txt
RUN case_id=13 run_name=st1_1_hz__st2_4001_hz__trial_1
DONE case_id=13 run_name=st1_1_hz__st2_4001_hz__trial_1 output_signals=/home/s5117909/Documents/thesis/thesis_codebase/database/20260603_194703_2syn_2tail_plain/cases/st1_1_hz__st2_4001_hz__trial_1/output_signals.txt
RUN case_id=17 run_name=st1_1_hz__st2_8001_hz__trial_1
Waiting for OCEAN export lock (60s waited, lock age 66s, owner_pid=24516, owner_case=/home/s5117909/Documents/thesis/thesis_codebase/database/20260603_194703_2syn_2tail_plain/cases/st1_1001_hz__st2_8001_hz__trial_1)
Waiting for OCEAN export lock (120s waited, lock age 127s, owner_pid=24516, owner_case=/home/s5117909/Documents/thesis/thesis_codebase/database/20260603_194703_2syn_2tail_plain/cases/st1_1001_hz__st2_8001_hz__trial_1)
Waiting for OCEAN export lock (180s waited, lock age 188s, owner_pid=24516, owner_case=/home/s5117909/Documents/thesis/thesis_codebase/database/20260603_194703_2syn_2tail_plain/cases/st1_1001_hz__st2_8001_hz__trial_1)
Waiting for OCEAN export lock (240s waited, lock age 248s, owner_pid=24516, owner_case=/home/s5117909/Documents/thesis/thesis_codebase/database/20260603_194703_2syn_2tail_plain/cases/st1_1001_hz__st2_8001_hz__trial_1)
Waiting for OCEAN export lock (300s waited, lock age 309s, owner_pid=24516, owner_case=/home/s5117909/Documents/thesis/thesis_codebase/database/20260603_194703_2syn_2tail_plain/cases/st1_1001_hz__st2_8001_hz__trial_1)
Waiting for OCEAN export lock (360s waited, lock age 50s, owner_pid=15926, owner_case=/home/s5117909/Documents/thesis/thesis_codebase/database/20260603_194703_2syn_2tail_plain/cases/st1_1_hz__st2_5001_hz__trial_1)
Waiting for OCEAN export lock (420s waited, lock age 10s, owner_pid=1766, owner_case=/home/s5117909/Documents/thesis/thesis_codebase/database/20260603_194703_2syn_2tail_plain/cases/st1_1_hz__st2_3001_hz__trial_1)
Waiting for OCEAN export lock (480s waited, lock age 31s, owner_pid=9623, owner_case=/home/s5117909/Documents/thesis/thesis_codebase/database/20260603_194703_2syn_2tail_plain/cases/st1_2001_hz__st2_1001_hz__trial_1)
DONE case_id=17 run_name=st1_1_hz__st2_8001_hz__trial_1 output_signals=/home/s5117909/Documents/thesis/thesis_codebase/database/20260603_194703_2syn_2tail_plain/cases/st1_1_hz__st2_8001_hz__trial_1/output_signals.txt
RUN case_id=21 run_name=st1_2001_hz__st2_3001_hz__trial_1
Waiting for OCEAN export lock (60s waited, lock age 66s, owner_pid=15860, owner_case=/home/s5117909/Documents/thesis/thesis_codebase/database/20260603_194703_2syn_2tail_plain/cases/st1_2001_hz__st2_4001_hz__trial_1)
Waiting for OCEAN export lock (120s waited, lock age 126s, owner_pid=15860, owner_case=/home/s5117909/Documents/thesis/thesis_codebase/database/20260603_194703_2syn_2tail_plain/cases/st1_2001_hz__st2_4001_hz__trial_1)
DONE case_id=21 run_name=st1_2001_hz__st2_3001_hz__trial_1 output_signals=/home/s5117909/Documents/thesis/thesis_codebase/database/20260603_194703_2syn_2tail_plain/cases/st1_2001_hz__st2_3001_hz__trial_1/output_signals.txt
RUN case_id=25 run_name=st1_2001_hz__st2_7001_hz__trial_1
Waiting for OCEAN export lock (60s waited, lock age 76s, owner_pid=12552, owner_case=/home/s5117909/Documents/thesis/thesis_codebase/database/20260603_194703_2syn_2tail_plain/cases/st1_2001_hz__st2_8001_hz__trial_1)
Waiting for OCEAN export lock (120s waited, lock age 136s, owner_pid=12552, owner_case=/home/s5117909/Documents/thesis/thesis_codebase/database/20260603_194703_2syn_2tail_plain/cases/st1_2001_hz__st2_8001_hz__trial_1)
Waiting for OCEAN export lock (180s waited, lock age 197s, owner_pid=12552, owner_case=/home/s5117909/Documents/thesis/thesis_codebase/database/20260603_194703_2syn_2tail_plain/cases/st1_2001_hz__st2_8001_hz__trial_1)
Waiting for OCEAN export lock (240s waited, lock age 258s, owner_pid=12552, owner_case=/home/s5117909/Documents/thesis/thesis_codebase/database/20260603_194703_2syn_2tail_plain/cases/st1_2001_hz__st2_8001_hz__trial_1)
Waiting for OCEAN export lock (300s waited, lock age 318s, owner_pid=12552, owner_case=/home/s5117909/Documents/thesis/thesis_codebase/database/20260603_194703_2syn_2tail_plain/cases/st1_2001_hz__st2_8001_hz__trial_1)
Waiting for OCEAN export lock (360s waited, lock age 379s, owner_pid=12552, owner_case=/home/s5117909/Documents/thesis/thesis_codebase/database/20260603_194703_2syn_2tail_plain/cases/st1_2001_hz__st2_8001_hz__trial_1)
DONE case_id=25 run_name=st1_2001_hz__st2_7001_hz__trial_1 output_signals=/home/s5117909/Documents/thesis/thesis_codebase/database/20260603_194703_2syn_2tail_plain/cases/st1_2001_hz__st2_7001_hz__trial_1/output_signals.txt
RUN case_id=29 run_name=st1_3001_hz__st2_2001_hz__trial_1
Waiting for OCEAN export lock (60s waited, lock age 64s, owner_pid=9484, owner_case=/home/s5117909/Documents/thesis/thesis_codebase/database/20260603_194703_2syn_2tail_plain/cases/st1_3001_hz__st2_3001_hz__trial_1)
Waiting for OCEAN export lock (120s waited, lock age 125s, owner_pid=9484, owner_case=/home/s5117909/Documents/thesis/thesis_codebase/database/20260603_194703_2syn_2tail_plain/cases/st1_3001_hz__st2_3001_hz__trial_1)
Waiting for OCEAN export lock (180s waited, lock age 50s, owner_pid=13529, owner_case=/home/s5117909/Documents/thesis/thesis_codebase/database/20260603_194703_2syn_2tail_plain/cases/st1_1_hz__st2_7001_hz__trial_1)
Waiting for OCEAN export lock (240s waited, lock age 111s, owner_pid=13529, owner_case=/home/s5117909/Documents/thesis/thesis_codebase/database/20260603_194703_2syn_2tail_plain/cases/st1_1_hz__st2_7001_hz__trial_1)
Waiting for OCEAN export lock (300s waited, lock age 173s, owner_pid=13529, owner_case=/home/s5117909/Documents/thesis/thesis_codebase/database/20260603_194703_2syn_2tail_plain/cases/st1_1_hz__st2_7001_hz__trial_1)
DONE case_id=29 run_name=st1_3001_hz__st2_2001_hz__trial_1 output_signals=/home/s5117909/Documents/thesis/thesis_codebase/database/20260603_194703_2syn_2tail_plain/cases/st1_3001_hz__st2_2001_hz__trial_1/output_signals.txt
RUN case_id=33 run_name=st1_3001_hz__st2_6001_hz__trial_1
Waiting for OCEAN export lock (60s waited, lock age 8s, owner_pid=2700, owner_case=/home/s5117909/Documents/thesis/thesis_codebase/database/20260603_194703_2syn_2tail_plain/cases/st1_3001_hz__st2_7001_hz__trial_1)
Waiting for OCEAN export lock (120s waited, lock age 68s, owner_pid=2700, owner_case=/home/s5117909/Documents/thesis/thesis_codebase/database/20260603_194703_2syn_2tail_plain/cases/st1_3001_hz__st2_7001_hz__trial_1)
Waiting for OCEAN export lock (180s waited, lock age 129s, owner_pid=2700, owner_case=/home/s5117909/Documents/thesis/thesis_codebase/database/20260603_194703_2syn_2tail_plain/cases/st1_3001_hz__st2_7001_hz__trial_1)
Waiting for OCEAN export lock (240s waited, lock age 190s, owner_pid=2700, owner_case=/home/s5117909/Documents/thesis/thesis_codebase/database/20260603_194703_2syn_2tail_plain/cases/st1_3001_hz__st2_7001_hz__trial_1)
Waiting for OCEAN export lock (300s waited, lock age 250s, owner_pid=2700, owner_case=/home/s5117909/Documents/thesis/thesis_codebase/database/20260603_194703_2syn_2tail_plain/cases/st1_3001_hz__st2_7001_hz__trial_1)
Waiting for OCEAN export lock (360s waited, lock age 311s, owner_pid=2700, owner_case=/home/s5117909/Documents/thesis/thesis_codebase/database/20260603_194703_2syn_2tail_plain/cases/st1_3001_hz__st2_7001_hz__trial_1)
Waiting for OCEAN export lock (420s waited, lock age 371s, owner_pid=2700, owner_case=/home/s5117909/Documents/thesis/thesis_codebase/database/20260603_194703_2syn_2tail_plain/cases/st1_3001_hz__st2_7001_hz__trial_1)
Waiting for OCEAN export lock (480s waited, lock age 38s, owner_pid=6714, owner_case=/home/s5117909/Documents/thesis/thesis_codebase/database/20260603_194703_2syn_2tail_plain/cases/st1_2001_hz__st2_5001_hz__trial_1)
Waiting for OCEAN export lock (540s waited, lock age 98s, owner_pid=6714, owner_case=/home/s5117909/Documents/thesis/thesis_codebase/database/20260603_194703_2syn_2tail_plain/cases/st1_2001_hz__st2_5001_hz__trial_1)
Waiting for OCEAN export lock (600s waited, lock age 159s, owner_pid=6714, owner_case=/home/s5117909/Documents/thesis/thesis_codebase/database/20260603_194703_2syn_2tail_plain/cases/st1_2001_hz__st2_5001_hz__trial_1)
DONE case_id=33 run_name=st1_3001_hz__st2_6001_hz__trial_1 output_signals=/home/s5117909/Documents/thesis/thesis_codebase/database/20260603_194703_2syn_2tail_plain/cases/st1_3001_hz__st2_6001_hz__trial_1/output_signals.txt
RUN case_id=37 run_name=st1_4001_hz__st2_1_hz__trial_1
Waiting for OCEAN export lock (60s waited, lock age 63s, owner_pid=24710, owner_case=/home/s5117909/Documents/thesis/thesis_codebase/database/20260603_194703_2syn_2tail_plain/cases/st1_2001_hz__st2_6001_hz__trial_1)
Waiting for OCEAN export lock (120s waited, lock age 124s, owner_pid=24710, owner_case=/home/s5117909/Documents/thesis/thesis_codebase/database/20260603_194703_2syn_2tail_plain/cases/st1_2001_hz__st2_6001_hz__trial_1)
Waiting for OCEAN export lock (180s waited, lock age 184s, owner_pid=24710, owner_case=/home/s5117909/Documents/thesis/thesis_codebase/database/20260603_194703_2syn_2tail_plain/cases/st1_2001_hz__st2_6001_hz__trial_1)
Waiting for OCEAN export lock (240s waited, lock age 0s, owner_pid=unknown, owner_case=unknown)
DONE case_id=37 run_name=st1_4001_hz__st2_1_hz__trial_1 output_signals=/home/s5117909/Documents/thesis/thesis_codebase/database/20260603_194703_2syn_2tail_plain/cases/st1_4001_hz__st2_1_hz__trial_1/output_signals.txt
RUN case_id=41 run_name=st1_4001_hz__st2_5001_hz__trial_1
Waiting for OCEAN export lock (60s waited, lock age 72s, owner_pid=12303, owner_case=/home/s5117909/Documents/thesis/thesis_codebase/database/20260603_194703_2syn_2tail_plain/cases/st1_4001_hz__st2_2001_hz__trial_1)
Waiting for OCEAN export lock (120s waited, lock age 0s, owner_pid=24005, owner_case=/home/s5117909/Documents/thesis/thesis_codebase/database/20260603_194703_2syn_2tail_plain/cases/st1_3001_hz__st2_1001_hz__trial_1)
Waiting for OCEAN export lock (180s waited, lock age 60s, owner_pid=24005, owner_case=/home/s5117909/Documents/thesis/thesis_codebase/database/20260603_194703_2syn_2tail_plain/cases/st1_3001_hz__st2_1001_hz__trial_1)
Waiting for OCEAN export lock (240s waited, lock age 59s, owner_pid=1714, owner_case=/home/s5117909/Documents/thesis/thesis_codebase/database/20260603_194703_2syn_2tail_plain/cases/st1_4001_hz__st2_6001_hz__trial_1)
Waiting for OCEAN export lock (300s waited, lock age 119s, owner_pid=1714, owner_case=/home/s5117909/Documents/thesis/thesis_codebase/database/20260603_194703_2syn_2tail_plain/cases/st1_4001_hz__st2_6001_hz__trial_1)
Waiting for OCEAN export lock (360s waited, lock age 180s, owner_pid=1714, owner_case=/home/s5117909/Documents/thesis/thesis_codebase/database/20260603_194703_2syn_2tail_plain/cases/st1_4001_hz__st2_6001_hz__trial_1)
Waiting for OCEAN export lock (420s waited, lock age 240s, owner_pid=1714, owner_case=/home/s5117909/Documents/thesis/thesis_codebase/database/20260603_194703_2syn_2tail_plain/cases/st1_4001_hz__st2_6001_hz__trial_1)
Waiting for OCEAN export lock (480s waited, lock age 301s, owner_pid=1714, owner_case=/home/s5117909/Documents/thesis/thesis_codebase/database/20260603_194703_2syn_2tail_plain/cases/st1_4001_hz__st2_6001_hz__trial_1)
Waiting for OCEAN export lock (540s waited, lock age 361s, owner_pid=1714, owner_case=/home/s5117909/Documents/thesis/thesis_codebase/database/20260603_194703_2syn_2tail_plain/cases/st1_4001_hz__st2_6001_hz__trial_1)
Waiting for OCEAN export lock (600s waited, lock age 32s, owner_pid=5584, owner_case=/home/s5117909/Documents/thesis/thesis_codebase/database/20260603_194703_2syn_2tail_plain/cases/st1_3001_hz__st2_4001_hz__trial_1)
Waiting for OCEAN export lock (660s waited, lock age 92s, owner_pid=5584, owner_case=/home/s5117909/Documents/thesis/thesis_codebase/database/20260603_194703_2syn_2tail_plain/cases/st1_3001_hz__st2_4001_hz__trial_1)
Waiting for OCEAN export lock (720s waited, lock age 153s, owner_pid=5584, owner_case=/home/s5117909/Documents/thesis/thesis_codebase/database/20260603_194703_2syn_2tail_plain/cases/st1_3001_hz__st2_4001_hz__trial_1)
Waiting for OCEAN export lock (780s waited, lock age 21s, owner_pid=22413, owner_case=/home/s5117909/Documents/thesis/thesis_codebase/database/20260603_194703_2syn_2tail_plain/cases/st1_3001_hz__st2_1_hz__trial_1)
DONE case_id=41 run_name=st1_4001_hz__st2_5001_hz__trial_1 output_signals=/home/s5117909/Documents/thesis/thesis_codebase/database/20260603_194703_2syn_2tail_plain/cases/st1_4001_hz__st2_5001_hz__trial_1/output_signals.txt
RUN case_id=45 run_name=st1_5001_hz__st2_1001_hz__trial_1
Waiting for OCEAN export lock (60s waited, lock age 71s, owner_pid=10882, owner_case=/home/s5117909/Documents/thesis/thesis_codebase/database/20260603_194703_2syn_2tail_plain/cases/st1_3001_hz__st2_8001_hz__trial_1)
Waiting for OCEAN export lock (120s waited, lock age 132s, owner_pid=10882, owner_case=/home/s5117909/Documents/thesis/thesis_codebase/database/20260603_194703_2syn_2tail_plain/cases/st1_3001_hz__st2_8001_hz__trial_1)
Waiting for OCEAN export lock (180s waited, lock age 192s, owner_pid=10882, owner_case=/home/s5117909/Documents/thesis/thesis_codebase/database/20260603_194703_2syn_2tail_plain/cases/st1_3001_hz__st2_8001_hz__trial_1)
Waiting for OCEAN export lock (240s waited, lock age 253s, owner_pid=10882, owner_case=/home/s5117909/Documents/thesis/thesis_codebase/database/20260603_194703_2syn_2tail_plain/cases/st1_3001_hz__st2_8001_hz__trial_1)
Waiting for OCEAN export lock (300s waited, lock age 313s, owner_pid=10882, owner_case=/home/s5117909/Documents/thesis/thesis_codebase/database/20260603_194703_2syn_2tail_plain/cases/st1_3001_hz__st2_8001_hz__trial_1)
Waiting for OCEAN export lock (360s waited, lock age 373s, owner_pid=10882, owner_case=/home/s5117909/Documents/thesis/thesis_codebase/database/20260603_194703_2syn_2tail_plain/cases/st1_3001_hz__st2_8001_hz__trial_1)
Waiting for OCEAN export lock (420s waited, lock age 434s, owner_pid=10882, owner_case=/home/s5117909/Documents/thesis/thesis_codebase/database/20260603_194703_2syn_2tail_plain/cases/st1_3001_hz__st2_8001_hz__trial_1)
DONE case_id=45 run_name=st1_5001_hz__st2_1001_hz__trial_1 output_signals=/home/s5117909/Documents/thesis/thesis_codebase/database/20260603_194703_2syn_2tail_plain/cases/st1_5001_hz__st2_1001_hz__trial_1/output_signals.txt
RUN case_id=49 run_name=st1_5001_hz__st2_4001_hz__trial_1
Waiting for OCEAN export lock (60s waited, lock age 74s, owner_pid=1100, owner_case=/home/s5117909/Documents/thesis/thesis_codebase/database/20260603_194703_2syn_2tail_plain/cases/st1_4001_hz__st2_3001_hz__trial_1)
Waiting for OCEAN export lock (120s waited, lock age 135s, owner_pid=1100, owner_case=/home/s5117909/Documents/thesis/thesis_codebase/database/20260603_194703_2syn_2tail_plain/cases/st1_4001_hz__st2_3001_hz__trial_1)
Waiting for OCEAN export lock (180s waited, lock age 195s, owner_pid=1100, owner_case=/home/s5117909/Documents/thesis/thesis_codebase/database/20260603_194703_2syn_2tail_plain/cases/st1_4001_hz__st2_3001_hz__trial_1)
DONE case_id=49 run_name=st1_5001_hz__st2_4001_hz__trial_1 output_signals=/home/s5117909/Documents/thesis/thesis_codebase/database/20260603_194703_2syn_2tail_plain/cases/st1_5001_hz__st2_4001_hz__trial_1/output_signals.txt
RUN case_id=53 run_name=st1_5001_hz__st2_8001_hz__trial_1
Waiting for OCEAN export lock (60s waited, lock age 80s, owner_pid=25139, owner_case=/home/s5117909/Documents/thesis/thesis_codebase/database/20260603_194703_2syn_2tail_plain/cases/st1_4001_hz__st2_7001_hz__trial_1)
Waiting for OCEAN export lock (120s waited, lock age 141s, owner_pid=25139, owner_case=/home/s5117909/Documents/thesis/thesis_codebase/database/20260603_194703_2syn_2tail_plain/cases/st1_4001_hz__st2_7001_hz__trial_1)
Waiting for OCEAN export lock (180s waited, lock age 201s, owner_pid=25139, owner_case=/home/s5117909/Documents/thesis/thesis_codebase/database/20260603_194703_2syn_2tail_plain/cases/st1_4001_hz__st2_7001_hz__trial_1)
Waiting for OCEAN export lock (240s waited, lock age 262s, owner_pid=25139, owner_case=/home/s5117909/Documents/thesis/thesis_codebase/database/20260603_194703_2syn_2tail_plain/cases/st1_4001_hz__st2_7001_hz__trial_1)
Waiting for OCEAN export lock (300s waited, lock age 322s, owner_pid=25139, owner_case=/home/s5117909/Documents/thesis/thesis_codebase/database/20260603_194703_2syn_2tail_plain/cases/st1_4001_hz__st2_7001_hz__trial_1)
Waiting for OCEAN export lock (360s waited, lock age 383s, owner_pid=25139, owner_case=/home/s5117909/Documents/thesis/thesis_codebase/database/20260603_194703_2syn_2tail_plain/cases/st1_4001_hz__st2_7001_hz__trial_1)
Waiting for OCEAN export lock (420s waited, lock age 444s, owner_pid=25139, owner_case=/home/s5117909/Documents/thesis/thesis_codebase/database/20260603_194703_2syn_2tail_plain/cases/st1_4001_hz__st2_7001_hz__trial_1)
Waiting for OCEAN export lock (480s waited, lock age 48s, owner_pid=30668, owner_case=/home/s5117909/Documents/thesis/thesis_codebase/database/20260603_194703_2syn_2tail_plain/cases/st1_5001_hz__st2_1_hz__trial_1)
Waiting for OCEAN export lock (540s waited, lock age 8s, owner_pid=10303, owner_case=/home/s5117909/Documents/thesis/thesis_codebase/database/20260603_194703_2syn_2tail_plain/cases/st1_5001_hz__st2_2001_hz__trial_1)
Waiting for OCEAN export lock (600s waited, lock age 69s, owner_pid=10303, owner_case=/home/s5117909/Documents/thesis/thesis_codebase/database/20260603_194703_2syn_2tail_plain/cases/st1_5001_hz__st2_2001_hz__trial_1)
Waiting for OCEAN export lock (660s waited, lock age 130s, owner_pid=10303, owner_case=/home/s5117909/Documents/thesis/thesis_codebase/database/20260603_194703_2syn_2tail_plain/cases/st1_5001_hz__st2_2001_hz__trial_1)
Waiting for OCEAN export lock (720s waited, lock age 190s, owner_pid=10303, owner_case=/home/s5117909/Documents/thesis/thesis_codebase/database/20260603_194703_2syn_2tail_plain/cases/st1_5001_hz__st2_2001_hz__trial_1)
/home/s5117909/Documents/thesis/thesis_codebase/database/20260603_194703_2syn_2tail_plain/run_export_case.sh: line 106: 28300 Killed                  timeout --preserve-status --kill-after=30s "${timeout_seconds}s" "$cmd" -nograph -restore "$restore_arg" >> "$log_file" 2>&1
Retryable OCEAN export timeout/kill status=137.
Retryable OCEAN export failure; sleeping 20s before retry.
Waiting for OCEAN export lock (60s waited, lock age 79s, owner_pid=14185, owner_case=/home/s5117909/Documents/thesis/thesis_codebase/database/20260603_194703_2syn_2tail_plain/cases/st1_3001_hz__st2_5001_hz__trial_1)
Waiting for OCEAN export lock (120s waited, lock age 139s, owner_pid=14185, owner_case=/home/s5117909/Documents/thesis/thesis_codebase/database/20260603_194703_2syn_2tail_plain/cases/st1_3001_hz__st2_5001_hz__trial_1)
Waiting for OCEAN export lock (180s waited, lock age 200s, owner_pid=14185, owner_case=/home/s5117909/Documents/thesis/thesis_codebase/database/20260603_194703_2syn_2tail_plain/cases/st1_3001_hz__st2_5001_hz__trial_1)
Waiting for OCEAN export lock (240s waited, lock age 4s, owner_pid=29449, owner_case=/home/s5117909/Documents/thesis/thesis_codebase/database/20260603_194703_2syn_2tail_plain/cases/st1_5001_hz__st2_6001_hz__trial_1)
Waiting for OCEAN export lock (300s waited, lock age 65s, owner_pid=29449, owner_case=/home/s5117909/Documents/thesis/thesis_codebase/database/20260603_194703_2syn_2tail_plain/cases/st1_5001_hz__st2_6001_hz__trial_1)
Waiting for OCEAN export lock (360s waited, lock age 128s, owner_pid=29449, owner_case=/home/s5117909/Documents/thesis/thesis_codebase/database/20260603_194703_2syn_2tail_plain/cases/st1_5001_hz__st2_6001_hz__trial_1)
Waiting for OCEAN export lock (420s waited, lock age 188s, owner_pid=29449, owner_case=/home/s5117909/Documents/thesis/thesis_codebase/database/20260603_194703_2syn_2tail_plain/cases/st1_5001_hz__st2_6001_hz__trial_1)
Waiting for OCEAN export lock (480s waited, lock age 249s, owner_pid=29449, owner_case=/home/s5117909/Documents/thesis/thesis_codebase/database/20260603_194703_2syn_2tail_plain/cases/st1_5001_hz__st2_6001_hz__trial_1)
Waiting for OCEAN export lock (540s waited, lock age 309s, owner_pid=29449, owner_case=/home/s5117909/Documents/thesis/thesis_codebase/database/20260603_194703_2syn_2tail_plain/cases/st1_5001_hz__st2_6001_hz__trial_1)
Waiting for OCEAN export lock (600s waited, lock age 370s, owner_pid=29449, owner_case=/home/s5117909/Documents/thesis/thesis_codebase/database/20260603_194703_2syn_2tail_plain/cases/st1_5001_hz__st2_6001_hz__trial_1)
Waiting for OCEAN export lock (660s waited, lock age 430s, owner_pid=29449, owner_case=/home/s5117909/Documents/thesis/thesis_codebase/database/20260603_194703_2syn_2tail_plain/cases/st1_5001_hz__st2_6001_hz__trial_1)
/home/s5117909/Documents/thesis/thesis_codebase/database/20260603_194703_2syn_2tail_plain/run_export_case.sh: line 106:  9905 Killed                  timeout --preserve-status --kill-after=30s "${timeout_seconds}s" "$cmd" -nograph -restore "$restore_arg" >> "$log_file" 2>&1
Retryable OCEAN export timeout/kill status=137.
Retryable OCEAN export failure; sleeping 40s before retry.
Waiting for OCEAN export lock (60s waited, lock age 98s, owner_pid=18754, owner_case=/home/s5117909/Documents/thesis/thesis_codebase/database/20260603_194703_2syn_2tail_plain/cases/st1_5001_hz__st2_5001_hz__trial_1)
Waiting for OCEAN export lock (120s waited, lock age 159s, owner_pid=18754, owner_case=/home/s5117909/Documents/thesis/thesis_codebase/database/20260603_194703_2syn_2tail_plain/cases/st1_5001_hz__st2_5001_hz__trial_1)
Waiting for OCEAN export lock (180s waited, lock age 219s, owner_pid=18754, owner_case=/home/s5117909/Documents/thesis/thesis_codebase/database/20260603_194703_2syn_2tail_plain/cases/st1_5001_hz__st2_5001_hz__trial_1)
Waiting for OCEAN export lock (240s waited, lock age 281s, owner_pid=18754, owner_case=/home/s5117909/Documents/thesis/thesis_codebase/database/20260603_194703_2syn_2tail_plain/cases/st1_5001_hz__st2_5001_hz__trial_1)
Waiting for OCEAN export lock (300s waited, lock age 342s, owner_pid=18754, owner_case=/home/s5117909/Documents/thesis/thesis_codebase/database/20260603_194703_2syn_2tail_plain/cases/st1_5001_hz__st2_5001_hz__trial_1)
Waiting for OCEAN export lock (360s waited, lock age 0s, owner_pid=10298, owner_case=unknown)
Waiting for OCEAN export lock (420s waited, lock age 61s, owner_pid=10298, owner_case=/home/s5117909/Documents/thesis/thesis_codebase/database/20260603_194703_2syn_2tail_plain/cases/st1_6001_hz__st2_1_hz__trial_1)
Waiting for OCEAN export lock (480s waited, lock age 122s, owner_pid=10298, owner_case=/home/s5117909/Documents/thesis/thesis_codebase/database/20260603_194703_2syn_2tail_plain/cases/st1_6001_hz__st2_1_hz__trial_1)
Waiting for OCEAN export lock (540s waited, lock age 34s, owner_pid=14386, owner_case=/home/s5117909/Documents/thesis/thesis_codebase/database/20260603_194703_2syn_2tail_plain/cases/st1_4001_hz__st2_1001_hz__trial_1)
Waiting for OCEAN export lock (600s waited, lock age 95s, owner_pid=14386, owner_case=/home/s5117909/Documents/thesis/thesis_codebase/database/20260603_194703_2syn_2tail_plain/cases/st1_4001_hz__st2_1001_hz__trial_1)
Waiting for OCEAN export lock (660s waited, lock age 53s, owner_pid=19892, owner_case=/home/s5117909/Documents/thesis/thesis_codebase/database/20260603_194703_2syn_2tail_plain/cases/st1_6001_hz__st2_5001_hz__trial_1)
Waiting for OCEAN export lock (720s waited, lock age 114s, owner_pid=19892, owner_case=/home/s5117909/Documents/thesis/thesis_codebase/database/20260603_194703_2syn_2tail_plain/cases/st1_6001_hz__st2_5001_hz__trial_1)
Waiting for OCEAN export lock (780s waited, lock age 174s, owner_pid=19892, owner_case=/home/s5117909/Documents/thesis/thesis_codebase/database/20260603_194703_2syn_2tail_plain/cases/st1_6001_hz__st2_5001_hz__trial_1)
Waiting for OCEAN export lock (840s waited, lock age 235s, owner_pid=19892, owner_case=/home/s5117909/Documents/thesis/thesis_codebase/database/20260603_194703_2syn_2tail_plain/cases/st1_6001_hz__st2_5001_hz__trial_1)
Waiting for OCEAN export lock (900s waited, lock age 295s, owner_pid=19892, owner_case=/home/s5117909/Documents/thesis/thesis_codebase/database/20260603_194703_2syn_2tail_plain/cases/st1_6001_hz__st2_5001_hz__trial_1)
Waiting for OCEAN export lock (960s waited, lock age 356s, owner_pid=19892, owner_case=/home/s5117909/Documents/thesis/thesis_codebase/database/20260603_194703_2syn_2tail_plain/cases/st1_6001_hz__st2_5001_hz__trial_1)
Waiting for OCEAN export lock (1020s waited, lock age 417s, owner_pid=19892, owner_case=/home/s5117909/Documents/thesis/thesis_codebase/database/20260603_194703_2syn_2tail_plain/cases/st1_6001_hz__st2_5001_hz__trial_1)
Waiting for OCEAN export lock (1080s waited, lock age 0s, owner_pid=26628, owner_case=unknown)
Waiting for OCEAN export lock (1140s waited, lock age 61s, owner_pid=26628, owner_case=/home/s5117909/Documents/thesis/thesis_codebase/database/20260603_194703_2syn_2tail_plain/cases/st1_4001_hz__st2_4001_hz__trial_1)
Waiting for OCEAN export lock (1200s waited, lock age 121s, owner_pid=26628, owner_case=/home/s5117909/Documents/thesis/thesis_codebase/database/20260603_194703_2syn_2tail_plain/cases/st1_4001_hz__st2_4001_hz__trial_1)
Waiting for OCEAN export lock (1260s waited, lock age 182s, owner_pid=26628, owner_case=/home/s5117909/Documents/thesis/thesis_codebase/database/20260603_194703_2syn_2tail_plain/cases/st1_4001_hz__st2_4001_hz__trial_1)
Waiting for OCEAN export lock (1320s waited, lock age 242s, owner_pid=26628, owner_case=/home/s5117909/Documents/thesis/thesis_codebase/database/20260603_194703_2syn_2tail_plain/cases/st1_4001_hz__st2_4001_hz__trial_1)
Waiting for OCEAN export lock (1380s waited, lock age 42s, owner_pid=24275, owner_case=/home/s5117909/Documents/thesis/thesis_codebase/database/20260603_194703_2syn_2tail_plain/cases/st1_7001_hz__st2_1001_hz__trial_1)
Waiting for OCEAN export lock (1440s waited, lock age 102s, owner_pid=24275, owner_case=/home/s5117909/Documents/thesis/thesis_codebase/database/20260603_194703_2syn_2tail_plain/cases/st1_7001_hz__st2_1001_hz__trial_1)
Waiting for OCEAN export lock (1500s waited, lock age 163s, owner_pid=24275, owner_case=/home/s5117909/Documents/thesis/thesis_codebase/database/20260603_194703_2syn_2tail_plain/cases/st1_7001_hz__st2_1001_hz__trial_1)
Waiting for OCEAN export lock (1560s waited, lock age 223s, owner_pid=24275, owner_case=/home/s5117909/Documents/thesis/thesis_codebase/database/20260603_194703_2syn_2tail_plain/cases/st1_7001_hz__st2_1001_hz__trial_1)
Waiting for OCEAN export lock (1620s waited, lock age 24s, owner_pid=10898, owner_case=/home/s5117909/Documents/thesis/thesis_codebase/database/20260603_194703_2syn_2tail_plain/cases/st1_6001_hz__st2_1001_hz__trial_1)
Waiting for OCEAN export lock (1680s waited, lock age 85s, owner_pid=10898, owner_case=/home/s5117909/Documents/thesis/thesis_codebase/database/20260603_194703_2syn_2tail_plain/cases/st1_6001_hz__st2_1001_hz__trial_1)
Waiting for OCEAN export lock (1740s waited, lock age 145s, owner_pid=10898, owner_case=/home/s5117909/Documents/thesis/thesis_codebase/database/20260603_194703_2syn_2tail_plain/cases/st1_6001_hz__st2_1001_hz__trial_1)
Waiting for OCEAN export lock (1800s waited, lock age 4s, owner_pid=19624, owner_case=/home/s5117909/Documents/thesis/thesis_codebase/database/20260603_194703_2syn_2tail_plain/cases/st1_7001_hz__st2_4001_hz__trial_1)
Waiting for OCEAN export lock (1860s waited, lock age 64s, owner_pid=19624, owner_case=/home/s5117909/Documents/thesis/thesis_codebase/database/20260603_194703_2syn_2tail_plain/cases/st1_7001_hz__st2_4001_hz__trial_1)
Waiting for OCEAN export lock (1920s waited, lock age 125s, owner_pid=19624, owner_case=/home/s5117909/Documents/thesis/thesis_codebase/database/20260603_194703_2syn_2tail_plain/cases/st1_7001_hz__st2_4001_hz__trial_1)
Waiting for OCEAN export lock (1980s waited, lock age 186s, owner_pid=19624, owner_case=/home/s5117909/Documents/thesis/thesis_codebase/database/20260603_194703_2syn_2tail_plain/cases/st1_7001_hz__st2_4001_hz__trial_1)
Waiting for OCEAN export lock (2040s waited, lock age 246s, owner_pid=19624, owner_case=/home/s5117909/Documents/thesis/thesis_codebase/database/20260603_194703_2syn_2tail_plain/cases/st1_7001_hz__st2_4001_hz__trial_1)
Waiting for OCEAN export lock (2100s waited, lock age 307s, owner_pid=19624, owner_case=/home/s5117909/Documents/thesis/thesis_codebase/database/20260603_194703_2syn_2tail_plain/cases/st1_7001_hz__st2_4001_hz__trial_1)
Waiting for OCEAN export lock (2160s waited, lock age 367s, owner_pid=19624, owner_case=/home/s5117909/Documents/thesis/thesis_codebase/database/20260603_194703_2syn_2tail_plain/cases/st1_7001_hz__st2_4001_hz__trial_1)
Waiting for OCEAN export lock (2220s waited, lock age 428s, owner_pid=19624, owner_case=/home/s5117909/Documents/thesis/thesis_codebase/database/20260603_194703_2syn_2tail_plain/cases/st1_7001_hz__st2_4001_hz__trial_1)
Waiting for OCEAN export lock (2280s waited, lock age 26s, owner_pid=30129, owner_case=/home/s5117909/Documents/thesis/thesis_codebase/database/20260603_194703_2syn_2tail_plain/cases/st1_6001_hz__st2_4001_hz__trial_1)
Waiting for OCEAN export lock (2340s waited, lock age 87s, owner_pid=30129, owner_case=/home/s5117909/Documents/thesis/thesis_codebase/database/20260603_194703_2syn_2tail_plain/cases/st1_6001_hz__st2_4001_hz__trial_1)
Waiting for OCEAN export lock (2400s waited, lock age 148s, owner_pid=30129, owner_case=/home/s5117909/Documents/thesis/thesis_codebase/database/20260603_194703_2syn_2tail_plain/cases/st1_6001_hz__st2_4001_hz__trial_1)
Waiting for OCEAN export lock (2460s waited, lock age 208s, owner_pid=30129, owner_case=/home/s5117909/Documents/thesis/thesis_codebase/database/20260603_194703_2syn_2tail_plain/cases/st1_6001_hz__st2_4001_hz__trial_1)
Waiting for OCEAN export lock (2520s waited, lock age 269s, owner_pid=30129, owner_case=/home/s5117909/Documents/thesis/thesis_codebase/database/20260603_194703_2syn_2tail_plain/cases/st1_6001_hz__st2_4001_hz__trial_1)
Waiting for OCEAN export lock (2580s waited, lock age 329s, owner_pid=30129, owner_case=/home/s5117909/Documents/thesis/thesis_codebase/database/20260603_194703_2syn_2tail_plain/cases/st1_6001_hz__st2_4001_hz__trial_1)
Waiting for OCEAN export lock (2640s waited, lock age 392s, owner_pid=30129, owner_case=/home/s5117909/Documents/thesis/thesis_codebase/database/20260603_194703_2syn_2tail_plain/cases/st1_6001_hz__st2_4001_hz__trial_1)
Waiting for OCEAN export lock (2700s waited, lock age 55s, owner_pid=6909, owner_case=/home/s5117909/Documents/thesis/thesis_codebase/database/20260603_194703_2syn_2tail_plain/cases/st1_4001_hz__st2_8001_hz__trial_1)
Waiting for OCEAN export lock (2760s waited, lock age 115s, owner_pid=6909, owner_case=/home/s5117909/Documents/thesis/thesis_codebase/database/20260603_194703_2syn_2tail_plain/cases/st1_4001_hz__st2_8001_hz__trial_1)
Waiting for OCEAN export lock (2820s waited, lock age 175s, owner_pid=6909, owner_case=/home/s5117909/Documents/thesis/thesis_codebase/database/20260603_194703_2syn_2tail_plain/cases/st1_4001_hz__st2_8001_hz__trial_1)
Waiting for OCEAN export lock (2880s waited, lock age 236s, owner_pid=6909, owner_case=/home/s5117909/Documents/thesis/thesis_codebase/database/20260603_194703_2syn_2tail_plain/cases/st1_4001_hz__st2_8001_hz__trial_1)
Waiting for OCEAN export lock (2940s waited, lock age 296s, owner_pid=6909, owner_case=/home/s5117909/Documents/thesis/thesis_codebase/database/20260603_194703_2syn_2tail_plain/cases/st1_4001_hz__st2_8001_hz__trial_1)
Waiting for OCEAN export lock (3000s waited, lock age 357s, owner_pid=6909, owner_case=/home/s5117909/Documents/thesis/thesis_codebase/database/20260603_194703_2syn_2tail_plain/cases/st1_4001_hz__st2_8001_hz__trial_1)
Waiting for OCEAN export lock (3060s waited, lock age 417s, owner_pid=6909, owner_case=/home/s5117909/Documents/thesis/thesis_codebase/database/20260603_194703_2syn_2tail_plain/cases/st1_4001_hz__st2_8001_hz__trial_1)
Waiting for OCEAN export lock (3120s waited, lock age 478s, owner_pid=6909, owner_case=/home/s5117909/Documents/thesis/thesis_codebase/database/20260603_194703_2syn_2tail_plain/cases/st1_4001_hz__st2_8001_hz__trial_1)
Waiting for OCEAN export lock (3180s waited, lock age 538s, owner_pid=6909, owner_case=/home/s5117909/Documents/thesis/thesis_codebase/database/20260603_194703_2syn_2tail_plain/cases/st1_4001_hz__st2_8001_hz__trial_1)
Waiting for OCEAN export lock (3240s waited, lock age 34s, owner_pid=22301, owner_case=/home/s5117909/Documents/thesis/thesis_codebase/database/20260603_194703_2syn_2tail_plain/cases/st1_7001_hz__st2_8001_hz__trial_1)
Waiting for OCEAN export lock (3300s waited, lock age 94s, owner_pid=22301, owner_case=/home/s5117909/Documents/thesis/thesis_codebase/database/20260603_194703_2syn_2tail_plain/cases/st1_7001_hz__st2_8001_hz__trial_1)
Waiting for OCEAN export lock (3360s waited, lock age 155s, owner_pid=22301, owner_case=/home/s5117909/Documents/thesis/thesis_codebase/database/20260603_194703_2syn_2tail_plain/cases/st1_7001_hz__st2_8001_hz__trial_1)
Waiting for OCEAN export lock (3420s waited, lock age 216s, owner_pid=22301, owner_case=/home/s5117909/Documents/thesis/thesis_codebase/database/20260603_194703_2syn_2tail_plain/cases/st1_7001_hz__st2_8001_hz__trial_1)
Waiting for OCEAN export lock (3480s waited, lock age 276s, owner_pid=22301, owner_case=/home/s5117909/Documents/thesis/thesis_codebase/database/20260603_194703_2syn_2tail_plain/cases/st1_7001_hz__st2_8001_hz__trial_1)
Waiting for OCEAN export lock (3540s waited, lock age 337s, owner_pid=22301, owner_case=/home/s5117909/Documents/thesis/thesis_codebase/database/20260603_194703_2syn_2tail_plain/cases/st1_7001_hz__st2_8001_hz__trial_1)
Waiting for OCEAN export lock (3600s waited, lock age 397s, owner_pid=22301, owner_case=/home/s5117909/Documents/thesis/thesis_codebase/database/20260603_194703_2syn_2tail_plain/cases/st1_7001_hz__st2_8001_hz__trial_1)
Waiting for OCEAN export lock (3660s waited, lock age 458s, owner_pid=22301, owner_case=/home/s5117909/Documents/thesis/thesis_codebase/database/20260603_194703_2syn_2tail_plain/cases/st1_7001_hz__st2_8001_hz__trial_1)
Waiting for OCEAN export lock (3720s waited, lock age 518s, owner_pid=22301, owner_case=/home/s5117909/Documents/thesis/thesis_codebase/database/20260603_194703_2syn_2tail_plain/cases/st1_7001_hz__st2_8001_hz__trial_1)
Waiting for OCEAN export lock (3780s waited, lock age 579s, owner_pid=22301, owner_case=/home/s5117909/Documents/thesis/thesis_codebase/database/20260603_194703_2syn_2tail_plain/cases/st1_7001_hz__st2_8001_hz__trial_1)
Waiting for OCEAN export lock (3840s waited, lock age 12s, owner_pid=5928, owner_case=/home/s5117909/Documents/thesis/thesis_codebase/database/20260603_194703_2syn_2tail_plain/cases/st1_5001_hz__st2_3001_hz__trial_1)
Waiting for OCEAN export lock (3900s waited, lock age 72s, owner_pid=5928, owner_case=/home/s5117909/Documents/thesis/thesis_codebase/database/20260603_194703_2syn_2tail_plain/cases/st1_5001_hz__st2_3001_hz__trial_1)
Waiting for OCEAN export lock (3960s waited, lock age 133s, owner_pid=5928, owner_case=/home/s5117909/Documents/thesis/thesis_codebase/database/20260603_194703_2syn_2tail_plain/cases/st1_5001_hz__st2_3001_hz__trial_1)
Waiting for OCEAN export lock (4020s waited, lock age 193s, owner_pid=5928, owner_case=/home/s5117909/Documents/thesis/thesis_codebase/database/20260603_194703_2syn_2tail_plain/cases/st1_5001_hz__st2_3001_hz__trial_1)
Waiting for OCEAN export lock (4080s waited, lock age 0s, owner_pid=22301, owner_case=unknown)
Waiting for OCEAN export lock (4140s waited, lock age 61s, owner_pid=22301, owner_case=/home/s5117909/Documents/thesis/thesis_codebase/database/20260603_194703_2syn_2tail_plain/cases/st1_7001_hz__st2_8001_hz__trial_1)
Waiting for OCEAN export lock (4200s waited, lock age 121s, owner_pid=22301, owner_case=/home/s5117909/Documents/thesis/thesis_codebase/database/20260603_194703_2syn_2tail_plain/cases/st1_7001_hz__st2_8001_hz__trial_1)
Waiting for OCEAN export lock (4260s waited, lock age 182s, owner_pid=22301, owner_case=/home/s5117909/Documents/thesis/thesis_codebase/database/20260603_194703_2syn_2tail_plain/cases/st1_7001_hz__st2_8001_hz__trial_1)
Waiting for OCEAN export lock (4320s waited, lock age 242s, owner_pid=22301, owner_case=/home/s5117909/Documents/thesis/thesis_codebase/database/20260603_194703_2syn_2tail_plain/cases/st1_7001_hz__st2_8001_hz__trial_1)
Waiting for OCEAN export lock (4380s waited, lock age 303s, owner_pid=22301, owner_case=/home/s5117909/Documents/thesis/thesis_codebase/database/20260603_194703_2syn_2tail_plain/cases/st1_7001_hz__st2_8001_hz__trial_1)
Waiting for OCEAN export lock (4440s waited, lock age 366s, owner_pid=22301, owner_case=/home/s5117909/Documents/thesis/thesis_codebase/database/20260603_194703_2syn_2tail_plain/cases/st1_7001_hz__st2_8001_hz__trial_1)
Waiting for OCEAN export lock (4500s waited, lock age 426s, owner_pid=22301, owner_case=/home/s5117909/Documents/thesis/thesis_codebase/database/20260603_194703_2syn_2tail_plain/cases/st1_7001_hz__st2_8001_hz__trial_1)
Waiting for OCEAN export lock (4560s waited, lock age 487s, owner_pid=22301, owner_case=/home/s5117909/Documents/thesis/thesis_codebase/database/20260603_194703_2syn_2tail_plain/cases/st1_7001_hz__st2_8001_hz__trial_1)
Waiting for OCEAN export lock (4620s waited, lock age 547s, owner_pid=22301, owner_case=/home/s5117909/Documents/thesis/thesis_codebase/database/20260603_194703_2syn_2tail_plain/cases/st1_7001_hz__st2_8001_hz__trial_1)
Waiting for OCEAN export lock (4680s waited, lock age 608s, owner_pid=22301, owner_case=/home/s5117909/Documents/thesis/thesis_codebase/database/20260603_194703_2syn_2tail_plain/cases/st1_7001_hz__st2_8001_hz__trial_1)
Waiting for OCEAN export lock (4740s waited, lock age 38s, owner_pid=10884, owner_case=/home/s5117909/Documents/thesis/thesis_codebase/database/20260603_194703_2syn_2tail_plain/cases/st1_6001_hz__st2_8001_hz__trial_1)
Waiting for OCEAN export lock (4800s waited, lock age 99s, owner_pid=10884, owner_case=/home/s5117909/Documents/thesis/thesis_codebase/database/20260603_194703_2syn_2tail_plain/cases/st1_6001_hz__st2_8001_hz__trial_1)
Waiting for OCEAN export lock (4860s waited, lock age 163s, owner_pid=10884, owner_case=/home/s5117909/Documents/thesis/thesis_codebase/database/20260603_194703_2syn_2tail_plain/cases/st1_6001_hz__st2_8001_hz__trial_1)
Waiting for OCEAN export lock (4920s waited, lock age 223s, owner_pid=10884, owner_case=/home/s5117909/Documents/thesis/thesis_codebase/database/20260603_194703_2syn_2tail_plain/cases/st1_6001_hz__st2_8001_hz__trial_1)
Waiting for OCEAN export lock (4980s waited, lock age 284s, owner_pid=10884, owner_case=/home/s5117909/Documents/thesis/thesis_codebase/database/20260603_194703_2syn_2tail_plain/cases/st1_6001_hz__st2_8001_hz__trial_1)
Waiting for OCEAN export lock (5040s waited, lock age 347s, owner_pid=10884, owner_case=/home/s5117909/Documents/thesis/thesis_codebase/database/20260603_194703_2syn_2tail_plain/cases/st1_6001_hz__st2_8001_hz__trial_1)
Waiting for OCEAN export lock (5100s waited, lock age 407s, owner_pid=10884, owner_case=/home/s5117909/Documents/thesis/thesis_codebase/database/20260603_194703_2syn_2tail_plain/cases/st1_6001_hz__st2_8001_hz__trial_1)
Waiting for OCEAN export lock (5160s waited, lock age 468s, owner_pid=10884, owner_case=/home/s5117909/Documents/thesis/thesis_codebase/database/20260603_194703_2syn_2tail_plain/cases/st1_6001_hz__st2_8001_hz__trial_1)
Waiting for OCEAN export lock (5220s waited, lock age 528s, owner_pid=10884, owner_case=/home/s5117909/Documents/thesis/thesis_codebase/database/20260603_194703_2syn_2tail_plain/cases/st1_6001_hz__st2_8001_hz__trial_1)
Waiting for OCEAN export lock (5280s waited, lock age 589s, owner_pid=10884, owner_case=/home/s5117909/Documents/thesis/thesis_codebase/database/20260603_194703_2syn_2tail_plain/cases/st1_6001_hz__st2_8001_hz__trial_1)
/home/s5117909/Documents/thesis/thesis_codebase/database/20260603_194703_2syn_2tail_plain/run_export_case.sh: line 106: 21305 Killed                  timeout --preserve-status --kill-after=30s "${timeout_seconds}s" "$cmd" -nograph -restore "$restore_arg" >> "$log_file" 2>&1
Retryable OCEAN export timeout/kill status=137.
Retryable OCEAN export failure; sleeping 60s before retry.
Waiting for OCEAN export lock (60s waited, lock age 119s, owner_pid=17756, owner_case=/home/s5117909/Documents/thesis/thesis_codebase/database/20260603_194703_2syn_2tail_plain/cases/st1_5001_hz__st2_7001_hz__trial_1)
Waiting for OCEAN export lock (120s waited, lock age 180s, owner_pid=17756, owner_case=/home/s5117909/Documents/thesis/thesis_codebase/database/20260603_194703_2syn_2tail_plain/cases/st1_5001_hz__st2_7001_hz__trial_1)
Waiting for OCEAN export lock (180s waited, lock age 240s, owner_pid=17756, owner_case=/home/s5117909/Documents/thesis/thesis_codebase/database/20260603_194703_2syn_2tail_plain/cases/st1_5001_hz__st2_7001_hz__trial_1)
Waiting for OCEAN export lock (240s waited, lock age 301s, owner_pid=17756, owner_case=/home/s5117909/Documents/thesis/thesis_codebase/database/20260603_194703_2syn_2tail_plain/cases/st1_5001_hz__st2_7001_hz__trial_1)
Waiting for OCEAN export lock (300s waited, lock age 361s, owner_pid=17756, owner_case=/home/s5117909/Documents/thesis/thesis_codebase/database/20260603_194703_2syn_2tail_plain/cases/st1_5001_hz__st2_7001_hz__trial_1)
Waiting for OCEAN export lock (360s waited, lock age 422s, owner_pid=17756, owner_case=/home/s5117909/Documents/thesis/thesis_codebase/database/20260603_194703_2syn_2tail_plain/cases/st1_5001_hz__st2_7001_hz__trial_1)
Waiting for OCEAN export lock (420s waited, lock age 483s, owner_pid=17756, owner_case=/home/s5117909/Documents/thesis/thesis_codebase/database/20260603_194703_2syn_2tail_plain/cases/st1_5001_hz__st2_7001_hz__trial_1)
Waiting for OCEAN export lock (480s waited, lock age 543s, owner_pid=17756, owner_case=/home/s5117909/Documents/thesis/thesis_codebase/database/20260603_194703_2syn_2tail_plain/cases/st1_5001_hz__st2_7001_hz__trial_1)
Waiting for OCEAN export lock (540s waited, lock age 26s, owner_pid=10884, owner_case=/home/s5117909/Documents/thesis/thesis_codebase/database/20260603_194703_2syn_2tail_plain/cases/st1_6001_hz__st2_8001_hz__trial_1)
Waiting for OCEAN export lock (600s waited, lock age 86s, owner_pid=10884, owner_case=/home/s5117909/Documents/thesis/thesis_codebase/database/20260603_194703_2syn_2tail_plain/cases/st1_6001_hz__st2_8001_hz__trial_1)
Waiting for OCEAN export lock (660s waited, lock age 147s, owner_pid=10884, owner_case=/home/s5117909/Documents/thesis/thesis_codebase/database/20260603_194703_2syn_2tail_plain/cases/st1_6001_hz__st2_8001_hz__trial_1)
Waiting for OCEAN export lock (720s waited, lock age 207s, owner_pid=10884, owner_case=/home/s5117909/Documents/thesis/thesis_codebase/database/20260603_194703_2syn_2tail_plain/cases/st1_6001_hz__st2_8001_hz__trial_1)
Waiting for OCEAN export lock (780s waited, lock age 268s, owner_pid=10884, owner_case=/home/s5117909/Documents/thesis/thesis_codebase/database/20260603_194703_2syn_2tail_plain/cases/st1_6001_hz__st2_8001_hz__trial_1)
Waiting for OCEAN export lock (840s waited, lock age 329s, owner_pid=10884, owner_case=/home/s5117909/Documents/thesis/thesis_codebase/database/20260603_194703_2syn_2tail_plain/cases/st1_6001_hz__st2_8001_hz__trial_1)
Waiting for OCEAN export lock (900s waited, lock age 389s, owner_pid=10884, owner_case=/home/s5117909/Documents/thesis/thesis_codebase/database/20260603_194703_2syn_2tail_plain/cases/st1_6001_hz__st2_8001_hz__trial_1)
Waiting for OCEAN export lock (960s waited, lock age 450s, owner_pid=10884, owner_case=/home/s5117909/Documents/thesis/thesis_codebase/database/20260603_194703_2syn_2tail_plain/cases/st1_6001_hz__st2_8001_hz__trial_1)
Waiting for OCEAN export lock (1020s waited, lock age 510s, owner_pid=10884, owner_case=/home/s5117909/Documents/thesis/thesis_codebase/database/20260603_194703_2syn_2tail_plain/cases/st1_6001_hz__st2_8001_hz__trial_1)
Waiting for OCEAN export lock (1080s waited, lock age 571s, owner_pid=10884, owner_case=/home/s5117909/Documents/thesis/thesis_codebase/database/20260603_194703_2syn_2tail_plain/cases/st1_6001_hz__st2_8001_hz__trial_1)
Waiting for OCEAN export lock (1140s waited, lock age 0s, owner_pid=32420, owner_case=unknown)
Waiting for OCEAN export lock (1200s waited, lock age 60s, owner_pid=32420, owner_case=/home/s5117909/Documents/thesis/thesis_codebase/database/20260603_194703_2syn_2tail_plain/cases/st1_6001_hz__st2_2001_hz__trial_1)
Waiting for OCEAN export lock (1260s waited, lock age 121s, owner_pid=32420, owner_case=/home/s5117909/Documents/thesis/thesis_codebase/database/20260603_194703_2syn_2tail_plain/cases/st1_6001_hz__st2_2001_hz__trial_1)
Waiting for OCEAN export lock (1320s waited, lock age 181s, owner_pid=32420, owner_case=/home/s5117909/Documents/thesis/thesis_codebase/database/20260603_194703_2syn_2tail_plain/cases/st1_6001_hz__st2_2001_hz__trial_1)
Waiting for OCEAN export lock (1380s waited, lock age 242s, owner_pid=32420, owner_case=/home/s5117909/Documents/thesis/thesis_codebase/database/20260603_194703_2syn_2tail_plain/cases/st1_6001_hz__st2_2001_hz__trial_1)
Waiting for OCEAN export lock (1440s waited, lock age 44s, owner_pid=22301, owner_case=/home/s5117909/Documents/thesis/thesis_codebase/database/20260603_194703_2syn_2tail_plain/cases/st1_7001_hz__st2_8001_hz__trial_1)
Waiting for OCEAN export lock (1500s waited, lock age 106s, owner_pid=22301, owner_case=/home/s5117909/Documents/thesis/thesis_codebase/database/20260603_194703_2syn_2tail_plain/cases/st1_7001_hz__st2_8001_hz__trial_1)
Waiting for OCEAN export lock (1560s waited, lock age 166s, owner_pid=22301, owner_case=/home/s5117909/Documents/thesis/thesis_codebase/database/20260603_194703_2syn_2tail_plain/cases/st1_7001_hz__st2_8001_hz__trial_1)
Waiting for OCEAN export lock (1620s waited, lock age 227s, owner_pid=22301, owner_case=/home/s5117909/Documents/thesis/thesis_codebase/database/20260603_194703_2syn_2tail_plain/cases/st1_7001_hz__st2_8001_hz__trial_1)
Waiting for OCEAN export lock (1680s waited, lock age 287s, owner_pid=22301, owner_case=/home/s5117909/Documents/thesis/thesis_codebase/database/20260603_194703_2syn_2tail_plain/cases/st1_7001_hz__st2_8001_hz__trial_1)
Waiting for OCEAN export lock (1740s waited, lock age 348s, owner_pid=22301, owner_case=/home/s5117909/Documents/thesis/thesis_codebase/database/20260603_194703_2syn_2tail_plain/cases/st1_7001_hz__st2_8001_hz__trial_1)
Waiting for OCEAN export lock (1800s waited, lock age 408s, owner_pid=22301, owner_case=/home/s5117909/Documents/thesis/thesis_codebase/database/20260603_194703_2syn_2tail_plain/cases/st1_7001_hz__st2_8001_hz__trial_1)
Waiting for OCEAN export lock (1860s waited, lock age 469s, owner_pid=22301, owner_case=/home/s5117909/Documents/thesis/thesis_codebase/database/20260603_194703_2syn_2tail_plain/cases/st1_7001_hz__st2_8001_hz__trial_1)
Waiting for OCEAN export lock (1920s waited, lock age 530s, owner_pid=22301, owner_case=/home/s5117909/Documents/thesis/thesis_codebase/database/20260603_194703_2syn_2tail_plain/cases/st1_7001_hz__st2_8001_hz__trial_1)
Waiting for OCEAN export lock (1980s waited, lock age 590s, owner_pid=22301, owner_case=/home/s5117909/Documents/thesis/thesis_codebase/database/20260603_194703_2syn_2tail_plain/cases/st1_7001_hz__st2_8001_hz__trial_1)
/home/s5117909/Documents/thesis/thesis_codebase/database/20260603_194703_2syn_2tail_plain/run_export_case.sh: line 106: 30075 Killed                  timeout --preserve-status --kill-after=30s "${timeout_seconds}s" "$cmd" -nograph -restore "$restore_arg" >> "$log_file" 2>&1
Retryable OCEAN export timeout/kill status=137.
FAILED case_id=53 run_name=st1_5001_hz__st2_8001_hz__trial_1 export_or_output_failed
RUN case_id=57 run_name=st1_6001_hz__st2_3001_hz__trial_1
Waiting for OCEAN export lock (60s waited, lock age 78s, owner_pid=22301, owner_case=/home/s5117909/Documents/thesis/thesis_codebase/database/20260603_194703_2syn_2tail_plain/cases/st1_7001_hz__st2_8001_hz__trial_1)
Waiting for OCEAN export lock (120s waited, lock age 138s, owner_pid=22301, owner_case=/home/s5117909/Documents/thesis/thesis_codebase/database/20260603_194703_2syn_2tail_plain/cases/st1_7001_hz__st2_8001_hz__trial_1)
Waiting for OCEAN export lock (180s waited, lock age 199s, owner_pid=22301, owner_case=/home/s5117909/Documents/thesis/thesis_codebase/database/20260603_194703_2syn_2tail_plain/cases/st1_7001_hz__st2_8001_hz__trial_1)
Waiting for OCEAN export lock (240s waited, lock age 259s, owner_pid=22301, owner_case=/home/s5117909/Documents/thesis/thesis_codebase/database/20260603_194703_2syn_2tail_plain/cases/st1_7001_hz__st2_8001_hz__trial_1)
Waiting for OCEAN export lock (300s waited, lock age 320s, owner_pid=22301, owner_case=/home/s5117909/Documents/thesis/thesis_codebase/database/20260603_194703_2syn_2tail_plain/cases/st1_7001_hz__st2_8001_hz__trial_1)
Waiting for OCEAN export lock (360s waited, lock age 380s, owner_pid=22301, owner_case=/home/s5117909/Documents/thesis/thesis_codebase/database/20260603_194703_2syn_2tail_plain/cases/st1_7001_hz__st2_8001_hz__trial_1)
Waiting for OCEAN export lock (420s waited, lock age 441s, owner_pid=22301, owner_case=/home/s5117909/Documents/thesis/thesis_codebase/database/20260603_194703_2syn_2tail_plain/cases/st1_7001_hz__st2_8001_hz__trial_1)
Waiting for OCEAN export lock (480s waited, lock age 501s, owner_pid=22301, owner_case=/home/s5117909/Documents/thesis/thesis_codebase/database/20260603_194703_2syn_2tail_plain/cases/st1_7001_hz__st2_8001_hz__trial_1)
Waiting for OCEAN export lock (540s waited, lock age 562s, owner_pid=22301, owner_case=/home/s5117909/Documents/thesis/thesis_codebase/database/20260603_194703_2syn_2tail_plain/cases/st1_7001_hz__st2_8001_hz__trial_1)
Waiting for OCEAN export lock (600s waited, lock age 623s, owner_pid=22301, owner_case=/home/s5117909/Documents/thesis/thesis_codebase/database/20260603_194703_2syn_2tail_plain/cases/st1_7001_hz__st2_8001_hz__trial_1)
Waiting for OCEAN export lock (660s waited, lock age 54s, owner_pid=10884, owner_case=/home/s5117909/Documents/thesis/thesis_codebase/database/20260603_194703_2syn_2tail_plain/cases/st1_6001_hz__st2_8001_hz__trial_1)
Waiting for OCEAN export lock (720s waited, lock age 115s, owner_pid=10884, owner_case=/home/s5117909/Documents/thesis/thesis_codebase/database/20260603_194703_2syn_2tail_plain/cases/st1_6001_hz__st2_8001_hz__trial_1)
Waiting for OCEAN export lock (780s waited, lock age 175s, owner_pid=10884, owner_case=/home/s5117909/Documents/thesis/thesis_codebase/database/20260603_194703_2syn_2tail_plain/cases/st1_6001_hz__st2_8001_hz__trial_1)
Waiting for OCEAN export lock (840s waited, lock age 236s, owner_pid=10884, owner_case=/home/s5117909/Documents/thesis/thesis_codebase/database/20260603_194703_2syn_2tail_plain/cases/st1_6001_hz__st2_8001_hz__trial_1)
Waiting for OCEAN export lock (900s waited, lock age 297s, owner_pid=10884, owner_case=/home/s5117909/Documents/thesis/thesis_codebase/database/20260603_194703_2syn_2tail_plain/cases/st1_6001_hz__st2_8001_hz__trial_1)
Waiting for OCEAN export lock (960s waited, lock age 357s, owner_pid=10884, owner_case=/home/s5117909/Documents/thesis/thesis_codebase/database/20260603_194703_2syn_2tail_plain/cases/st1_6001_hz__st2_8001_hz__trial_1)
Waiting for OCEAN export lock (1020s waited, lock age 418s, owner_pid=10884, owner_case=/home/s5117909/Documents/thesis/thesis_codebase/database/20260603_194703_2syn_2tail_plain/cases/st1_6001_hz__st2_8001_hz__trial_1)
Waiting for OCEAN export lock (1080s waited, lock age 478s, owner_pid=10884, owner_case=/home/s5117909/Documents/thesis/thesis_codebase/database/20260603_194703_2syn_2tail_plain/cases/st1_6001_hz__st2_8001_hz__trial_1)
Waiting for OCEAN export lock (1140s waited, lock age 539s, owner_pid=10884, owner_case=/home/s5117909/Documents/thesis/thesis_codebase/database/20260603_194703_2syn_2tail_plain/cases/st1_6001_hz__st2_8001_hz__trial_1)
Waiting for OCEAN export lock (1200s waited, lock age 599s, owner_pid=10884, owner_case=/home/s5117909/Documents/thesis/thesis_codebase/database/20260603_194703_2syn_2tail_plain/cases/st1_6001_hz__st2_8001_hz__trial_1)
DONE case_id=57 run_name=st1_6001_hz__st2_3001_hz__trial_1 output_signals=/home/s5117909/Documents/thesis/thesis_codebase/database/20260603_194703_2syn_2tail_plain/cases/st1_6001_hz__st2_3001_hz__trial_1/output_signals.txt
RUN case_id=61 run_name=st1_6001_hz__st2_7001_hz__trial_1
Waiting for OCEAN export lock (60s waited, lock age 69s, owner_pid=10884, owner_case=/home/s5117909/Documents/thesis/thesis_codebase/database/20260603_194703_2syn_2tail_plain/cases/st1_6001_hz__st2_8001_hz__trial_1)
Waiting for OCEAN export lock (120s waited, lock age 129s, owner_pid=10884, owner_case=/home/s5117909/Documents/thesis/thesis_codebase/database/20260603_194703_2syn_2tail_plain/cases/st1_6001_hz__st2_8001_hz__trial_1)
Waiting for OCEAN export lock (180s waited, lock age 190s, owner_pid=10884, owner_case=/home/s5117909/Documents/thesis/thesis_codebase/database/20260603_194703_2syn_2tail_plain/cases/st1_6001_hz__st2_8001_hz__trial_1)
Waiting for OCEAN export lock (240s waited, lock age 250s, owner_pid=10884, owner_case=/home/s5117909/Documents/thesis/thesis_codebase/database/20260603_194703_2syn_2tail_plain/cases/st1_6001_hz__st2_8001_hz__trial_1)
Waiting for OCEAN export lock (300s waited, lock age 313s, owner_pid=10884, owner_case=/home/s5117909/Documents/thesis/thesis_codebase/database/20260603_194703_2syn_2tail_plain/cases/st1_6001_hz__st2_8001_hz__trial_1)
Waiting for OCEAN export lock (360s waited, lock age 374s, owner_pid=10884, owner_case=/home/s5117909/Documents/thesis/thesis_codebase/database/20260603_194703_2syn_2tail_plain/cases/st1_6001_hz__st2_8001_hz__trial_1)
Waiting for OCEAN export lock (420s waited, lock age 434s, owner_pid=10884, owner_case=/home/s5117909/Documents/thesis/thesis_codebase/database/20260603_194703_2syn_2tail_plain/cases/st1_6001_hz__st2_8001_hz__trial_1)
Waiting for OCEAN export lock (480s waited, lock age 495s, owner_pid=10884, owner_case=/home/s5117909/Documents/thesis/thesis_codebase/database/20260603_194703_2syn_2tail_plain/cases/st1_6001_hz__st2_8001_hz__trial_1)
Waiting for OCEAN export lock (540s waited, lock age 555s, owner_pid=10884, owner_case=/home/s5117909/Documents/thesis/thesis_codebase/database/20260603_194703_2syn_2tail_plain/cases/st1_6001_hz__st2_8001_hz__trial_1)
Waiting for OCEAN export lock (600s waited, lock age 616s, owner_pid=10884, owner_case=/home/s5117909/Documents/thesis/thesis_codebase/database/20260603_194703_2syn_2tail_plain/cases/st1_6001_hz__st2_8001_hz__trial_1)
/home/s5117909/Documents/thesis/thesis_codebase/database/20260603_194703_2syn_2tail_plain/run_export_case.sh: line 106: 29238 Killed                  timeout --preserve-status --kill-after=30s "${timeout_seconds}s" "$cmd" -nograph -restore "$restore_arg" >> "$log_file" 2>&1
Retryable OCEAN export timeout/kill status=137.
Retryable OCEAN export failure; sleeping 20s before retry.
Waiting for OCEAN export lock (60s waited, lock age 79s, owner_pid=17304, owner_case=/home/s5117909/Documents/thesis/thesis_codebase/database/20260603_194703_2syn_2tail_plain/cases/st1_8001_hz__st2_3001_hz__trial_1)
Waiting for OCEAN export lock (120s waited, lock age 140s, owner_pid=17304, owner_case=/home/s5117909/Documents/thesis/thesis_codebase/database/20260603_194703_2syn_2tail_plain/cases/st1_8001_hz__st2_3001_hz__trial_1)
Waiting for OCEAN export lock (180s waited, lock age 200s, owner_pid=17304, owner_case=/home/s5117909/Documents/thesis/thesis_codebase/database/20260603_194703_2syn_2tail_plain/cases/st1_8001_hz__st2_3001_hz__trial_1)
Waiting for OCEAN export lock (240s waited, lock age 261s, owner_pid=17304, owner_case=/home/s5117909/Documents/thesis/thesis_codebase/database/20260603_194703_2syn_2tail_plain/cases/st1_8001_hz__st2_3001_hz__trial_1)
Waiting for OCEAN export lock (300s waited, lock age 324s, owner_pid=17304, owner_case=/home/s5117909/Documents/thesis/thesis_codebase/database/20260603_194703_2syn_2tail_plain/cases/st1_8001_hz__st2_3001_hz__trial_1)
Waiting for OCEAN export lock (360s waited, lock age 384s, owner_pid=17304, owner_case=/home/s5117909/Documents/thesis/thesis_codebase/database/20260603_194703_2syn_2tail_plain/cases/st1_8001_hz__st2_3001_hz__trial_1)
Waiting for OCEAN export lock (420s waited, lock age 445s, owner_pid=17304, owner_case=/home/s5117909/Documents/thesis/thesis_codebase/database/20260603_194703_2syn_2tail_plain/cases/st1_8001_hz__st2_3001_hz__trial_1)
Waiting for OCEAN export lock (480s waited, lock age 12s, owner_pid=30830, owner_case=/home/s5117909/Documents/thesis/thesis_codebase/database/20260603_194703_2syn_2tail_plain/cases/st1_7001_hz__st2_3001_hz__trial_1)
Waiting for OCEAN export lock (540s waited, lock age 73s, owner_pid=30830, owner_case=/home/s5117909/Documents/thesis/thesis_codebase/database/20260603_194703_2syn_2tail_plain/cases/st1_7001_hz__st2_3001_hz__trial_1)
Waiting for OCEAN export lock (600s waited, lock age 133s, owner_pid=30830, owner_case=/home/s5117909/Documents/thesis/thesis_codebase/database/20260603_194703_2syn_2tail_plain/cases/st1_7001_hz__st2_3001_hz__trial_1)
Waiting for OCEAN export lock (660s waited, lock age 194s, owner_pid=30830, owner_case=/home/s5117909/Documents/thesis/thesis_codebase/database/20260603_194703_2syn_2tail_plain/cases/st1_7001_hz__st2_3001_hz__trial_1)
Waiting for OCEAN export lock (720s waited, lock age 254s, owner_pid=30830, owner_case=/home/s5117909/Documents/thesis/thesis_codebase/database/20260603_194703_2syn_2tail_plain/cases/st1_7001_hz__st2_3001_hz__trial_1)
Waiting for OCEAN export lock (780s waited, lock age 315s, owner_pid=30830, owner_case=/home/s5117909/Documents/thesis/thesis_codebase/database/20260603_194703_2syn_2tail_plain/cases/st1_7001_hz__st2_3001_hz__trial_1)
Waiting for OCEAN export lock (840s waited, lock age 375s, owner_pid=30830, owner_case=/home/s5117909/Documents/thesis/thesis_codebase/database/20260603_194703_2syn_2tail_plain/cases/st1_7001_hz__st2_3001_hz__trial_1)
Waiting for OCEAN export lock (900s waited, lock age 30s, owner_pid=25362, owner_case=/home/s5117909/Documents/thesis/thesis_codebase/database/20260603_194703_2syn_2tail_plain/cases/st1_6001_hz__st2_6001_hz__trial_1)
Waiting for OCEAN export lock (960s waited, lock age 90s, owner_pid=25362, owner_case=/home/s5117909/Documents/thesis/thesis_codebase/database/20260603_194703_2syn_2tail_plain/cases/st1_6001_hz__st2_6001_hz__trial_1)
Waiting for OCEAN export lock (1020s waited, lock age 151s, owner_pid=25362, owner_case=/home/s5117909/Documents/thesis/thesis_codebase/database/20260603_194703_2syn_2tail_plain/cases/st1_6001_hz__st2_6001_hz__trial_1)
Waiting for OCEAN export lock (1080s waited, lock age 212s, owner_pid=25362, owner_case=/home/s5117909/Documents/thesis/thesis_codebase/database/20260603_194703_2syn_2tail_plain/cases/st1_6001_hz__st2_6001_hz__trial_1)
Waiting for OCEAN export lock (1140s waited, lock age 272s, owner_pid=25362, owner_case=/home/s5117909/Documents/thesis/thesis_codebase/database/20260603_194703_2syn_2tail_plain/cases/st1_6001_hz__st2_6001_hz__trial_1)
Waiting for OCEAN export lock (1200s waited, lock age 333s, owner_pid=25362, owner_case=/home/s5117909/Documents/thesis/thesis_codebase/database/20260603_194703_2syn_2tail_plain/cases/st1_6001_hz__st2_6001_hz__trial_1)
Waiting for OCEAN export lock (1260s waited, lock age 393s, owner_pid=25362, owner_case=/home/s5117909/Documents/thesis/thesis_codebase/database/20260603_194703_2syn_2tail_plain/cases/st1_6001_hz__st2_6001_hz__trial_1)
Waiting for OCEAN export lock (1320s waited, lock age 454s, owner_pid=25362, owner_case=/home/s5117909/Documents/thesis/thesis_codebase/database/20260603_194703_2syn_2tail_plain/cases/st1_6001_hz__st2_6001_hz__trial_1)
Waiting for OCEAN export lock (1380s waited, lock age 514s, owner_pid=25362, owner_case=/home/s5117909/Documents/thesis/thesis_codebase/database/20260603_194703_2syn_2tail_plain/cases/st1_6001_hz__st2_6001_hz__trial_1)
Waiting for OCEAN export lock (1440s waited, lock age 575s, owner_pid=25362, owner_case=/home/s5117909/Documents/thesis/thesis_codebase/database/20260603_194703_2syn_2tail_plain/cases/st1_6001_hz__st2_6001_hz__trial_1)
Waiting for OCEAN export lock (1500s waited, lock age 50s, owner_pid=28641, owner_case=/home/s5117909/Documents/thesis/thesis_codebase/database/20260603_194703_2syn_2tail_plain/cases/st1_7001_hz__st2_7001_hz__trial_1)
Waiting for OCEAN export lock (1560s waited, lock age 111s, owner_pid=28641, owner_case=/home/s5117909/Documents/thesis/thesis_codebase/database/20260603_194703_2syn_2tail_plain/cases/st1_7001_hz__st2_7001_hz__trial_1)
Waiting for OCEAN export lock (1620s waited, lock age 171s, owner_pid=28641, owner_case=/home/s5117909/Documents/thesis/thesis_codebase/database/20260603_194703_2syn_2tail_plain/cases/st1_7001_hz__st2_7001_hz__trial_1)
Waiting for OCEAN export lock (1680s waited, lock age 232s, owner_pid=28641, owner_case=/home/s5117909/Documents/thesis/thesis_codebase/database/20260603_194703_2syn_2tail_plain/cases/st1_7001_hz__st2_7001_hz__trial_1)
Waiting for OCEAN export lock (1740s waited, lock age 292s, owner_pid=28641, owner_case=/home/s5117909/Documents/thesis/thesis_codebase/database/20260603_194703_2syn_2tail_plain/cases/st1_7001_hz__st2_7001_hz__trial_1)
Waiting for OCEAN export lock (1800s waited, lock age 353s, owner_pid=28641, owner_case=/home/s5117909/Documents/thesis/thesis_codebase/database/20260603_194703_2syn_2tail_plain/cases/st1_7001_hz__st2_7001_hz__trial_1)
Waiting for OCEAN export lock (1860s waited, lock age 413s, owner_pid=28641, owner_case=/home/s5117909/Documents/thesis/thesis_codebase/database/20260603_194703_2syn_2tail_plain/cases/st1_7001_hz__st2_7001_hz__trial_1)
Waiting for OCEAN export lock (1920s waited, lock age 474s, owner_pid=28641, owner_case=/home/s5117909/Documents/thesis/thesis_codebase/database/20260603_194703_2syn_2tail_plain/cases/st1_7001_hz__st2_7001_hz__trial_1)
Waiting for OCEAN export lock (1980s waited, lock age 535s, owner_pid=28641, owner_case=/home/s5117909/Documents/thesis/thesis_codebase/database/20260603_194703_2syn_2tail_plain/cases/st1_7001_hz__st2_7001_hz__trial_1)
Waiting for OCEAN export lock (2040s waited, lock age 595s, owner_pid=28641, owner_case=/home/s5117909/Documents/thesis/thesis_codebase/database/20260603_194703_2syn_2tail_plain/cases/st1_7001_hz__st2_7001_hz__trial_1)
/home/s5117909/Documents/thesis/thesis_codebase/database/20260603_194703_2syn_2tail_plain/run_export_case.sh: line 106:  6424 Killed                  timeout --preserve-status --kill-after=30s "${timeout_seconds}s" "$cmd" -nograph -restore "$restore_arg" >> "$log_file" 2>&1
Retryable OCEAN export timeout/kill status=137.
Retryable OCEAN export failure; sleeping 40s before retry.
Waiting for OCEAN export lock (60s waited, lock age 100s, owner_pid=28641, owner_case=/home/s5117909/Documents/thesis/thesis_codebase/database/20260603_194703_2syn_2tail_plain/cases/st1_7001_hz__st2_7001_hz__trial_1)
Waiting for OCEAN export lock (120s waited, lock age 161s, owner_pid=28641, owner_case=/home/s5117909/Documents/thesis/thesis_codebase/database/20260603_194703_2syn_2tail_plain/cases/st1_7001_hz__st2_7001_hz__trial_1)
Waiting for OCEAN export lock (180s waited, lock age 222s, owner_pid=28641, owner_case=/home/s5117909/Documents/thesis/thesis_codebase/database/20260603_194703_2syn_2tail_plain/cases/st1_7001_hz__st2_7001_hz__trial_1)
Waiting for OCEAN export lock (240s waited, lock age 282s, owner_pid=28641, owner_case=/home/s5117909/Documents/thesis/thesis_codebase/database/20260603_194703_2syn_2tail_plain/cases/st1_7001_hz__st2_7001_hz__trial_1)
Waiting for OCEAN export lock (300s waited, lock age 343s, owner_pid=28641, owner_case=/home/s5117909/Documents/thesis/thesis_codebase/database/20260603_194703_2syn_2tail_plain/cases/st1_7001_hz__st2_7001_hz__trial_1)
Waiting for OCEAN export lock (360s waited, lock age 404s, owner_pid=28641, owner_case=/home/s5117909/Documents/thesis/thesis_codebase/database/20260603_194703_2syn_2tail_plain/cases/st1_7001_hz__st2_7001_hz__trial_1)
Waiting for OCEAN export lock (420s waited, lock age 464s, owner_pid=28641, owner_case=/home/s5117909/Documents/thesis/thesis_codebase/database/20260603_194703_2syn_2tail_plain/cases/st1_7001_hz__st2_7001_hz__trial_1)
Waiting for OCEAN export lock (480s waited, lock age 525s, owner_pid=28641, owner_case=/home/s5117909/Documents/thesis/thesis_codebase/database/20260603_194703_2syn_2tail_plain/cases/st1_7001_hz__st2_7001_hz__trial_1)
Waiting for OCEAN export lock (540s waited, lock age 586s, owner_pid=28641, owner_case=/home/s5117909/Documents/thesis/thesis_codebase/database/20260603_194703_2syn_2tail_plain/cases/st1_7001_hz__st2_7001_hz__trial_1)
/home/s5117909/Documents/thesis/thesis_codebase/database/20260603_194703_2syn_2tail_plain/run_export_case.sh: line 106: 26943 Killed                  timeout --preserve-status --kill-after=30s "${timeout_seconds}s" "$cmd" -nograph -restore "$restore_arg" >> "$log_file" 2>&1
Retryable OCEAN export timeout/kill status=137.
Retryable OCEAN export failure; sleeping 60s before retry.
Waiting for OCEAN export lock (60s waited, lock age 119s, owner_pid=32074, owner_case=/home/s5117909/Documents/thesis/thesis_codebase/database/20260603_194703_2syn_2tail_plain/cases/st1_7001_hz__st2_1_hz__trial_1)
Waiting for OCEAN export lock (120s waited, lock age 180s, owner_pid=32074, owner_case=/home/s5117909/Documents/thesis/thesis_codebase/database/20260603_194703_2syn_2tail_plain/cases/st1_7001_hz__st2_1_hz__trial_1)
/home/s5117909/Documents/thesis/thesis_codebase/database/20260603_194703_2syn_2tail_plain/run_export_case.sh: line 106: 22691 Killed                  timeout --preserve-status --kill-after=30s "${timeout_seconds}s" "$cmd" -nograph -restore "$restore_arg" >> "$log_file" 2>&1
Retryable OCEAN export timeout/kill status=137.
FAILED case_id=61 run_name=st1_6001_hz__st2_7001_hz__trial_1 export_or_output_failed
RUN case_id=65 run_name=st1_7001_hz__st2_2001_hz__trial_1
Waiting for OCEAN export lock (60s waited, lock age 76s, owner_pid=28641, owner_case=/home/s5117909/Documents/thesis/thesis_codebase/database/20260603_194703_2syn_2tail_plain/cases/st1_7001_hz__st2_7001_hz__trial_1)
Waiting for OCEAN export lock (120s waited, lock age 136s, owner_pid=28641, owner_case=/home/s5117909/Documents/thesis/thesis_codebase/database/20260603_194703_2syn_2tail_plain/cases/st1_7001_hz__st2_7001_hz__trial_1)
Waiting for OCEAN export lock (180s waited, lock age 197s, owner_pid=28641, owner_case=/home/s5117909/Documents/thesis/thesis_codebase/database/20260603_194703_2syn_2tail_plain/cases/st1_7001_hz__st2_7001_hz__trial_1)
Waiting for OCEAN export lock (240s waited, lock age 257s, owner_pid=28641, owner_case=/home/s5117909/Documents/thesis/thesis_codebase/database/20260603_194703_2syn_2tail_plain/cases/st1_7001_hz__st2_7001_hz__trial_1)
Waiting for OCEAN export lock (300s waited, lock age 318s, owner_pid=28641, owner_case=/home/s5117909/Documents/thesis/thesis_codebase/database/20260603_194703_2syn_2tail_plain/cases/st1_7001_hz__st2_7001_hz__trial_1)
Waiting for OCEAN export lock (360s waited, lock age 381s, owner_pid=28641, owner_case=/home/s5117909/Documents/thesis/thesis_codebase/database/20260603_194703_2syn_2tail_plain/cases/st1_7001_hz__st2_7001_hz__trial_1)
Waiting for OCEAN export lock (420s waited, lock age 441s, owner_pid=28641, owner_case=/home/s5117909/Documents/thesis/thesis_codebase/database/20260603_194703_2syn_2tail_plain/cases/st1_7001_hz__st2_7001_hz__trial_1)
Waiting for OCEAN export lock (480s waited, lock age 502s, owner_pid=28641, owner_case=/home/s5117909/Documents/thesis/thesis_codebase/database/20260603_194703_2syn_2tail_plain/cases/st1_7001_hz__st2_7001_hz__trial_1)
Waiting for OCEAN export lock (540s waited, lock age 563s, owner_pid=28641, owner_case=/home/s5117909/Documents/thesis/thesis_codebase/database/20260603_194703_2syn_2tail_plain/cases/st1_7001_hz__st2_7001_hz__trial_1)
Waiting for OCEAN export lock (600s waited, lock age 623s, owner_pid=28641, owner_case=/home/s5117909/Documents/thesis/thesis_codebase/database/20260603_194703_2syn_2tail_plain/cases/st1_7001_hz__st2_7001_hz__trial_1)
Waiting for OCEAN export lock (660s waited, lock age 53s, owner_pid=3685, owner_case=/home/s5117909/Documents/thesis/thesis_codebase/database/20260603_194703_2syn_2tail_plain/cases/st1_8001_hz__st2_7001_hz__trial_1)
Waiting for OCEAN export lock (720s waited, lock age 113s, owner_pid=3685, owner_case=/home/s5117909/Documents/thesis/thesis_codebase/database/20260603_194703_2syn_2tail_plain/cases/st1_8001_hz__st2_7001_hz__trial_1)
Waiting for OCEAN export lock (780s waited, lock age 174s, owner_pid=3685, owner_case=/home/s5117909/Documents/thesis/thesis_codebase/database/20260603_194703_2syn_2tail_plain/cases/st1_8001_hz__st2_7001_hz__trial_1)
Waiting for OCEAN export lock (840s waited, lock age 236s, owner_pid=3685, owner_case=/home/s5117909/Documents/thesis/thesis_codebase/database/20260603_194703_2syn_2tail_plain/cases/st1_8001_hz__st2_7001_hz__trial_1)
Waiting for OCEAN export lock (900s waited, lock age 297s, owner_pid=3685, owner_case=/home/s5117909/Documents/thesis/thesis_codebase/database/20260603_194703_2syn_2tail_plain/cases/st1_8001_hz__st2_7001_hz__trial_1)
Waiting for OCEAN export lock (960s waited, lock age 358s, owner_pid=3685, owner_case=/home/s5117909/Documents/thesis/thesis_codebase/database/20260603_194703_2syn_2tail_plain/cases/st1_8001_hz__st2_7001_hz__trial_1)
Waiting for OCEAN export lock (1020s waited, lock age 418s, owner_pid=3685, owner_case=/home/s5117909/Documents/thesis/thesis_codebase/database/20260603_194703_2syn_2tail_plain/cases/st1_8001_hz__st2_7001_hz__trial_1)
Waiting for OCEAN export lock (1080s waited, lock age 479s, owner_pid=3685, owner_case=/home/s5117909/Documents/thesis/thesis_codebase/database/20260603_194703_2syn_2tail_plain/cases/st1_8001_hz__st2_7001_hz__trial_1)
Waiting for OCEAN export lock (1140s waited, lock age 540s, owner_pid=3685, owner_case=/home/s5117909/Documents/thesis/thesis_codebase/database/20260603_194703_2syn_2tail_plain/cases/st1_8001_hz__st2_7001_hz__trial_1)
Waiting for OCEAN export lock (1200s waited, lock age 600s, owner_pid=3685, owner_case=/home/s5117909/Documents/thesis/thesis_codebase/database/20260603_194703_2syn_2tail_plain/cases/st1_8001_hz__st2_7001_hz__trial_1)
Waiting for OCEAN export lock (1260s waited, lock age 31s, owner_pid=24605, owner_case=/home/s5117909/Documents/thesis/thesis_codebase/database/20260603_194703_2syn_2tail_plain/cases/st1_7001_hz__st2_5001_hz__trial_1)
Waiting for OCEAN export lock (1320s waited, lock age 91s, owner_pid=24605, owner_case=/home/s5117909/Documents/thesis/thesis_codebase/database/20260603_194703_2syn_2tail_plain/cases/st1_7001_hz__st2_5001_hz__trial_1)
Waiting for OCEAN export lock (1380s waited, lock age 152s, owner_pid=24605, owner_case=/home/s5117909/Documents/thesis/thesis_codebase/database/20260603_194703_2syn_2tail_plain/cases/st1_7001_hz__st2_5001_hz__trial_1)
Waiting for OCEAN export lock (1440s waited, lock age 212s, owner_pid=24605, owner_case=/home/s5117909/Documents/thesis/thesis_codebase/database/20260603_194703_2syn_2tail_plain/cases/st1_7001_hz__st2_5001_hz__trial_1)
Waiting for OCEAN export lock (1500s waited, lock age 273s, owner_pid=24605, owner_case=/home/s5117909/Documents/thesis/thesis_codebase/database/20260603_194703_2syn_2tail_plain/cases/st1_7001_hz__st2_5001_hz__trial_1)
Waiting for OCEAN export lock (1560s waited, lock age 334s, owner_pid=24605, owner_case=/home/s5117909/Documents/thesis/thesis_codebase/database/20260603_194703_2syn_2tail_plain/cases/st1_7001_hz__st2_5001_hz__trial_1)
Waiting for OCEAN export lock (1620s waited, lock age 397s, owner_pid=24605, owner_case=/home/s5117909/Documents/thesis/thesis_codebase/database/20260603_194703_2syn_2tail_plain/cases/st1_7001_hz__st2_5001_hz__trial_1)
Waiting for OCEAN export lock (1680s waited, lock age 458s, owner_pid=24605, owner_case=/home/s5117909/Documents/thesis/thesis_codebase/database/20260603_194703_2syn_2tail_plain/cases/st1_7001_hz__st2_5001_hz__trial_1)
Waiting for OCEAN export lock (1740s waited, lock age 519s, owner_pid=24605, owner_case=/home/s5117909/Documents/thesis/thesis_codebase/database/20260603_194703_2syn_2tail_plain/cases/st1_7001_hz__st2_5001_hz__trial_1)
Waiting for OCEAN export lock (1800s waited, lock age 579s, owner_pid=24605, owner_case=/home/s5117909/Documents/thesis/thesis_codebase/database/20260603_194703_2syn_2tail_plain/cases/st1_7001_hz__st2_5001_hz__trial_1)
Waiting for OCEAN export lock (1860s waited, lock age 43s, owner_pid=3685, owner_case=/home/s5117909/Documents/thesis/thesis_codebase/database/20260603_194703_2syn_2tail_plain/cases/st1_8001_hz__st2_7001_hz__trial_1)
Waiting for OCEAN export lock (1920s waited, lock age 103s, owner_pid=3685, owner_case=/home/s5117909/Documents/thesis/thesis_codebase/database/20260603_194703_2syn_2tail_plain/cases/st1_8001_hz__st2_7001_hz__trial_1)
Waiting for OCEAN export lock (1980s waited, lock age 164s, owner_pid=3685, owner_case=/home/s5117909/Documents/thesis/thesis_codebase/database/20260603_194703_2syn_2tail_plain/cases/st1_8001_hz__st2_7001_hz__trial_1)
Waiting for OCEAN export lock (2040s waited, lock age 224s, owner_pid=3685, owner_case=/home/s5117909/Documents/thesis/thesis_codebase/database/20260603_194703_2syn_2tail_plain/cases/st1_8001_hz__st2_7001_hz__trial_1)
Waiting for OCEAN export lock (2100s waited, lock age 285s, owner_pid=3685, owner_case=/home/s5117909/Documents/thesis/thesis_codebase/database/20260603_194703_2syn_2tail_plain/cases/st1_8001_hz__st2_7001_hz__trial_1)
Waiting for OCEAN export lock (2160s waited, lock age 348s, owner_pid=3685, owner_case=/home/s5117909/Documents/thesis/thesis_codebase/database/20260603_194703_2syn_2tail_plain/cases/st1_8001_hz__st2_7001_hz__trial_1)
Waiting for OCEAN export lock (2220s waited, lock age 408s, owner_pid=3685, owner_case=/home/s5117909/Documents/thesis/thesis_codebase/database/20260603_194703_2syn_2tail_plain/cases/st1_8001_hz__st2_7001_hz__trial_1)
Waiting for OCEAN export lock (2280s waited, lock age 469s, owner_pid=3685, owner_case=/home/s5117909/Documents/thesis/thesis_codebase/database/20260603_194703_2syn_2tail_plain/cases/st1_8001_hz__st2_7001_hz__trial_1)
Waiting for OCEAN export lock (2340s waited, lock age 529s, owner_pid=3685, owner_case=/home/s5117909/Documents/thesis/thesis_codebase/database/20260603_194703_2syn_2tail_plain/cases/st1_8001_hz__st2_7001_hz__trial_1)
Waiting for OCEAN export lock (2400s waited, lock age 590s, owner_pid=3685, owner_case=/home/s5117909/Documents/thesis/thesis_codebase/database/20260603_194703_2syn_2tail_plain/cases/st1_8001_hz__st2_7001_hz__trial_1)
DONE case_id=65 run_name=st1_7001_hz__st2_2001_hz__trial_1 output_signals=/home/s5117909/Documents/thesis/thesis_codebase/database/20260603_194703_2syn_2tail_plain/cases/st1_7001_hz__st2_2001_hz__trial_1/output_signals.txt
RUN case_id=69 run_name=st1_7001_hz__st2_6001_hz__trial_1
Waiting for OCEAN export lock (60s waited, lock age 68s, owner_pid=24442, owner_case=/home/s5117909/Documents/thesis/thesis_codebase/database/20260603_194703_2syn_2tail_plain/cases/st1_8001_hz__st2_1001_hz__trial_1)
Waiting for OCEAN export lock (120s waited, lock age 129s, owner_pid=24442, owner_case=/home/s5117909/Documents/thesis/thesis_codebase/database/20260603_194703_2syn_2tail_plain/cases/st1_8001_hz__st2_1001_hz__trial_1)
Waiting for OCEAN export lock (180s waited, lock age 190s, owner_pid=24442, owner_case=/home/s5117909/Documents/thesis/thesis_codebase/database/20260603_194703_2syn_2tail_plain/cases/st1_8001_hz__st2_1001_hz__trial_1)
Waiting for OCEAN export lock (240s waited, lock age 250s, owner_pid=24442, owner_case=/home/s5117909/Documents/thesis/thesis_codebase/database/20260603_194703_2syn_2tail_plain/cases/st1_8001_hz__st2_1001_hz__trial_1)
Waiting for OCEAN export lock (300s waited, lock age 311s, owner_pid=24442, owner_case=/home/s5117909/Documents/thesis/thesis_codebase/database/20260603_194703_2syn_2tail_plain/cases/st1_8001_hz__st2_1001_hz__trial_1)
Waiting for OCEAN export lock (360s waited, lock age 28s, owner_pid=28641, owner_case=/home/s5117909/Documents/thesis/thesis_codebase/database/20260603_194703_2syn_2tail_plain/cases/st1_7001_hz__st2_7001_hz__trial_1)
Waiting for OCEAN export lock (420s waited, lock age 89s, owner_pid=28641, owner_case=/home/s5117909/Documents/thesis/thesis_codebase/database/20260603_194703_2syn_2tail_plain/cases/st1_7001_hz__st2_7001_hz__trial_1)
Waiting for OCEAN export lock (480s waited, lock age 150s, owner_pid=28641, owner_case=/home/s5117909/Documents/thesis/thesis_codebase/database/20260603_194703_2syn_2tail_plain/cases/st1_7001_hz__st2_7001_hz__trial_1)
Waiting for OCEAN export lock (540s waited, lock age 210s, owner_pid=28641, owner_case=/home/s5117909/Documents/thesis/thesis_codebase/database/20260603_194703_2syn_2tail_plain/cases/st1_7001_hz__st2_7001_hz__trial_1)
Waiting for OCEAN export lock (600s waited, lock age 271s, owner_pid=28641, owner_case=/home/s5117909/Documents/thesis/thesis_codebase/database/20260603_194703_2syn_2tail_plain/cases/st1_7001_hz__st2_7001_hz__trial_1)
Waiting for OCEAN export lock (660s waited, lock age 331s, owner_pid=28641, owner_case=/home/s5117909/Documents/thesis/thesis_codebase/database/20260603_194703_2syn_2tail_plain/cases/st1_7001_hz__st2_7001_hz__trial_1)
Waiting for OCEAN export lock (720s waited, lock age 392s, owner_pid=28641, owner_case=/home/s5117909/Documents/thesis/thesis_codebase/database/20260603_194703_2syn_2tail_plain/cases/st1_7001_hz__st2_7001_hz__trial_1)
Waiting for OCEAN export lock (780s waited, lock age 452s, owner_pid=28641, owner_case=/home/s5117909/Documents/thesis/thesis_codebase/database/20260603_194703_2syn_2tail_plain/cases/st1_7001_hz__st2_7001_hz__trial_1)
Waiting for OCEAN export lock (840s waited, lock age 513s, owner_pid=28641, owner_case=/home/s5117909/Documents/thesis/thesis_codebase/database/20260603_194703_2syn_2tail_plain/cases/st1_7001_hz__st2_7001_hz__trial_1)
Waiting for OCEAN export lock (900s waited, lock age 574s, owner_pid=28641, owner_case=/home/s5117909/Documents/thesis/thesis_codebase/database/20260603_194703_2syn_2tail_plain/cases/st1_7001_hz__st2_7001_hz__trial_1)
/home/s5117909/Documents/thesis/thesis_codebase/database/20260603_194703_2syn_2tail_plain/run_export_case.sh: line 106:  2912 Killed                  timeout --preserve-status --kill-after=30s "${timeout_seconds}s" "$cmd" -nograph -restore "$restore_arg" >> "$log_file" 2>&1
Retryable OCEAN export timeout/kill status=137.
Retryable OCEAN export failure; sleeping 20s before retry.
Waiting for OCEAN export lock (60s waited, lock age 79s, owner_pid=3685, owner_case=/home/s5117909/Documents/thesis/thesis_codebase/database/20260603_194703_2syn_2tail_plain/cases/st1_8001_hz__st2_7001_hz__trial_1)
Waiting for OCEAN export lock (120s waited, lock age 139s, owner_pid=3685, owner_case=/home/s5117909/Documents/thesis/thesis_codebase/database/20260603_194703_2syn_2tail_plain/cases/st1_8001_hz__st2_7001_hz__trial_1)
Waiting for OCEAN export lock (180s waited, lock age 200s, owner_pid=3685, owner_case=/home/s5117909/Documents/thesis/thesis_codebase/database/20260603_194703_2syn_2tail_plain/cases/st1_8001_hz__st2_7001_hz__trial_1)
Waiting for OCEAN export lock (240s waited, lock age 260s, owner_pid=3685, owner_case=/home/s5117909/Documents/thesis/thesis_codebase/database/20260603_194703_2syn_2tail_plain/cases/st1_8001_hz__st2_7001_hz__trial_1)
Waiting for OCEAN export lock (300s waited, lock age 321s, owner_pid=3685, owner_case=/home/s5117909/Documents/thesis/thesis_codebase/database/20260603_194703_2syn_2tail_plain/cases/st1_8001_hz__st2_7001_hz__trial_1)
Waiting for OCEAN export lock (360s waited, lock age 381s, owner_pid=3685, owner_case=/home/s5117909/Documents/thesis/thesis_codebase/database/20260603_194703_2syn_2tail_plain/cases/st1_8001_hz__st2_7001_hz__trial_1)
Waiting for OCEAN export lock (420s waited, lock age 442s, owner_pid=3685, owner_case=/home/s5117909/Documents/thesis/thesis_codebase/database/20260603_194703_2syn_2tail_plain/cases/st1_8001_hz__st2_7001_hz__trial_1)
Waiting for OCEAN export lock (480s waited, lock age 502s, owner_pid=3685, owner_case=/home/s5117909/Documents/thesis/thesis_codebase/database/20260603_194703_2syn_2tail_plain/cases/st1_8001_hz__st2_7001_hz__trial_1)
Waiting for OCEAN export lock (540s waited, lock age 563s, owner_pid=3685, owner_case=/home/s5117909/Documents/thesis/thesis_codebase/database/20260603_194703_2syn_2tail_plain/cases/st1_8001_hz__st2_7001_hz__trial_1)
Waiting for OCEAN export lock (600s waited, lock age 624s, owner_pid=3685, owner_case=/home/s5117909/Documents/thesis/thesis_codebase/database/20260603_194703_2syn_2tail_plain/cases/st1_8001_hz__st2_7001_hz__trial_1)
Waiting for OCEAN export lock (660s waited, lock age 52s, owner_pid=4084, owner_case=/home/s5117909/Documents/thesis/thesis_codebase/database/20260603_194703_2syn_2tail_plain/cases/st1_8001_hz__st2_2001_hz__trial_1)
Waiting for OCEAN export lock (720s waited, lock age 113s, owner_pid=4084, owner_case=/home/s5117909/Documents/thesis/thesis_codebase/database/20260603_194703_2syn_2tail_plain/cases/st1_8001_hz__st2_2001_hz__trial_1)
Waiting for OCEAN export lock (780s waited, lock age 176s, owner_pid=4084, owner_case=/home/s5117909/Documents/thesis/thesis_codebase/database/20260603_194703_2syn_2tail_plain/cases/st1_8001_hz__st2_2001_hz__trial_1)
Waiting for OCEAN export lock (840s waited, lock age 236s, owner_pid=4084, owner_case=/home/s5117909/Documents/thesis/thesis_codebase/database/20260603_194703_2syn_2tail_plain/cases/st1_8001_hz__st2_2001_hz__trial_1)
Waiting for OCEAN export lock (900s waited, lock age 297s, owner_pid=4084, owner_case=/home/s5117909/Documents/thesis/thesis_codebase/database/20260603_194703_2syn_2tail_plain/cases/st1_8001_hz__st2_2001_hz__trial_1)
Waiting for OCEAN export lock (960s waited, lock age 357s, owner_pid=4084, owner_case=/home/s5117909/Documents/thesis/thesis_codebase/database/20260603_194703_2syn_2tail_plain/cases/st1_8001_hz__st2_2001_hz__trial_1)
Waiting for OCEAN export lock (1020s waited, lock age 418s, owner_pid=4084, owner_case=/home/s5117909/Documents/thesis/thesis_codebase/database/20260603_194703_2syn_2tail_plain/cases/st1_8001_hz__st2_2001_hz__trial_1)
Waiting for OCEAN export lock (1080s waited, lock age 27s, owner_pid=23399, owner_case=/home/s5117909/Documents/thesis/thesis_codebase/database/20260603_194703_2syn_2tail_plain/cases/st1_8001_hz__st2_4001_hz__trial_1)
Waiting for OCEAN export lock (1140s waited, lock age 87s, owner_pid=23399, owner_case=/home/s5117909/Documents/thesis/thesis_codebase/database/20260603_194703_2syn_2tail_plain/cases/st1_8001_hz__st2_4001_hz__trial_1)
Waiting for OCEAN export lock (1200s waited, lock age 148s, owner_pid=23399, owner_case=/home/s5117909/Documents/thesis/thesis_codebase/database/20260603_194703_2syn_2tail_plain/cases/st1_8001_hz__st2_4001_hz__trial_1)
