Worker 0 started at Wed Jun  3 19:48:16 CEST 2026
RUN case_id=0 run_name=st1_1001_hz__st2_1001_hz__trial_1
DONE case_id=0 run_name=st1_1001_hz__st2_1001_hz__trial_1 output_signals=/home/s5117909/Documents/thesis/thesis_codebase/database/20260603_194703_2syn_2tail_plain/cases/st1_1001_hz__st2_1001_hz__trial_1/output_signals.txt
RUN case_id=4 run_name=st1_1001_hz__st2_4001_hz__trial_1
Waiting for OCEAN export lock (60s waited, lock age 27s, owner_pid=17195, owner_case=/home/s5117909/Documents/thesis/thesis_codebase/database/20260603_194703_2syn_2tail_plain/cases/st1_1001_hz__st2_3001_hz__trial_1)
Waiting for OCEAN export lock (120s waited, lock age 25s, owner_pid=28365, owner_case=/home/s5117909/Documents/thesis/thesis_codebase/database/20260603_194703_2syn_2tail_plain/cases/st1_1001_hz__st2_6001_hz__trial_1)
Waiting for OCEAN export lock (180s waited, lock age 86s, owner_pid=28365, owner_case=/home/s5117909/Documents/thesis/thesis_codebase/database/20260603_194703_2syn_2tail_plain/cases/st1_1001_hz__st2_6001_hz__trial_1)
Waiting for OCEAN export lock (240s waited, lock age 146s, owner_pid=28365, owner_case=/home/s5117909/Documents/thesis/thesis_codebase/database/20260603_194703_2syn_2tail_plain/cases/st1_1001_hz__st2_6001_hz__trial_1)
Waiting for OCEAN export lock (300s waited, lock age 6s, owner_pid=1313, owner_case=/home/s5117909/Documents/thesis/thesis_codebase/database/20260603_194703_2syn_2tail_plain/cases/st1_1001_hz__st2_7001_hz__trial_1)
Waiting for OCEAN export lock (360s waited, lock age 67s, owner_pid=1313, owner_case=/home/s5117909/Documents/thesis/thesis_codebase/database/20260603_194703_2syn_2tail_plain/cases/st1_1001_hz__st2_7001_hz__trial_1)
Waiting for OCEAN export lock (420s waited, lock age 127s, owner_pid=1313, owner_case=/home/s5117909/Documents/thesis/thesis_codebase/database/20260603_194703_2syn_2tail_plain/cases/st1_1001_hz__st2_7001_hz__trial_1)
Waiting for OCEAN export lock (480s waited, lock age 188s, owner_pid=1313, owner_case=/home/s5117909/Documents/thesis/thesis_codebase/database/20260603_194703_2syn_2tail_plain/cases/st1_1001_hz__st2_7001_hz__trial_1)
Waiting for OCEAN export lock (540s waited, lock age 249s, owner_pid=1313, owner_case=/home/s5117909/Documents/thesis/thesis_codebase/database/20260603_194703_2syn_2tail_plain/cases/st1_1001_hz__st2_7001_hz__trial_1)
Waiting for OCEAN export lock (600s waited, lock age 50s, owner_pid=22296, owner_case=/home/s5117909/Documents/thesis/thesis_codebase/database/20260603_194703_2syn_2tail_plain/cases/st1_1001_hz__st2_5001_hz__trial_1)
Waiting for OCEAN export lock (660s waited, lock age 111s, owner_pid=22296, owner_case=/home/s5117909/Documents/thesis/thesis_codebase/database/20260603_194703_2syn_2tail_plain/cases/st1_1001_hz__st2_5001_hz__trial_1)
Waiting for OCEAN export lock (720s waited, lock age 2s, owner_pid=14647, owner_case=/home/s5117909/Documents/thesis/thesis_codebase/database/20260603_194703_2syn_2tail_plain/cases/st1_1_hz__st2_1_hz__trial_1)
DONE case_id=4 run_name=st1_1001_hz__st2_4001_hz__trial_1 output_signals=/home/s5117909/Documents/thesis/thesis_codebase/database/20260603_194703_2syn_2tail_plain/cases/st1_1001_hz__st2_4001_hz__trial_1/output_signals.txt
RUN case_id=8 run_name=st1_1001_hz__st2_8001_hz__trial_1
Waiting for OCEAN export lock (60s waited, lock age 72s, owner_pid=12796, owner_case=/home/s5117909/Documents/thesis/thesis_codebase/database/20260603_194703_2syn_2tail_plain/cases/st1_1_hz__st2_6001_hz__trial_1)
Waiting for OCEAN export lock (120s waited, lock age 133s, owner_pid=12796, owner_case=/home/s5117909/Documents/thesis/thesis_codebase/database/20260603_194703_2syn_2tail_plain/cases/st1_1_hz__st2_6001_hz__trial_1)
Waiting for OCEAN export lock (180s waited, lock age 3s, owner_pid=4035, owner_case=/home/s5117909/Documents/thesis/thesis_codebase/database/20260603_194703_2syn_2tail_plain/cases/st1_1_hz__st2_4001_hz__trial_1)
DONE case_id=8 run_name=st1_1001_hz__st2_8001_hz__trial_1 output_signals=/home/s5117909/Documents/thesis/thesis_codebase/database/20260603_194703_2syn_2tail_plain/cases/st1_1001_hz__st2_8001_hz__trial_1/output_signals.txt
RUN case_id=12 run_name=st1_1_hz__st2_3001_hz__trial_1
Waiting for OCEAN export lock (60s waited, lock age 67s, owner_pid=15926, owner_case=/home/s5117909/Documents/thesis/thesis_codebase/database/20260603_194703_2syn_2tail_plain/cases/st1_1_hz__st2_5001_hz__trial_1)
DONE case_id=12 run_name=st1_1_hz__st2_3001_hz__trial_1 output_signals=/home/s5117909/Documents/thesis/thesis_codebase/database/20260603_194703_2syn_2tail_plain/cases/st1_1_hz__st2_3001_hz__trial_1/output_signals.txt
RUN case_id=16 run_name=st1_1_hz__st2_7001_hz__trial_1
Waiting for OCEAN export lock (60s waited, lock age 37s, owner_pid=11845, owner_case=/home/s5117909/Documents/thesis/thesis_codebase/database/20260603_194703_2syn_2tail_plain/cases/st1_1_hz__st2_8001_hz__trial_1)
Waiting for OCEAN export lock (120s waited, lock age 97s, owner_pid=11845, owner_case=/home/s5117909/Documents/thesis/thesis_codebase/database/20260603_194703_2syn_2tail_plain/cases/st1_1_hz__st2_8001_hz__trial_1)
Waiting for OCEAN export lock (180s waited, lock age 158s, owner_pid=11845, owner_case=/home/s5117909/Documents/thesis/thesis_codebase/database/20260603_194703_2syn_2tail_plain/cases/st1_1_hz__st2_8001_hz__trial_1)
Waiting for OCEAN export lock (240s waited, lock age 218s, owner_pid=11845, owner_case=/home/s5117909/Documents/thesis/thesis_codebase/database/20260603_194703_2syn_2tail_plain/cases/st1_1_hz__st2_8001_hz__trial_1)
Waiting for OCEAN export lock (300s waited, lock age 27s, owner_pid=15860, owner_case=/home/s5117909/Documents/thesis/thesis_codebase/database/20260603_194703_2syn_2tail_plain/cases/st1_2001_hz__st2_4001_hz__trial_1)
Waiting for OCEAN export lock (360s waited, lock age 87s, owner_pid=15860, owner_case=/home/s5117909/Documents/thesis/thesis_codebase/database/20260603_194703_2syn_2tail_plain/cases/st1_2001_hz__st2_4001_hz__trial_1)
Waiting for OCEAN export lock (420s waited, lock age 3s, owner_pid=323, owner_case=/home/s5117909/Documents/thesis/thesis_codebase/database/20260603_194703_2syn_2tail_plain/cases/st1_2001_hz__st2_3001_hz__trial_1)
Waiting for OCEAN export lock (480s waited, lock age 64s, owner_pid=323, owner_case=/home/s5117909/Documents/thesis/thesis_codebase/database/20260603_194703_2syn_2tail_plain/cases/st1_2001_hz__st2_3001_hz__trial_1)
Waiting for OCEAN export lock (540s waited, lock age 24s, owner_pid=12552, owner_case=/home/s5117909/Documents/thesis/thesis_codebase/database/20260603_194703_2syn_2tail_plain/cases/st1_2001_hz__st2_8001_hz__trial_1)
Waiting for OCEAN export lock (600s waited, lock age 84s, owner_pid=12552, owner_case=/home/s5117909/Documents/thesis/thesis_codebase/database/20260603_194703_2syn_2tail_plain/cases/st1_2001_hz__st2_8001_hz__trial_1)
Waiting for OCEAN export lock (660s waited, lock age 145s, owner_pid=12552, owner_case=/home/s5117909/Documents/thesis/thesis_codebase/database/20260603_194703_2syn_2tail_plain/cases/st1_2001_hz__st2_8001_hz__trial_1)
Waiting for OCEAN export lock (720s waited, lock age 205s, owner_pid=12552, owner_case=/home/s5117909/Documents/thesis/thesis_codebase/database/20260603_194703_2syn_2tail_plain/cases/st1_2001_hz__st2_8001_hz__trial_1)
Waiting for OCEAN export lock (780s waited, lock age 266s, owner_pid=12552, owner_case=/home/s5117909/Documents/thesis/thesis_codebase/database/20260603_194703_2syn_2tail_plain/cases/st1_2001_hz__st2_8001_hz__trial_1)
Waiting for OCEAN export lock (840s waited, lock age 326s, owner_pid=12552, owner_case=/home/s5117909/Documents/thesis/thesis_codebase/database/20260603_194703_2syn_2tail_plain/cases/st1_2001_hz__st2_8001_hz__trial_1)
Waiting for OCEAN export lock (900s waited, lock age 387s, owner_pid=12552, owner_case=/home/s5117909/Documents/thesis/thesis_codebase/database/20260603_194703_2syn_2tail_plain/cases/st1_2001_hz__st2_8001_hz__trial_1)
Waiting for OCEAN export lock (960s waited, lock age 36s, owner_pid=19942, owner_case=/home/s5117909/Documents/thesis/thesis_codebase/database/20260603_194703_2syn_2tail_plain/cases/st1_2001_hz__st2_7001_hz__trial_1)
Waiting for OCEAN export lock (1020s waited, lock age 97s, owner_pid=19942, owner_case=/home/s5117909/Documents/thesis/thesis_codebase/database/20260603_194703_2syn_2tail_plain/cases/st1_2001_hz__st2_7001_hz__trial_1)
Waiting for OCEAN export lock (1080s waited, lock age 157s, owner_pid=19942, owner_case=/home/s5117909/Documents/thesis/thesis_codebase/database/20260603_194703_2syn_2tail_plain/cases/st1_2001_hz__st2_7001_hz__trial_1)
Waiting for OCEAN export lock (1140s waited, lock age 218s, owner_pid=19942, owner_case=/home/s5117909/Documents/thesis/thesis_codebase/database/20260603_194703_2syn_2tail_plain/cases/st1_2001_hz__st2_7001_hz__trial_1)
Waiting for OCEAN export lock (1200s waited, lock age 278s, owner_pid=19942, owner_case=/home/s5117909/Documents/thesis/thesis_codebase/database/20260603_194703_2syn_2tail_plain/cases/st1_2001_hz__st2_7001_hz__trial_1)
Waiting for OCEAN export lock (1260s waited, lock age 34s, owner_pid=9484, owner_case=/home/s5117909/Documents/thesis/thesis_codebase/database/20260603_194703_2syn_2tail_plain/cases/st1_3001_hz__st2_3001_hz__trial_1)
Waiting for OCEAN export lock (1320s waited, lock age 94s, owner_pid=9484, owner_case=/home/s5117909/Documents/thesis/thesis_codebase/database/20260603_194703_2syn_2tail_plain/cases/st1_3001_hz__st2_3001_hz__trial_1)
DONE case_id=16 run_name=st1_1_hz__st2_7001_hz__trial_1 output_signals=/home/s5117909/Documents/thesis/thesis_codebase/database/20260603_194703_2syn_2tail_plain/cases/st1_1_hz__st2_7001_hz__trial_1/output_signals.txt
RUN case_id=20 run_name=st1_2001_hz__st2_2001_hz__trial_1
Waiting for OCEAN export lock (60s waited, lock age 64s, owner_pid=26381, owner_case=/home/s5117909/Documents/thesis/thesis_codebase/database/20260603_194703_2syn_2tail_plain/cases/st1_3001_hz__st2_2001_hz__trial_1)
DONE case_id=20 run_name=st1_2001_hz__st2_2001_hz__trial_1 output_signals=/home/s5117909/Documents/thesis/thesis_codebase/database/20260603_194703_2syn_2tail_plain/cases/st1_2001_hz__st2_2001_hz__trial_1/output_signals.txt
RUN case_id=24 run_name=st1_2001_hz__st2_6001_hz__trial_1
Waiting for OCEAN export lock (60s waited, lock age 73s, owner_pid=2700, owner_case=/home/s5117909/Documents/thesis/thesis_codebase/database/20260603_194703_2syn_2tail_plain/cases/st1_3001_hz__st2_7001_hz__trial_1)
Waiting for OCEAN export lock (120s waited, lock age 133s, owner_pid=2700, owner_case=/home/s5117909/Documents/thesis/thesis_codebase/database/20260603_194703_2syn_2tail_plain/cases/st1_3001_hz__st2_7001_hz__trial_1)
Waiting for OCEAN export lock (180s waited, lock age 194s, owner_pid=2700, owner_case=/home/s5117909/Documents/thesis/thesis_codebase/database/20260603_194703_2syn_2tail_plain/cases/st1_3001_hz__st2_7001_hz__trial_1)
Waiting for OCEAN export lock (240s waited, lock age 254s, owner_pid=2700, owner_case=/home/s5117909/Documents/thesis/thesis_codebase/database/20260603_194703_2syn_2tail_plain/cases/st1_3001_hz__st2_7001_hz__trial_1)
Waiting for OCEAN export lock (300s waited, lock age 315s, owner_pid=2700, owner_case=/home/s5117909/Documents/thesis/thesis_codebase/database/20260603_194703_2syn_2tail_plain/cases/st1_3001_hz__st2_7001_hz__trial_1)
Waiting for OCEAN export lock (360s waited, lock age 375s, owner_pid=2700, owner_case=/home/s5117909/Documents/thesis/thesis_codebase/database/20260603_194703_2syn_2tail_plain/cases/st1_3001_hz__st2_7001_hz__trial_1)
Waiting for OCEAN export lock (420s waited, lock age 44s, owner_pid=6714, owner_case=/home/s5117909/Documents/thesis/thesis_codebase/database/20260603_194703_2syn_2tail_plain/cases/st1_2001_hz__st2_5001_hz__trial_1)
Waiting for OCEAN export lock (480s waited, lock age 104s, owner_pid=6714, owner_case=/home/s5117909/Documents/thesis/thesis_codebase/database/20260603_194703_2syn_2tail_plain/cases/st1_2001_hz__st2_5001_hz__trial_1)
Waiting for OCEAN export lock (540s waited, lock age 165s, owner_pid=6714, owner_case=/home/s5117909/Documents/thesis/thesis_codebase/database/20260603_194703_2syn_2tail_plain/cases/st1_2001_hz__st2_5001_hz__trial_1)
Waiting for OCEAN export lock (600s waited, lock age 36s, owner_pid=20468, owner_case=/home/s5117909/Documents/thesis/thesis_codebase/database/20260603_194703_2syn_2tail_plain/cases/st1_3001_hz__st2_6001_hz__trial_1)
Waiting for OCEAN export lock (660s waited, lock age 97s, owner_pid=20468, owner_case=/home/s5117909/Documents/thesis/thesis_codebase/database/20260603_194703_2syn_2tail_plain/cases/st1_3001_hz__st2_6001_hz__trial_1)
Waiting for OCEAN export lock (720s waited, lock age 157s, owner_pid=20468, owner_case=/home/s5117909/Documents/thesis/thesis_codebase/database/20260603_194703_2syn_2tail_plain/cases/st1_3001_hz__st2_6001_hz__trial_1)
Waiting for OCEAN export lock (780s waited, lock age 218s, owner_pid=20468, owner_case=/home/s5117909/Documents/thesis/thesis_codebase/database/20260603_194703_2syn_2tail_plain/cases/st1_3001_hz__st2_6001_hz__trial_1)
Waiting for OCEAN export lock (840s waited, lock age 278s, owner_pid=20468, owner_case=/home/s5117909/Documents/thesis/thesis_codebase/database/20260603_194703_2syn_2tail_plain/cases/st1_3001_hz__st2_6001_hz__trial_1)
DONE case_id=24 run_name=st1_2001_hz__st2_6001_hz__trial_1 output_signals=/home/s5117909/Documents/thesis/thesis_codebase/database/20260603_194703_2syn_2tail_plain/cases/st1_2001_hz__st2_6001_hz__trial_1/output_signals.txt
RUN case_id=28 run_name=st1_3001_hz__st2_1_hz__trial_1
Waiting for OCEAN export lock (60s waited, lock age 6s, owner_pid=12303, owner_case=/home/s5117909/Documents/thesis/thesis_codebase/database/20260603_194703_2syn_2tail_plain/cases/st1_4001_hz__st2_2001_hz__trial_1)
Waiting for OCEAN export lock (120s waited, lock age 66s, owner_pid=12303, owner_case=/home/s5117909/Documents/thesis/thesis_codebase/database/20260603_194703_2syn_2tail_plain/cases/st1_4001_hz__st2_2001_hz__trial_1)
Waiting for OCEAN export lock (180s waited, lock age 127s, owner_pid=12303, owner_case=/home/s5117909/Documents/thesis/thesis_codebase/database/20260603_194703_2syn_2tail_plain/cases/st1_4001_hz__st2_2001_hz__trial_1)
Waiting for OCEAN export lock (240s waited, lock age 54s, owner_pid=24005, owner_case=/home/s5117909/Documents/thesis/thesis_codebase/database/20260603_194703_2syn_2tail_plain/cases/st1_3001_hz__st2_1001_hz__trial_1)
Waiting for OCEAN export lock (300s waited, lock age 53s, owner_pid=1714, owner_case=/home/s5117909/Documents/thesis/thesis_codebase/database/20260603_194703_2syn_2tail_plain/cases/st1_4001_hz__st2_6001_hz__trial_1)
Waiting for OCEAN export lock (360s waited, lock age 113s, owner_pid=1714, owner_case=/home/s5117909/Documents/thesis/thesis_codebase/database/20260603_194703_2syn_2tail_plain/cases/st1_4001_hz__st2_6001_hz__trial_1)
Waiting for OCEAN export lock (420s waited, lock age 174s, owner_pid=1714, owner_case=/home/s5117909/Documents/thesis/thesis_codebase/database/20260603_194703_2syn_2tail_plain/cases/st1_4001_hz__st2_6001_hz__trial_1)
Waiting for OCEAN export lock (480s waited, lock age 234s, owner_pid=1714, owner_case=/home/s5117909/Documents/thesis/thesis_codebase/database/20260603_194703_2syn_2tail_plain/cases/st1_4001_hz__st2_6001_hz__trial_1)
Waiting for OCEAN export lock (540s waited, lock age 295s, owner_pid=1714, owner_case=/home/s5117909/Documents/thesis/thesis_codebase/database/20260603_194703_2syn_2tail_plain/cases/st1_4001_hz__st2_6001_hz__trial_1)
Waiting for OCEAN export lock (600s waited, lock age 355s, owner_pid=1714, owner_case=/home/s5117909/Documents/thesis/thesis_codebase/database/20260603_194703_2syn_2tail_plain/cases/st1_4001_hz__st2_6001_hz__trial_1)
Waiting for OCEAN export lock (660s waited, lock age 26s, owner_pid=5584, owner_case=/home/s5117909/Documents/thesis/thesis_codebase/database/20260603_194703_2syn_2tail_plain/cases/st1_3001_hz__st2_4001_hz__trial_1)
Waiting for OCEAN export lock (720s waited, lock age 86s, owner_pid=5584, owner_case=/home/s5117909/Documents/thesis/thesis_codebase/database/20260603_194703_2syn_2tail_plain/cases/st1_3001_hz__st2_4001_hz__trial_1)
Waiting for OCEAN export lock (780s waited, lock age 147s, owner_pid=5584, owner_case=/home/s5117909/Documents/thesis/thesis_codebase/database/20260603_194703_2syn_2tail_plain/cases/st1_3001_hz__st2_4001_hz__trial_1)
DONE case_id=28 run_name=st1_3001_hz__st2_1_hz__trial_1 output_signals=/home/s5117909/Documents/thesis/thesis_codebase/database/20260603_194703_2syn_2tail_plain/cases/st1_3001_hz__st2_1_hz__trial_1/output_signals.txt
RUN case_id=32 run_name=st1_3001_hz__st2_5001_hz__trial_1
Waiting for OCEAN export lock (60s waited, lock age 66s, owner_pid=26966, owner_case=/home/s5117909/Documents/thesis/thesis_codebase/database/20260603_194703_2syn_2tail_plain/cases/st1_4001_hz__st2_5001_hz__trial_1)
Waiting for OCEAN export lock (120s waited, lock age 127s, owner_pid=26966, owner_case=/home/s5117909/Documents/thesis/thesis_codebase/database/20260603_194703_2syn_2tail_plain/cases/st1_4001_hz__st2_5001_hz__trial_1)
Waiting for OCEAN export lock (180s waited, lock age 189s, owner_pid=26966, owner_case=/home/s5117909/Documents/thesis/thesis_codebase/database/20260603_194703_2syn_2tail_plain/cases/st1_4001_hz__st2_5001_hz__trial_1)
Waiting for OCEAN export lock (240s waited, lock age 249s, owner_pid=26966, owner_case=/home/s5117909/Documents/thesis/thesis_codebase/database/20260603_194703_2syn_2tail_plain/cases/st1_4001_hz__st2_5001_hz__trial_1)
Waiting for OCEAN export lock (300s waited, lock age 310s, owner_pid=26966, owner_case=/home/s5117909/Documents/thesis/thesis_codebase/database/20260603_194703_2syn_2tail_plain/cases/st1_4001_hz__st2_5001_hz__trial_1)
Waiting for OCEAN export lock (360s waited, lock age 40s, owner_pid=10882, owner_case=/home/s5117909/Documents/thesis/thesis_codebase/database/20260603_194703_2syn_2tail_plain/cases/st1_3001_hz__st2_8001_hz__trial_1)
Waiting for OCEAN export lock (420s waited, lock age 101s, owner_pid=10882, owner_case=/home/s5117909/Documents/thesis/thesis_codebase/database/20260603_194703_2syn_2tail_plain/cases/st1_3001_hz__st2_8001_hz__trial_1)
Waiting for OCEAN export lock (480s waited, lock age 161s, owner_pid=10882, owner_case=/home/s5117909/Documents/thesis/thesis_codebase/database/20260603_194703_2syn_2tail_plain/cases/st1_3001_hz__st2_8001_hz__trial_1)
Waiting for OCEAN export lock (540s waited, lock age 222s, owner_pid=10882, owner_case=/home/s5117909/Documents/thesis/thesis_codebase/database/20260603_194703_2syn_2tail_plain/cases/st1_3001_hz__st2_8001_hz__trial_1)
Waiting for OCEAN export lock (600s waited, lock age 282s, owner_pid=10882, owner_case=/home/s5117909/Documents/thesis/thesis_codebase/database/20260603_194703_2syn_2tail_plain/cases/st1_3001_hz__st2_8001_hz__trial_1)
Waiting for OCEAN export lock (660s waited, lock age 343s, owner_pid=10882, owner_case=/home/s5117909/Documents/thesis/thesis_codebase/database/20260603_194703_2syn_2tail_plain/cases/st1_3001_hz__st2_8001_hz__trial_1)
Waiting for OCEAN export lock (720s waited, lock age 404s, owner_pid=10882, owner_case=/home/s5117909/Documents/thesis/thesis_codebase/database/20260603_194703_2syn_2tail_plain/cases/st1_3001_hz__st2_8001_hz__trial_1)
Waiting for OCEAN export lock (780s waited, lock age 466s, owner_pid=10882, owner_case=/home/s5117909/Documents/thesis/thesis_codebase/database/20260603_194703_2syn_2tail_plain/cases/st1_3001_hz__st2_8001_hz__trial_1)
Waiting for OCEAN export lock (840s waited, lock age 42s, owner_pid=4007, owner_case=/home/s5117909/Documents/thesis/thesis_codebase/database/20260603_194703_2syn_2tail_plain/cases/st1_5001_hz__st2_1001_hz__trial_1)
Waiting for OCEAN export lock (900s waited, lock age 102s, owner_pid=4007, owner_case=/home/s5117909/Documents/thesis/thesis_codebase/database/20260603_194703_2syn_2tail_plain/cases/st1_5001_hz__st2_1001_hz__trial_1)
Waiting for OCEAN export lock (960s waited, lock age 12s, owner_pid=1100, owner_case=/home/s5117909/Documents/thesis/thesis_codebase/database/20260603_194703_2syn_2tail_plain/cases/st1_4001_hz__st2_3001_hz__trial_1)
Waiting for OCEAN export lock (1020s waited, lock age 72s, owner_pid=1100, owner_case=/home/s5117909/Documents/thesis/thesis_codebase/database/20260603_194703_2syn_2tail_plain/cases/st1_4001_hz__st2_3001_hz__trial_1)
Waiting for OCEAN export lock (1080s waited, lock age 133s, owner_pid=1100, owner_case=/home/s5117909/Documents/thesis/thesis_codebase/database/20260603_194703_2syn_2tail_plain/cases/st1_4001_hz__st2_3001_hz__trial_1)
Waiting for OCEAN export lock (1140s waited, lock age 193s, owner_pid=1100, owner_case=/home/s5117909/Documents/thesis/thesis_codebase/database/20260603_194703_2syn_2tail_plain/cases/st1_4001_hz__st2_3001_hz__trial_1)
Waiting for OCEAN export lock (1200s waited, lock age 49s, owner_pid=12740, owner_case=/home/s5117909/Documents/thesis/thesis_codebase/database/20260603_194703_2syn_2tail_plain/cases/st1_5001_hz__st2_4001_hz__trial_1)
Waiting for OCEAN export lock (1260s waited, lock age 109s, owner_pid=12740, owner_case=/home/s5117909/Documents/thesis/thesis_codebase/database/20260603_194703_2syn_2tail_plain/cases/st1_5001_hz__st2_4001_hz__trial_1)
Waiting for OCEAN export lock (1320s waited, lock age 170s, owner_pid=12740, owner_case=/home/s5117909/Documents/thesis/thesis_codebase/database/20260603_194703_2syn_2tail_plain/cases/st1_5001_hz__st2_4001_hz__trial_1)
Waiting for OCEAN export lock (1380s waited, lock age 230s, owner_pid=12740, owner_case=/home/s5117909/Documents/thesis/thesis_codebase/database/20260603_194703_2syn_2tail_plain/cases/st1_5001_hz__st2_4001_hz__trial_1)
Waiting for OCEAN export lock (1440s waited, lock age 293s, owner_pid=12740, owner_case=/home/s5117909/Documents/thesis/thesis_codebase/database/20260603_194703_2syn_2tail_plain/cases/st1_5001_hz__st2_4001_hz__trial_1)
Waiting for OCEAN export lock (1500s waited, lock age 24s, owner_pid=25139, owner_case=/home/s5117909/Documents/thesis/thesis_codebase/database/20260603_194703_2syn_2tail_plain/cases/st1_4001_hz__st2_7001_hz__trial_1)
Waiting for OCEAN export lock (1560s waited, lock age 85s, owner_pid=25139, owner_case=/home/s5117909/Documents/thesis/thesis_codebase/database/20260603_194703_2syn_2tail_plain/cases/st1_4001_hz__st2_7001_hz__trial_1)
Waiting for OCEAN export lock (1620s waited, lock age 145s, owner_pid=25139, owner_case=/home/s5117909/Documents/thesis/thesis_codebase/database/20260603_194703_2syn_2tail_plain/cases/st1_4001_hz__st2_7001_hz__trial_1)
Waiting for OCEAN export lock (1680s waited, lock age 206s, owner_pid=25139, owner_case=/home/s5117909/Documents/thesis/thesis_codebase/database/20260603_194703_2syn_2tail_plain/cases/st1_4001_hz__st2_7001_hz__trial_1)
Waiting for OCEAN export lock (1740s waited, lock age 266s, owner_pid=25139, owner_case=/home/s5117909/Documents/thesis/thesis_codebase/database/20260603_194703_2syn_2tail_plain/cases/st1_4001_hz__st2_7001_hz__trial_1)
Waiting for OCEAN export lock (1800s waited, lock age 327s, owner_pid=25139, owner_case=/home/s5117909/Documents/thesis/thesis_codebase/database/20260603_194703_2syn_2tail_plain/cases/st1_4001_hz__st2_7001_hz__trial_1)
Waiting for OCEAN export lock (1860s waited, lock age 387s, owner_pid=25139, owner_case=/home/s5117909/Documents/thesis/thesis_codebase/database/20260603_194703_2syn_2tail_plain/cases/st1_4001_hz__st2_7001_hz__trial_1)
Waiting for OCEAN export lock (1920s waited, lock age 448s, owner_pid=25139, owner_case=/home/s5117909/Documents/thesis/thesis_codebase/database/20260603_194703_2syn_2tail_plain/cases/st1_4001_hz__st2_7001_hz__trial_1)
Waiting for OCEAN export lock (1980s waited, lock age 52s, owner_pid=30668, owner_case=/home/s5117909/Documents/thesis/thesis_codebase/database/20260603_194703_2syn_2tail_plain/cases/st1_5001_hz__st2_1_hz__trial_1)
Waiting for OCEAN export lock (2040s waited, lock age 12s, owner_pid=10303, owner_case=/home/s5117909/Documents/thesis/thesis_codebase/database/20260603_194703_2syn_2tail_plain/cases/st1_5001_hz__st2_2001_hz__trial_1)
Waiting for OCEAN export lock (2100s waited, lock age 73s, owner_pid=10303, owner_case=/home/s5117909/Documents/thesis/thesis_codebase/database/20260603_194703_2syn_2tail_plain/cases/st1_5001_hz__st2_2001_hz__trial_1)
Waiting for OCEAN export lock (2160s waited, lock age 134s, owner_pid=10303, owner_case=/home/s5117909/Documents/thesis/thesis_codebase/database/20260603_194703_2syn_2tail_plain/cases/st1_5001_hz__st2_2001_hz__trial_1)
Waiting for OCEAN export lock (2220s waited, lock age 194s, owner_pid=10303, owner_case=/home/s5117909/Documents/thesis/thesis_codebase/database/20260603_194703_2syn_2tail_plain/cases/st1_5001_hz__st2_2001_hz__trial_1)
Waiting for OCEAN export lock (2280s waited, lock age 53s, owner_pid=15502, owner_case=/home/s5117909/Documents/thesis/thesis_codebase/database/20260603_194703_2syn_2tail_plain/cases/st1_5001_hz__st2_8001_hz__trial_1)
Waiting for OCEAN export lock (2340s waited, lock age 114s, owner_pid=15502, owner_case=/home/s5117909/Documents/thesis/thesis_codebase/database/20260603_194703_2syn_2tail_plain/cases/st1_5001_hz__st2_8001_hz__trial_1)
Waiting for OCEAN export lock (2400s waited, lock age 174s, owner_pid=15502, owner_case=/home/s5117909/Documents/thesis/thesis_codebase/database/20260603_194703_2syn_2tail_plain/cases/st1_5001_hz__st2_8001_hz__trial_1)
Waiting for OCEAN export lock (2460s waited, lock age 235s, owner_pid=15502, owner_case=/home/s5117909/Documents/thesis/thesis_codebase/database/20260603_194703_2syn_2tail_plain/cases/st1_5001_hz__st2_8001_hz__trial_1)
Waiting for OCEAN export lock (2520s waited, lock age 297s, owner_pid=15502, owner_case=/home/s5117909/Documents/thesis/thesis_codebase/database/20260603_194703_2syn_2tail_plain/cases/st1_5001_hz__st2_8001_hz__trial_1)
Waiting for OCEAN export lock (2580s waited, lock age 357s, owner_pid=15502, owner_case=/home/s5117909/Documents/thesis/thesis_codebase/database/20260603_194703_2syn_2tail_plain/cases/st1_5001_hz__st2_8001_hz__trial_1)
Waiting for OCEAN export lock (2640s waited, lock age 420s, owner_pid=15502, owner_case=/home/s5117909/Documents/thesis/thesis_codebase/database/20260603_194703_2syn_2tail_plain/cases/st1_5001_hz__st2_8001_hz__trial_1)
Waiting for OCEAN export lock (2700s waited, lock age 481s, owner_pid=15502, owner_case=/home/s5117909/Documents/thesis/thesis_codebase/database/20260603_194703_2syn_2tail_plain/cases/st1_5001_hz__st2_8001_hz__trial_1)
Waiting for OCEAN export lock (2760s waited, lock age 541s, owner_pid=15502, owner_case=/home/s5117909/Documents/thesis/thesis_codebase/database/20260603_194703_2syn_2tail_plain/cases/st1_5001_hz__st2_8001_hz__trial_1)
Waiting for OCEAN export lock (2820s waited, lock age 602s, owner_pid=15502, owner_case=/home/s5117909/Documents/thesis/thesis_codebase/database/20260603_194703_2syn_2tail_plain/cases/st1_5001_hz__st2_8001_hz__trial_1)
DONE case_id=32 run_name=st1_3001_hz__st2_5001_hz__trial_1 output_signals=/home/s5117909/Documents/thesis/thesis_codebase/database/20260603_194703_2syn_2tail_plain/cases/st1_3001_hz__st2_5001_hz__trial_1/output_signals.txt
RUN case_id=36 run_name=st1_4001_hz__st2_1001_hz__trial_1
Waiting for OCEAN export lock (60s waited, lock age 65s, owner_pid=29449, owner_case=/home/s5117909/Documents/thesis/thesis_codebase/database/20260603_194703_2syn_2tail_plain/cases/st1_5001_hz__st2_6001_hz__trial_1)
Waiting for OCEAN export lock (120s waited, lock age 128s, owner_pid=29449, owner_case=/home/s5117909/Documents/thesis/thesis_codebase/database/20260603_194703_2syn_2tail_plain/cases/st1_5001_hz__st2_6001_hz__trial_1)
Waiting for OCEAN export lock (180s waited, lock age 188s, owner_pid=29449, owner_case=/home/s5117909/Documents/thesis/thesis_codebase/database/20260603_194703_2syn_2tail_plain/cases/st1_5001_hz__st2_6001_hz__trial_1)
Waiting for OCEAN export lock (240s waited, lock age 249s, owner_pid=29449, owner_case=/home/s5117909/Documents/thesis/thesis_codebase/database/20260603_194703_2syn_2tail_plain/cases/st1_5001_hz__st2_6001_hz__trial_1)
Waiting for OCEAN export lock (300s waited, lock age 309s, owner_pid=29449, owner_case=/home/s5117909/Documents/thesis/thesis_codebase/database/20260603_194703_2syn_2tail_plain/cases/st1_5001_hz__st2_6001_hz__trial_1)
Waiting for OCEAN export lock (360s waited, lock age 370s, owner_pid=29449, owner_case=/home/s5117909/Documents/thesis/thesis_codebase/database/20260603_194703_2syn_2tail_plain/cases/st1_5001_hz__st2_6001_hz__trial_1)
Waiting for OCEAN export lock (420s waited, lock age 430s, owner_pid=29449, owner_case=/home/s5117909/Documents/thesis/thesis_codebase/database/20260603_194703_2syn_2tail_plain/cases/st1_5001_hz__st2_6001_hz__trial_1)
Waiting for OCEAN export lock (480s waited, lock age 42s, owner_pid=15502, owner_case=/home/s5117909/Documents/thesis/thesis_codebase/database/20260603_194703_2syn_2tail_plain/cases/st1_5001_hz__st2_8001_hz__trial_1)
Waiting for OCEAN export lock (540s waited, lock age 102s, owner_pid=15502, owner_case=/home/s5117909/Documents/thesis/thesis_codebase/database/20260603_194703_2syn_2tail_plain/cases/st1_5001_hz__st2_8001_hz__trial_1)
Waiting for OCEAN export lock (600s waited, lock age 163s, owner_pid=15502, owner_case=/home/s5117909/Documents/thesis/thesis_codebase/database/20260603_194703_2syn_2tail_plain/cases/st1_5001_hz__st2_8001_hz__trial_1)
Waiting for OCEAN export lock (660s waited, lock age 223s, owner_pid=15502, owner_case=/home/s5117909/Documents/thesis/thesis_codebase/database/20260603_194703_2syn_2tail_plain/cases/st1_5001_hz__st2_8001_hz__trial_1)
Waiting for OCEAN export lock (720s waited, lock age 286s, owner_pid=15502, owner_case=/home/s5117909/Documents/thesis/thesis_codebase/database/20260603_194703_2syn_2tail_plain/cases/st1_5001_hz__st2_8001_hz__trial_1)
Waiting for OCEAN export lock (780s waited, lock age 347s, owner_pid=15502, owner_case=/home/s5117909/Documents/thesis/thesis_codebase/database/20260603_194703_2syn_2tail_plain/cases/st1_5001_hz__st2_8001_hz__trial_1)
Waiting for OCEAN export lock (840s waited, lock age 408s, owner_pid=15502, owner_case=/home/s5117909/Documents/thesis/thesis_codebase/database/20260603_194703_2syn_2tail_plain/cases/st1_5001_hz__st2_8001_hz__trial_1)
Waiting for OCEAN export lock (900s waited, lock age 468s, owner_pid=15502, owner_case=/home/s5117909/Documents/thesis/thesis_codebase/database/20260603_194703_2syn_2tail_plain/cases/st1_5001_hz__st2_8001_hz__trial_1)
Waiting for OCEAN export lock (960s waited, lock age 529s, owner_pid=15502, owner_case=/home/s5117909/Documents/thesis/thesis_codebase/database/20260603_194703_2syn_2tail_plain/cases/st1_5001_hz__st2_8001_hz__trial_1)
Waiting for OCEAN export lock (1020s waited, lock age 589s, owner_pid=15502, owner_case=/home/s5117909/Documents/thesis/thesis_codebase/database/20260603_194703_2syn_2tail_plain/cases/st1_5001_hz__st2_8001_hz__trial_1)
Waiting for OCEAN export lock (1080s waited, lock age 18s, owner_pid=18754, owner_case=/home/s5117909/Documents/thesis/thesis_codebase/database/20260603_194703_2syn_2tail_plain/cases/st1_5001_hz__st2_5001_hz__trial_1)
Waiting for OCEAN export lock (1140s waited, lock age 78s, owner_pid=18754, owner_case=/home/s5117909/Documents/thesis/thesis_codebase/database/20260603_194703_2syn_2tail_plain/cases/st1_5001_hz__st2_5001_hz__trial_1)
Waiting for OCEAN export lock (1200s waited, lock age 139s, owner_pid=18754, owner_case=/home/s5117909/Documents/thesis/thesis_codebase/database/20260603_194703_2syn_2tail_plain/cases/st1_5001_hz__st2_5001_hz__trial_1)
Waiting for OCEAN export lock (1260s waited, lock age 199s, owner_pid=18754, owner_case=/home/s5117909/Documents/thesis/thesis_codebase/database/20260603_194703_2syn_2tail_plain/cases/st1_5001_hz__st2_5001_hz__trial_1)
Waiting for OCEAN export lock (1320s waited, lock age 261s, owner_pid=18754, owner_case=/home/s5117909/Documents/thesis/thesis_codebase/database/20260603_194703_2syn_2tail_plain/cases/st1_5001_hz__st2_5001_hz__trial_1)
Waiting for OCEAN export lock (1380s waited, lock age 322s, owner_pid=18754, owner_case=/home/s5117909/Documents/thesis/thesis_codebase/database/20260603_194703_2syn_2tail_plain/cases/st1_5001_hz__st2_5001_hz__trial_1)
Waiting for OCEAN export lock (1440s waited, lock age 382s, owner_pid=18754, owner_case=/home/s5117909/Documents/thesis/thesis_codebase/database/20260603_194703_2syn_2tail_plain/cases/st1_5001_hz__st2_5001_hz__trial_1)
Waiting for OCEAN export lock (1500s waited, lock age 41s, owner_pid=10298, owner_case=/home/s5117909/Documents/thesis/thesis_codebase/database/20260603_194703_2syn_2tail_plain/cases/st1_6001_hz__st2_1_hz__trial_1)
Waiting for OCEAN export lock (1560s waited, lock age 101s, owner_pid=10298, owner_case=/home/s5117909/Documents/thesis/thesis_codebase/database/20260603_194703_2syn_2tail_plain/cases/st1_6001_hz__st2_1_hz__trial_1)
DONE case_id=36 run_name=st1_4001_hz__st2_1001_hz__trial_1 output_signals=/home/s5117909/Documents/thesis/thesis_codebase/database/20260603_194703_2syn_2tail_plain/cases/st1_4001_hz__st2_1001_hz__trial_1/output_signals.txt
RUN case_id=40 run_name=st1_4001_hz__st2_4001_hz__trial_1
Waiting for OCEAN export lock (60s waited, lock age 67s, owner_pid=19892, owner_case=/home/s5117909/Documents/thesis/thesis_codebase/database/20260603_194703_2syn_2tail_plain/cases/st1_6001_hz__st2_5001_hz__trial_1)
Waiting for OCEAN export lock (120s waited, lock age 128s, owner_pid=19892, owner_case=/home/s5117909/Documents/thesis/thesis_codebase/database/20260603_194703_2syn_2tail_plain/cases/st1_6001_hz__st2_5001_hz__trial_1)
Waiting for OCEAN export lock (180s waited, lock age 188s, owner_pid=19892, owner_case=/home/s5117909/Documents/thesis/thesis_codebase/database/20260603_194703_2syn_2tail_plain/cases/st1_6001_hz__st2_5001_hz__trial_1)
Waiting for OCEAN export lock (240s waited, lock age 249s, owner_pid=19892, owner_case=/home/s5117909/Documents/thesis/thesis_codebase/database/20260603_194703_2syn_2tail_plain/cases/st1_6001_hz__st2_5001_hz__trial_1)
Waiting for OCEAN export lock (300s waited, lock age 310s, owner_pid=19892, owner_case=/home/s5117909/Documents/thesis/thesis_codebase/database/20260603_194703_2syn_2tail_plain/cases/st1_6001_hz__st2_5001_hz__trial_1)
Waiting for OCEAN export lock (360s waited, lock age 370s, owner_pid=19892, owner_case=/home/s5117909/Documents/thesis/thesis_codebase/database/20260603_194703_2syn_2tail_plain/cases/st1_6001_hz__st2_5001_hz__trial_1)
Waiting for OCEAN export lock (420s waited, lock age 431s, owner_pid=19892, owner_case=/home/s5117909/Documents/thesis/thesis_codebase/database/20260603_194703_2syn_2tail_plain/cases/st1_6001_hz__st2_5001_hz__trial_1)
DONE case_id=40 run_name=st1_4001_hz__st2_4001_hz__trial_1 output_signals=/home/s5117909/Documents/thesis/thesis_codebase/database/20260603_194703_2syn_2tail_plain/cases/st1_4001_hz__st2_4001_hz__trial_1/output_signals.txt
RUN case_id=44 run_name=st1_4001_hz__st2_8001_hz__trial_1
Waiting for OCEAN export lock (60s waited, lock age 75s, owner_pid=24275, owner_case=/home/s5117909/Documents/thesis/thesis_codebase/database/20260603_194703_2syn_2tail_plain/cases/st1_7001_hz__st2_1001_hz__trial_1)
Waiting for OCEAN export lock (120s waited, lock age 137s, owner_pid=24275, owner_case=/home/s5117909/Documents/thesis/thesis_codebase/database/20260603_194703_2syn_2tail_plain/cases/st1_7001_hz__st2_1001_hz__trial_1)
Waiting for OCEAN export lock (180s waited, lock age 197s, owner_pid=24275, owner_case=/home/s5117909/Documents/thesis/thesis_codebase/database/20260603_194703_2syn_2tail_plain/cases/st1_7001_hz__st2_1001_hz__trial_1)
Waiting for OCEAN export lock (240s waited, lock age 258s, owner_pid=24275, owner_case=/home/s5117909/Documents/thesis/thesis_codebase/database/20260603_194703_2syn_2tail_plain/cases/st1_7001_hz__st2_1001_hz__trial_1)
Waiting for OCEAN export lock (300s waited, lock age 58s, owner_pid=10898, owner_case=/home/s5117909/Documents/thesis/thesis_codebase/database/20260603_194703_2syn_2tail_plain/cases/st1_6001_hz__st2_1001_hz__trial_1)
Waiting for OCEAN export lock (360s waited, lock age 119s, owner_pid=10898, owner_case=/home/s5117909/Documents/thesis/thesis_codebase/database/20260603_194703_2syn_2tail_plain/cases/st1_6001_hz__st2_1001_hz__trial_1)
Waiting for OCEAN export lock (420s waited, lock age 180s, owner_pid=10898, owner_case=/home/s5117909/Documents/thesis/thesis_codebase/database/20260603_194703_2syn_2tail_plain/cases/st1_6001_hz__st2_1001_hz__trial_1)
Waiting for OCEAN export lock (480s waited, lock age 38s, owner_pid=19624, owner_case=/home/s5117909/Documents/thesis/thesis_codebase/database/20260603_194703_2syn_2tail_plain/cases/st1_7001_hz__st2_4001_hz__trial_1)
Waiting for OCEAN export lock (540s waited, lock age 99s, owner_pid=19624, owner_case=/home/s5117909/Documents/thesis/thesis_codebase/database/20260603_194703_2syn_2tail_plain/cases/st1_7001_hz__st2_4001_hz__trial_1)
Waiting for OCEAN export lock (600s waited, lock age 159s, owner_pid=19624, owner_case=/home/s5117909/Documents/thesis/thesis_codebase/database/20260603_194703_2syn_2tail_plain/cases/st1_7001_hz__st2_4001_hz__trial_1)
Waiting for OCEAN export lock (660s waited, lock age 220s, owner_pid=19624, owner_case=/home/s5117909/Documents/thesis/thesis_codebase/database/20260603_194703_2syn_2tail_plain/cases/st1_7001_hz__st2_4001_hz__trial_1)
Waiting for OCEAN export lock (720s waited, lock age 280s, owner_pid=19624, owner_case=/home/s5117909/Documents/thesis/thesis_codebase/database/20260603_194703_2syn_2tail_plain/cases/st1_7001_hz__st2_4001_hz__trial_1)
Waiting for OCEAN export lock (780s waited, lock age 341s, owner_pid=19624, owner_case=/home/s5117909/Documents/thesis/thesis_codebase/database/20260603_194703_2syn_2tail_plain/cases/st1_7001_hz__st2_4001_hz__trial_1)
Waiting for OCEAN export lock (840s waited, lock age 402s, owner_pid=19624, owner_case=/home/s5117909/Documents/thesis/thesis_codebase/database/20260603_194703_2syn_2tail_plain/cases/st1_7001_hz__st2_4001_hz__trial_1)
Waiting for OCEAN export lock (900s waited, lock age 0s, owner_pid=30129, owner_case=unknown)
Waiting for OCEAN export lock (960s waited, lock age 61s, owner_pid=30129, owner_case=/home/s5117909/Documents/thesis/thesis_codebase/database/20260603_194703_2syn_2tail_plain/cases/st1_6001_hz__st2_4001_hz__trial_1)
Waiting for OCEAN export lock (1020s waited, lock age 121s, owner_pid=30129, owner_case=/home/s5117909/Documents/thesis/thesis_codebase/database/20260603_194703_2syn_2tail_plain/cases/st1_6001_hz__st2_4001_hz__trial_1)
Waiting for OCEAN export lock (1080s waited, lock age 182s, owner_pid=30129, owner_case=/home/s5117909/Documents/thesis/thesis_codebase/database/20260603_194703_2syn_2tail_plain/cases/st1_6001_hz__st2_4001_hz__trial_1)
Waiting for OCEAN export lock (1140s waited, lock age 242s, owner_pid=30129, owner_case=/home/s5117909/Documents/thesis/thesis_codebase/database/20260603_194703_2syn_2tail_plain/cases/st1_6001_hz__st2_4001_hz__trial_1)
Waiting for OCEAN export lock (1200s waited, lock age 303s, owner_pid=30129, owner_case=/home/s5117909/Documents/thesis/thesis_codebase/database/20260603_194703_2syn_2tail_plain/cases/st1_6001_hz__st2_4001_hz__trial_1)
Waiting for OCEAN export lock (1260s waited, lock age 366s, owner_pid=30129, owner_case=/home/s5117909/Documents/thesis/thesis_codebase/database/20260603_194703_2syn_2tail_plain/cases/st1_6001_hz__st2_4001_hz__trial_1)
DONE case_id=44 run_name=st1_4001_hz__st2_8001_hz__trial_1 output_signals=/home/s5117909/Documents/thesis/thesis_codebase/database/20260603_194703_2syn_2tail_plain/cases/st1_4001_hz__st2_8001_hz__trial_1/output_signals.txt
RUN case_id=48 run_name=st1_5001_hz__st2_3001_hz__trial_1
Waiting for OCEAN export lock (60s waited, lock age 72s, owner_pid=22301, owner_case=/home/s5117909/Documents/thesis/thesis_codebase/database/20260603_194703_2syn_2tail_plain/cases/st1_7001_hz__st2_8001_hz__trial_1)
Waiting for OCEAN export lock (120s waited, lock age 133s, owner_pid=22301, owner_case=/home/s5117909/Documents/thesis/thesis_codebase/database/20260603_194703_2syn_2tail_plain/cases/st1_7001_hz__st2_8001_hz__trial_1)
Waiting for OCEAN export lock (180s waited, lock age 193s, owner_pid=22301, owner_case=/home/s5117909/Documents/thesis/thesis_codebase/database/20260603_194703_2syn_2tail_plain/cases/st1_7001_hz__st2_8001_hz__trial_1)
Waiting for OCEAN export lock (240s waited, lock age 254s, owner_pid=22301, owner_case=/home/s5117909/Documents/thesis/thesis_codebase/database/20260603_194703_2syn_2tail_plain/cases/st1_7001_hz__st2_8001_hz__trial_1)
Waiting for OCEAN export lock (300s waited, lock age 314s, owner_pid=22301, owner_case=/home/s5117909/Documents/thesis/thesis_codebase/database/20260603_194703_2syn_2tail_plain/cases/st1_7001_hz__st2_8001_hz__trial_1)
Waiting for OCEAN export lock (360s waited, lock age 375s, owner_pid=22301, owner_case=/home/s5117909/Documents/thesis/thesis_codebase/database/20260603_194703_2syn_2tail_plain/cases/st1_7001_hz__st2_8001_hz__trial_1)
Waiting for OCEAN export lock (420s waited, lock age 436s, owner_pid=22301, owner_case=/home/s5117909/Documents/thesis/thesis_codebase/database/20260603_194703_2syn_2tail_plain/cases/st1_7001_hz__st2_8001_hz__trial_1)
Waiting for OCEAN export lock (480s waited, lock age 496s, owner_pid=22301, owner_case=/home/s5117909/Documents/thesis/thesis_codebase/database/20260603_194703_2syn_2tail_plain/cases/st1_7001_hz__st2_8001_hz__trial_1)
Waiting for OCEAN export lock (540s waited, lock age 557s, owner_pid=22301, owner_case=/home/s5117909/Documents/thesis/thesis_codebase/database/20260603_194703_2syn_2tail_plain/cases/st1_7001_hz__st2_8001_hz__trial_1)
Waiting for OCEAN export lock (600s waited, lock age 620s, owner_pid=22301, owner_case=/home/s5117909/Documents/thesis/thesis_codebase/database/20260603_194703_2syn_2tail_plain/cases/st1_7001_hz__st2_8001_hz__trial_1)
DONE case_id=48 run_name=st1_5001_hz__st2_3001_hz__trial_1 output_signals=/home/s5117909/Documents/thesis/thesis_codebase/database/20260603_194703_2syn_2tail_plain/cases/st1_5001_hz__st2_3001_hz__trial_1/output_signals.txt
RUN case_id=52 run_name=st1_5001_hz__st2_7001_hz__trial_1
Waiting for OCEAN export lock (60s waited, lock age 69s, owner_pid=22301, owner_case=/home/s5117909/Documents/thesis/thesis_codebase/database/20260603_194703_2syn_2tail_plain/cases/st1_7001_hz__st2_8001_hz__trial_1)
Waiting for OCEAN export lock (120s waited, lock age 129s, owner_pid=22301, owner_case=/home/s5117909/Documents/thesis/thesis_codebase/database/20260603_194703_2syn_2tail_plain/cases/st1_7001_hz__st2_8001_hz__trial_1)
Waiting for OCEAN export lock (180s waited, lock age 190s, owner_pid=22301, owner_case=/home/s5117909/Documents/thesis/thesis_codebase/database/20260603_194703_2syn_2tail_plain/cases/st1_7001_hz__st2_8001_hz__trial_1)
Waiting for OCEAN export lock (240s waited, lock age 250s, owner_pid=22301, owner_case=/home/s5117909/Documents/thesis/thesis_codebase/database/20260603_194703_2syn_2tail_plain/cases/st1_7001_hz__st2_8001_hz__trial_1)
Waiting for OCEAN export lock (300s waited, lock age 311s, owner_pid=22301, owner_case=/home/s5117909/Documents/thesis/thesis_codebase/database/20260603_194703_2syn_2tail_plain/cases/st1_7001_hz__st2_8001_hz__trial_1)
Waiting for OCEAN export lock (360s waited, lock age 374s, owner_pid=22301, owner_case=/home/s5117909/Documents/thesis/thesis_codebase/database/20260603_194703_2syn_2tail_plain/cases/st1_7001_hz__st2_8001_hz__trial_1)
Waiting for OCEAN export lock (420s waited, lock age 434s, owner_pid=22301, owner_case=/home/s5117909/Documents/thesis/thesis_codebase/database/20260603_194703_2syn_2tail_plain/cases/st1_7001_hz__st2_8001_hz__trial_1)
Waiting for OCEAN export lock (480s waited, lock age 495s, owner_pid=22301, owner_case=/home/s5117909/Documents/thesis/thesis_codebase/database/20260603_194703_2syn_2tail_plain/cases/st1_7001_hz__st2_8001_hz__trial_1)
Waiting for OCEAN export lock (540s waited, lock age 555s, owner_pid=22301, owner_case=/home/s5117909/Documents/thesis/thesis_codebase/database/20260603_194703_2syn_2tail_plain/cases/st1_7001_hz__st2_8001_hz__trial_1)
Waiting for OCEAN export lock (600s waited, lock age 616s, owner_pid=22301, owner_case=/home/s5117909/Documents/thesis/thesis_codebase/database/20260603_194703_2syn_2tail_plain/cases/st1_7001_hz__st2_8001_hz__trial_1)
Waiting for OCEAN export lock (660s waited, lock age 47s, owner_pid=10884, owner_case=/home/s5117909/Documents/thesis/thesis_codebase/database/20260603_194703_2syn_2tail_plain/cases/st1_6001_hz__st2_8001_hz__trial_1)
Waiting for OCEAN export lock (720s waited, lock age 109s, owner_pid=10884, owner_case=/home/s5117909/Documents/thesis/thesis_codebase/database/20260603_194703_2syn_2tail_plain/cases/st1_6001_hz__st2_8001_hz__trial_1)
Waiting for OCEAN export lock (780s waited, lock age 171s, owner_pid=10884, owner_case=/home/s5117909/Documents/thesis/thesis_codebase/database/20260603_194703_2syn_2tail_plain/cases/st1_6001_hz__st2_8001_hz__trial_1)
Waiting for OCEAN export lock (840s waited, lock age 231s, owner_pid=10884, owner_case=/home/s5117909/Documents/thesis/thesis_codebase/database/20260603_194703_2syn_2tail_plain/cases/st1_6001_hz__st2_8001_hz__trial_1)
Waiting for OCEAN export lock (900s waited, lock age 292s, owner_pid=10884, owner_case=/home/s5117909/Documents/thesis/thesis_codebase/database/20260603_194703_2syn_2tail_plain/cases/st1_6001_hz__st2_8001_hz__trial_1)
Waiting for OCEAN export lock (960s waited, lock age 355s, owner_pid=10884, owner_case=/home/s5117909/Documents/thesis/thesis_codebase/database/20260603_194703_2syn_2tail_plain/cases/st1_6001_hz__st2_8001_hz__trial_1)
Waiting for OCEAN export lock (1020s waited, lock age 415s, owner_pid=10884, owner_case=/home/s5117909/Documents/thesis/thesis_codebase/database/20260603_194703_2syn_2tail_plain/cases/st1_6001_hz__st2_8001_hz__trial_1)
Waiting for OCEAN export lock (1080s waited, lock age 476s, owner_pid=10884, owner_case=/home/s5117909/Documents/thesis/thesis_codebase/database/20260603_194703_2syn_2tail_plain/cases/st1_6001_hz__st2_8001_hz__trial_1)
Waiting for OCEAN export lock (1140s waited, lock age 536s, owner_pid=10884, owner_case=/home/s5117909/Documents/thesis/thesis_codebase/database/20260603_194703_2syn_2tail_plain/cases/st1_6001_hz__st2_8001_hz__trial_1)
Waiting for OCEAN export lock (1200s waited, lock age 597s, owner_pid=10884, owner_case=/home/s5117909/Documents/thesis/thesis_codebase/database/20260603_194703_2syn_2tail_plain/cases/st1_6001_hz__st2_8001_hz__trial_1)
Waiting for OCEAN export lock (1260s waited, lock age 27s, owner_pid=15502, owner_case=/home/s5117909/Documents/thesis/thesis_codebase/database/20260603_194703_2syn_2tail_plain/cases/st1_5001_hz__st2_8001_hz__trial_1)
Waiting for OCEAN export lock (1320s waited, lock age 87s, owner_pid=15502, owner_case=/home/s5117909/Documents/thesis/thesis_codebase/database/20260603_194703_2syn_2tail_plain/cases/st1_5001_hz__st2_8001_hz__trial_1)
Waiting for OCEAN export lock (1380s waited, lock age 148s, owner_pid=15502, owner_case=/home/s5117909/Documents/thesis/thesis_codebase/database/20260603_194703_2syn_2tail_plain/cases/st1_5001_hz__st2_8001_hz__trial_1)
Waiting for OCEAN export lock (1440s waited, lock age 208s, owner_pid=15502, owner_case=/home/s5117909/Documents/thesis/thesis_codebase/database/20260603_194703_2syn_2tail_plain/cases/st1_5001_hz__st2_8001_hz__trial_1)
Waiting for OCEAN export lock (1500s waited, lock age 269s, owner_pid=15502, owner_case=/home/s5117909/Documents/thesis/thesis_codebase/database/20260603_194703_2syn_2tail_plain/cases/st1_5001_hz__st2_8001_hz__trial_1)
Waiting for OCEAN export lock (1560s waited, lock age 332s, owner_pid=15502, owner_case=/home/s5117909/Documents/thesis/thesis_codebase/database/20260603_194703_2syn_2tail_plain/cases/st1_5001_hz__st2_8001_hz__trial_1)
Waiting for OCEAN export lock (1620s waited, lock age 392s, owner_pid=15502, owner_case=/home/s5117909/Documents/thesis/thesis_codebase/database/20260603_194703_2syn_2tail_plain/cases/st1_5001_hz__st2_8001_hz__trial_1)
Waiting for OCEAN export lock (1680s waited, lock age 453s, owner_pid=15502, owner_case=/home/s5117909/Documents/thesis/thesis_codebase/database/20260603_194703_2syn_2tail_plain/cases/st1_5001_hz__st2_8001_hz__trial_1)
Waiting for OCEAN export lock (1740s waited, lock age 513s, owner_pid=15502, owner_case=/home/s5117909/Documents/thesis/thesis_codebase/database/20260603_194703_2syn_2tail_plain/cases/st1_5001_hz__st2_8001_hz__trial_1)
Waiting for OCEAN export lock (1800s waited, lock age 574s, owner_pid=15502, owner_case=/home/s5117909/Documents/thesis/thesis_codebase/database/20260603_194703_2syn_2tail_plain/cases/st1_5001_hz__st2_8001_hz__trial_1)
DONE case_id=52 run_name=st1_5001_hz__st2_7001_hz__trial_1 output_signals=/home/s5117909/Documents/thesis/thesis_codebase/database/20260603_194703_2syn_2tail_plain/cases/st1_5001_hz__st2_7001_hz__trial_1/output_signals.txt
RUN case_id=56 run_name=st1_6001_hz__st2_2001_hz__trial_1
Waiting for OCEAN export lock (60s waited, lock age 66s, owner_pid=10884, owner_case=/home/s5117909/Documents/thesis/thesis_codebase/database/20260603_194703_2syn_2tail_plain/cases/st1_6001_hz__st2_8001_hz__trial_1)
Waiting for OCEAN export lock (120s waited, lock age 127s, owner_pid=10884, owner_case=/home/s5117909/Documents/thesis/thesis_codebase/database/20260603_194703_2syn_2tail_plain/cases/st1_6001_hz__st2_8001_hz__trial_1)
Waiting for OCEAN export lock (180s waited, lock age 187s, owner_pid=10884, owner_case=/home/s5117909/Documents/thesis/thesis_codebase/database/20260603_194703_2syn_2tail_plain/cases/st1_6001_hz__st2_8001_hz__trial_1)
Waiting for OCEAN export lock (240s waited, lock age 248s, owner_pid=10884, owner_case=/home/s5117909/Documents/thesis/thesis_codebase/database/20260603_194703_2syn_2tail_plain/cases/st1_6001_hz__st2_8001_hz__trial_1)
Waiting for OCEAN export lock (300s waited, lock age 308s, owner_pid=10884, owner_case=/home/s5117909/Documents/thesis/thesis_codebase/database/20260603_194703_2syn_2tail_plain/cases/st1_6001_hz__st2_8001_hz__trial_1)
Waiting for OCEAN export lock (360s waited, lock age 371s, owner_pid=10884, owner_case=/home/s5117909/Documents/thesis/thesis_codebase/database/20260603_194703_2syn_2tail_plain/cases/st1_6001_hz__st2_8001_hz__trial_1)
Waiting for OCEAN export lock (420s waited, lock age 432s, owner_pid=10884, owner_case=/home/s5117909/Documents/thesis/thesis_codebase/database/20260603_194703_2syn_2tail_plain/cases/st1_6001_hz__st2_8001_hz__trial_1)
Waiting for OCEAN export lock (480s waited, lock age 492s, owner_pid=10884, owner_case=/home/s5117909/Documents/thesis/thesis_codebase/database/20260603_194703_2syn_2tail_plain/cases/st1_6001_hz__st2_8001_hz__trial_1)
Waiting for OCEAN export lock (540s waited, lock age 553s, owner_pid=10884, owner_case=/home/s5117909/Documents/thesis/thesis_codebase/database/20260603_194703_2syn_2tail_plain/cases/st1_6001_hz__st2_8001_hz__trial_1)
Waiting for OCEAN export lock (600s waited, lock age 613s, owner_pid=10884, owner_case=/home/s5117909/Documents/thesis/thesis_codebase/database/20260603_194703_2syn_2tail_plain/cases/st1_6001_hz__st2_8001_hz__trial_1)
DONE case_id=56 run_name=st1_6001_hz__st2_2001_hz__trial_1 output_signals=/home/s5117909/Documents/thesis/thesis_codebase/database/20260603_194703_2syn_2tail_plain/cases/st1_6001_hz__st2_2001_hz__trial_1/output_signals.txt
RUN case_id=60 run_name=st1_6001_hz__st2_6001_hz__trial_1
Waiting for OCEAN export lock (60s waited, lock age 79s, owner_pid=22301, owner_case=/home/s5117909/Documents/thesis/thesis_codebase/database/20260603_194703_2syn_2tail_plain/cases/st1_7001_hz__st2_8001_hz__trial_1)
Waiting for OCEAN export lock (120s waited, lock age 142s, owner_pid=22301, owner_case=/home/s5117909/Documents/thesis/thesis_codebase/database/20260603_194703_2syn_2tail_plain/cases/st1_7001_hz__st2_8001_hz__trial_1)
Waiting for OCEAN export lock (180s waited, lock age 203s, owner_pid=22301, owner_case=/home/s5117909/Documents/thesis/thesis_codebase/database/20260603_194703_2syn_2tail_plain/cases/st1_7001_hz__st2_8001_hz__trial_1)
Waiting for OCEAN export lock (240s waited, lock age 263s, owner_pid=22301, owner_case=/home/s5117909/Documents/thesis/thesis_codebase/database/20260603_194703_2syn_2tail_plain/cases/st1_7001_hz__st2_8001_hz__trial_1)
Waiting for OCEAN export lock (300s waited, lock age 324s, owner_pid=22301, owner_case=/home/s5117909/Documents/thesis/thesis_codebase/database/20260603_194703_2syn_2tail_plain/cases/st1_7001_hz__st2_8001_hz__trial_1)
Waiting for OCEAN export lock (360s waited, lock age 384s, owner_pid=22301, owner_case=/home/s5117909/Documents/thesis/thesis_codebase/database/20260603_194703_2syn_2tail_plain/cases/st1_7001_hz__st2_8001_hz__trial_1)
Waiting for OCEAN export lock (420s waited, lock age 445s, owner_pid=22301, owner_case=/home/s5117909/Documents/thesis/thesis_codebase/database/20260603_194703_2syn_2tail_plain/cases/st1_7001_hz__st2_8001_hz__trial_1)
Waiting for OCEAN export lock (480s waited, lock age 505s, owner_pid=22301, owner_case=/home/s5117909/Documents/thesis/thesis_codebase/database/20260603_194703_2syn_2tail_plain/cases/st1_7001_hz__st2_8001_hz__trial_1)
Waiting for OCEAN export lock (540s waited, lock age 566s, owner_pid=22301, owner_case=/home/s5117909/Documents/thesis/thesis_codebase/database/20260603_194703_2syn_2tail_plain/cases/st1_7001_hz__st2_8001_hz__trial_1)
Waiting for OCEAN export lock (600s waited, lock age 626s, owner_pid=22301, owner_case=/home/s5117909/Documents/thesis/thesis_codebase/database/20260603_194703_2syn_2tail_plain/cases/st1_7001_hz__st2_8001_hz__trial_1)
Waiting for OCEAN export lock (660s waited, lock age 56s, owner_pid=15502, owner_case=/home/s5117909/Documents/thesis/thesis_codebase/database/20260603_194703_2syn_2tail_plain/cases/st1_5001_hz__st2_8001_hz__trial_1)
Waiting for OCEAN export lock (720s waited, lock age 117s, owner_pid=15502, owner_case=/home/s5117909/Documents/thesis/thesis_codebase/database/20260603_194703_2syn_2tail_plain/cases/st1_5001_hz__st2_8001_hz__trial_1)
Waiting for OCEAN export lock (780s waited, lock age 177s, owner_pid=15502, owner_case=/home/s5117909/Documents/thesis/thesis_codebase/database/20260603_194703_2syn_2tail_plain/cases/st1_5001_hz__st2_8001_hz__trial_1)
Waiting for OCEAN export lock (840s waited, lock age 238s, owner_pid=15502, owner_case=/home/s5117909/Documents/thesis/thesis_codebase/database/20260603_194703_2syn_2tail_plain/cases/st1_5001_hz__st2_8001_hz__trial_1)
Waiting for OCEAN export lock (900s waited, lock age 298s, owner_pid=15502, owner_case=/home/s5117909/Documents/thesis/thesis_codebase/database/20260603_194703_2syn_2tail_plain/cases/st1_5001_hz__st2_8001_hz__trial_1)
Waiting for OCEAN export lock (960s waited, lock age 359s, owner_pid=15502, owner_case=/home/s5117909/Documents/thesis/thesis_codebase/database/20260603_194703_2syn_2tail_plain/cases/st1_5001_hz__st2_8001_hz__trial_1)
Waiting for OCEAN export lock (1020s waited, lock age 420s, owner_pid=15502, owner_case=/home/s5117909/Documents/thesis/thesis_codebase/database/20260603_194703_2syn_2tail_plain/cases/st1_5001_hz__st2_8001_hz__trial_1)
Waiting for OCEAN export lock (1080s waited, lock age 480s, owner_pid=15502, owner_case=/home/s5117909/Documents/thesis/thesis_codebase/database/20260603_194703_2syn_2tail_plain/cases/st1_5001_hz__st2_8001_hz__trial_1)
Waiting for OCEAN export lock (1140s waited, lock age 541s, owner_pid=15502, owner_case=/home/s5117909/Documents/thesis/thesis_codebase/database/20260603_194703_2syn_2tail_plain/cases/st1_5001_hz__st2_8001_hz__trial_1)
Waiting for OCEAN export lock (1200s waited, lock age 601s, owner_pid=15502, owner_case=/home/s5117909/Documents/thesis/thesis_codebase/database/20260603_194703_2syn_2tail_plain/cases/st1_5001_hz__st2_8001_hz__trial_1)
Waiting for OCEAN export lock (1260s waited, lock age 32s, owner_pid=22301, owner_case=/home/s5117909/Documents/thesis/thesis_codebase/database/20260603_194703_2syn_2tail_plain/cases/st1_7001_hz__st2_8001_hz__trial_1)
Waiting for OCEAN export lock (1320s waited, lock age 94s, owner_pid=22301, owner_case=/home/s5117909/Documents/thesis/thesis_codebase/database/20260603_194703_2syn_2tail_plain/cases/st1_7001_hz__st2_8001_hz__trial_1)
Waiting for OCEAN export lock (1380s waited, lock age 154s, owner_pid=22301, owner_case=/home/s5117909/Documents/thesis/thesis_codebase/database/20260603_194703_2syn_2tail_plain/cases/st1_7001_hz__st2_8001_hz__trial_1)
Waiting for OCEAN export lock (1440s waited, lock age 215s, owner_pid=22301, owner_case=/home/s5117909/Documents/thesis/thesis_codebase/database/20260603_194703_2syn_2tail_plain/cases/st1_7001_hz__st2_8001_hz__trial_1)
Waiting for OCEAN export lock (1500s waited, lock age 275s, owner_pid=22301, owner_case=/home/s5117909/Documents/thesis/thesis_codebase/database/20260603_194703_2syn_2tail_plain/cases/st1_7001_hz__st2_8001_hz__trial_1)
Waiting for OCEAN export lock (1560s waited, lock age 336s, owner_pid=22301, owner_case=/home/s5117909/Documents/thesis/thesis_codebase/database/20260603_194703_2syn_2tail_plain/cases/st1_7001_hz__st2_8001_hz__trial_1)
Waiting for OCEAN export lock (1620s waited, lock age 396s, owner_pid=22301, owner_case=/home/s5117909/Documents/thesis/thesis_codebase/database/20260603_194703_2syn_2tail_plain/cases/st1_7001_hz__st2_8001_hz__trial_1)
Waiting for OCEAN export lock (1680s waited, lock age 457s, owner_pid=22301, owner_case=/home/s5117909/Documents/thesis/thesis_codebase/database/20260603_194703_2syn_2tail_plain/cases/st1_7001_hz__st2_8001_hz__trial_1)
Waiting for OCEAN export lock (1740s waited, lock age 518s, owner_pid=22301, owner_case=/home/s5117909/Documents/thesis/thesis_codebase/database/20260603_194703_2syn_2tail_plain/cases/st1_7001_hz__st2_8001_hz__trial_1)
Waiting for OCEAN export lock (1800s waited, lock age 578s, owner_pid=22301, owner_case=/home/s5117909/Documents/thesis/thesis_codebase/database/20260603_194703_2syn_2tail_plain/cases/st1_7001_hz__st2_8001_hz__trial_1)
Waiting for OCEAN export lock (1860s waited, lock age 8s, owner_pid=10884, owner_case=/home/s5117909/Documents/thesis/thesis_codebase/database/20260603_194703_2syn_2tail_plain/cases/st1_6001_hz__st2_8001_hz__trial_1)
Waiting for OCEAN export lock (1920s waited, lock age 70s, owner_pid=10884, owner_case=/home/s5117909/Documents/thesis/thesis_codebase/database/20260603_194703_2syn_2tail_plain/cases/st1_6001_hz__st2_8001_hz__trial_1)
Waiting for OCEAN export lock (1980s waited, lock age 131s, owner_pid=10884, owner_case=/home/s5117909/Documents/thesis/thesis_codebase/database/20260603_194703_2syn_2tail_plain/cases/st1_6001_hz__st2_8001_hz__trial_1)
Waiting for OCEAN export lock (2040s waited, lock age 192s, owner_pid=10884, owner_case=/home/s5117909/Documents/thesis/thesis_codebase/database/20260603_194703_2syn_2tail_plain/cases/st1_6001_hz__st2_8001_hz__trial_1)
Waiting for OCEAN export lock (2100s waited, lock age 252s, owner_pid=10884, owner_case=/home/s5117909/Documents/thesis/thesis_codebase/database/20260603_194703_2syn_2tail_plain/cases/st1_6001_hz__st2_8001_hz__trial_1)
Waiting for OCEAN export lock (2160s waited, lock age 313s, owner_pid=10884, owner_case=/home/s5117909/Documents/thesis/thesis_codebase/database/20260603_194703_2syn_2tail_plain/cases/st1_6001_hz__st2_8001_hz__trial_1)
Waiting for OCEAN export lock (2220s waited, lock age 373s, owner_pid=10884, owner_case=/home/s5117909/Documents/thesis/thesis_codebase/database/20260603_194703_2syn_2tail_plain/cases/st1_6001_hz__st2_8001_hz__trial_1)
Waiting for OCEAN export lock (2280s waited, lock age 434s, owner_pid=10884, owner_case=/home/s5117909/Documents/thesis/thesis_codebase/database/20260603_194703_2syn_2tail_plain/cases/st1_6001_hz__st2_8001_hz__trial_1)
Waiting for OCEAN export lock (2340s waited, lock age 494s, owner_pid=10884, owner_case=/home/s5117909/Documents/thesis/thesis_codebase/database/20260603_194703_2syn_2tail_plain/cases/st1_6001_hz__st2_8001_hz__trial_1)
Waiting for OCEAN export lock (2400s waited, lock age 555s, owner_pid=10884, owner_case=/home/s5117909/Documents/thesis/thesis_codebase/database/20260603_194703_2syn_2tail_plain/cases/st1_6001_hz__st2_8001_hz__trial_1)
Waiting for OCEAN export lock (2460s waited, lock age 616s, owner_pid=10884, owner_case=/home/s5117909/Documents/thesis/thesis_codebase/database/20260603_194703_2syn_2tail_plain/cases/st1_6001_hz__st2_8001_hz__trial_1)
Waiting for OCEAN export lock (2520s waited, lock age 45s, owner_pid=6391, owner_case=/home/s5117909/Documents/thesis/thesis_codebase/database/20260603_194703_2syn_2tail_plain/cases/st1_6001_hz__st2_3001_hz__trial_1)
Waiting for OCEAN export lock (2580s waited, lock age 105s, owner_pid=6391, owner_case=/home/s5117909/Documents/thesis/thesis_codebase/database/20260603_194703_2syn_2tail_plain/cases/st1_6001_hz__st2_3001_hz__trial_1)
Waiting for OCEAN export lock (2640s waited, lock age 166s, owner_pid=6391, owner_case=/home/s5117909/Documents/thesis/thesis_codebase/database/20260603_194703_2syn_2tail_plain/cases/st1_6001_hz__st2_3001_hz__trial_1)
Waiting for OCEAN export lock (2700s waited, lock age 226s, owner_pid=6391, owner_case=/home/s5117909/Documents/thesis/thesis_codebase/database/20260603_194703_2syn_2tail_plain/cases/st1_6001_hz__st2_3001_hz__trial_1)
Waiting for OCEAN export lock (2760s waited, lock age 287s, owner_pid=6391, owner_case=/home/s5117909/Documents/thesis/thesis_codebase/database/20260603_194703_2syn_2tail_plain/cases/st1_6001_hz__st2_3001_hz__trial_1)
Waiting for OCEAN export lock (2820s waited, lock age 20s, owner_pid=10884, owner_case=/home/s5117909/Documents/thesis/thesis_codebase/database/20260603_194703_2syn_2tail_plain/cases/st1_6001_hz__st2_8001_hz__trial_1)
Waiting for OCEAN export lock (2880s waited, lock age 80s, owner_pid=10884, owner_case=/home/s5117909/Documents/thesis/thesis_codebase/database/20260603_194703_2syn_2tail_plain/cases/st1_6001_hz__st2_8001_hz__trial_1)
Waiting for OCEAN export lock (2940s waited, lock age 141s, owner_pid=10884, owner_case=/home/s5117909/Documents/thesis/thesis_codebase/database/20260603_194703_2syn_2tail_plain/cases/st1_6001_hz__st2_8001_hz__trial_1)
Waiting for OCEAN export lock (3000s waited, lock age 201s, owner_pid=10884, owner_case=/home/s5117909/Documents/thesis/thesis_codebase/database/20260603_194703_2syn_2tail_plain/cases/st1_6001_hz__st2_8001_hz__trial_1)
Waiting for OCEAN export lock (3060s waited, lock age 262s, owner_pid=10884, owner_case=/home/s5117909/Documents/thesis/thesis_codebase/database/20260603_194703_2syn_2tail_plain/cases/st1_6001_hz__st2_8001_hz__trial_1)
Waiting for OCEAN export lock (3120s waited, lock age 323s, owner_pid=10884, owner_case=/home/s5117909/Documents/thesis/thesis_codebase/database/20260603_194703_2syn_2tail_plain/cases/st1_6001_hz__st2_8001_hz__trial_1)
Waiting for OCEAN export lock (3180s waited, lock age 384s, owner_pid=10884, owner_case=/home/s5117909/Documents/thesis/thesis_codebase/database/20260603_194703_2syn_2tail_plain/cases/st1_6001_hz__st2_8001_hz__trial_1)
Waiting for OCEAN export lock (3240s waited, lock age 444s, owner_pid=10884, owner_case=/home/s5117909/Documents/thesis/thesis_codebase/database/20260603_194703_2syn_2tail_plain/cases/st1_6001_hz__st2_8001_hz__trial_1)
Waiting for OCEAN export lock (3300s waited, lock age 505s, owner_pid=10884, owner_case=/home/s5117909/Documents/thesis/thesis_codebase/database/20260603_194703_2syn_2tail_plain/cases/st1_6001_hz__st2_8001_hz__trial_1)
Waiting for OCEAN export lock (3360s waited, lock age 565s, owner_pid=10884, owner_case=/home/s5117909/Documents/thesis/thesis_codebase/database/20260603_194703_2syn_2tail_plain/cases/st1_6001_hz__st2_8001_hz__trial_1)
Waiting for OCEAN export lock (3420s waited, lock age 626s, owner_pid=10884, owner_case=/home/s5117909/Documents/thesis/thesis_codebase/database/20260603_194703_2syn_2tail_plain/cases/st1_6001_hz__st2_8001_hz__trial_1)
Waiting for OCEAN export lock (3480s waited, lock age 54s, owner_pid=22847, owner_case=/home/s5117909/Documents/thesis/thesis_codebase/database/20260603_194703_2syn_2tail_plain/cases/st1_6001_hz__st2_7001_hz__trial_1)
Waiting for OCEAN export lock (3540s waited, lock age 115s, owner_pid=22847, owner_case=/home/s5117909/Documents/thesis/thesis_codebase/database/20260603_194703_2syn_2tail_plain/cases/st1_6001_hz__st2_7001_hz__trial_1)
Waiting for OCEAN export lock (3600s waited, lock age 175s, owner_pid=22847, owner_case=/home/s5117909/Documents/thesis/thesis_codebase/database/20260603_194703_2syn_2tail_plain/cases/st1_6001_hz__st2_7001_hz__trial_1)
Waiting for OCEAN export lock (3660s waited, lock age 236s, owner_pid=22847, owner_case=/home/s5117909/Documents/thesis/thesis_codebase/database/20260603_194703_2syn_2tail_plain/cases/st1_6001_hz__st2_7001_hz__trial_1)
Waiting for OCEAN export lock (3720s waited, lock age 298s, owner_pid=22847, owner_case=/home/s5117909/Documents/thesis/thesis_codebase/database/20260603_194703_2syn_2tail_plain/cases/st1_6001_hz__st2_7001_hz__trial_1)
Waiting for OCEAN export lock (3780s waited, lock age 358s, owner_pid=22847, owner_case=/home/s5117909/Documents/thesis/thesis_codebase/database/20260603_194703_2syn_2tail_plain/cases/st1_6001_hz__st2_7001_hz__trial_1)
Waiting for OCEAN export lock (3840s waited, lock age 419s, owner_pid=22847, owner_case=/home/s5117909/Documents/thesis/thesis_codebase/database/20260603_194703_2syn_2tail_plain/cases/st1_6001_hz__st2_7001_hz__trial_1)
Waiting for OCEAN export lock (3900s waited, lock age 479s, owner_pid=22847, owner_case=/home/s5117909/Documents/thesis/thesis_codebase/database/20260603_194703_2syn_2tail_plain/cases/st1_6001_hz__st2_7001_hz__trial_1)
Waiting for OCEAN export lock (3960s waited, lock age 540s, owner_pid=22847, owner_case=/home/s5117909/Documents/thesis/thesis_codebase/database/20260603_194703_2syn_2tail_plain/cases/st1_6001_hz__st2_7001_hz__trial_1)
Waiting for OCEAN export lock (4020s waited, lock age 600s, owner_pid=22847, owner_case=/home/s5117909/Documents/thesis/thesis_codebase/database/20260603_194703_2syn_2tail_plain/cases/st1_6001_hz__st2_7001_hz__trial_1)
Waiting for OCEAN export lock (4080s waited, lock age 30s, owner_pid=17304, owner_case=/home/s5117909/Documents/thesis/thesis_codebase/database/20260603_194703_2syn_2tail_plain/cases/st1_8001_hz__st2_3001_hz__trial_1)
Waiting for OCEAN export lock (4140s waited, lock age 91s, owner_pid=17304, owner_case=/home/s5117909/Documents/thesis/thesis_codebase/database/20260603_194703_2syn_2tail_plain/cases/st1_8001_hz__st2_3001_hz__trial_1)
Waiting for OCEAN export lock (4200s waited, lock age 151s, owner_pid=17304, owner_case=/home/s5117909/Documents/thesis/thesis_codebase/database/20260603_194703_2syn_2tail_plain/cases/st1_8001_hz__st2_3001_hz__trial_1)
Waiting for OCEAN export lock (4260s waited, lock age 212s, owner_pid=17304, owner_case=/home/s5117909/Documents/thesis/thesis_codebase/database/20260603_194703_2syn_2tail_plain/cases/st1_8001_hz__st2_3001_hz__trial_1)
Waiting for OCEAN export lock (4320s waited, lock age 272s, owner_pid=17304, owner_case=/home/s5117909/Documents/thesis/thesis_codebase/database/20260603_194703_2syn_2tail_plain/cases/st1_8001_hz__st2_3001_hz__trial_1)
Waiting for OCEAN export lock (4380s waited, lock age 333s, owner_pid=17304, owner_case=/home/s5117909/Documents/thesis/thesis_codebase/database/20260603_194703_2syn_2tail_plain/cases/st1_8001_hz__st2_3001_hz__trial_1)
Waiting for OCEAN export lock (4440s waited, lock age 394s, owner_pid=17304, owner_case=/home/s5117909/Documents/thesis/thesis_codebase/database/20260603_194703_2syn_2tail_plain/cases/st1_8001_hz__st2_3001_hz__trial_1)
Waiting for OCEAN export lock (4500s waited, lock age 454s, owner_pid=17304, owner_case=/home/s5117909/Documents/thesis/thesis_codebase/database/20260603_194703_2syn_2tail_plain/cases/st1_8001_hz__st2_3001_hz__trial_1)
Waiting for OCEAN export lock (4560s waited, lock age 22s, owner_pid=30830, owner_case=/home/s5117909/Documents/thesis/thesis_codebase/database/20260603_194703_2syn_2tail_plain/cases/st1_7001_hz__st2_3001_hz__trial_1)
Waiting for OCEAN export lock (4620s waited, lock age 82s, owner_pid=30830, owner_case=/home/s5117909/Documents/thesis/thesis_codebase/database/20260603_194703_2syn_2tail_plain/cases/st1_7001_hz__st2_3001_hz__trial_1)
Waiting for OCEAN export lock (4680s waited, lock age 143s, owner_pid=30830, owner_case=/home/s5117909/Documents/thesis/thesis_codebase/database/20260603_194703_2syn_2tail_plain/cases/st1_7001_hz__st2_3001_hz__trial_1)
Waiting for OCEAN export lock (4740s waited, lock age 204s, owner_pid=30830, owner_case=/home/s5117909/Documents/thesis/thesis_codebase/database/20260603_194703_2syn_2tail_plain/cases/st1_7001_hz__st2_3001_hz__trial_1)
Waiting for OCEAN export lock (4800s waited, lock age 264s, owner_pid=30830, owner_case=/home/s5117909/Documents/thesis/thesis_codebase/database/20260603_194703_2syn_2tail_plain/cases/st1_7001_hz__st2_3001_hz__trial_1)
Waiting for OCEAN export lock (4860s waited, lock age 325s, owner_pid=30830, owner_case=/home/s5117909/Documents/thesis/thesis_codebase/database/20260603_194703_2syn_2tail_plain/cases/st1_7001_hz__st2_3001_hz__trial_1)
Waiting for OCEAN export lock (4920s waited, lock age 385s, owner_pid=30830, owner_case=/home/s5117909/Documents/thesis/thesis_codebase/database/20260603_194703_2syn_2tail_plain/cases/st1_7001_hz__st2_3001_hz__trial_1)
DONE case_id=60 run_name=st1_6001_hz__st2_6001_hz__trial_1 output_signals=/home/s5117909/Documents/thesis/thesis_codebase/database/20260603_194703_2syn_2tail_plain/cases/st1_6001_hz__st2_6001_hz__trial_1/output_signals.txt
RUN case_id=64 run_name=st1_7001_hz__st2_1_hz__trial_1
Waiting for OCEAN export lock (60s waited, lock age 65s, owner_pid=28641, owner_case=/home/s5117909/Documents/thesis/thesis_codebase/database/20260603_194703_2syn_2tail_plain/cases/st1_7001_hz__st2_7001_hz__trial_1)
Waiting for OCEAN export lock (120s waited, lock age 125s, owner_pid=28641, owner_case=/home/s5117909/Documents/thesis/thesis_codebase/database/20260603_194703_2syn_2tail_plain/cases/st1_7001_hz__st2_7001_hz__trial_1)
Waiting for OCEAN export lock (180s waited, lock age 185s, owner_pid=28641, owner_case=/home/s5117909/Documents/thesis/thesis_codebase/database/20260603_194703_2syn_2tail_plain/cases/st1_7001_hz__st2_7001_hz__trial_1)
Waiting for OCEAN export lock (240s waited, lock age 246s, owner_pid=28641, owner_case=/home/s5117909/Documents/thesis/thesis_codebase/database/20260603_194703_2syn_2tail_plain/cases/st1_7001_hz__st2_7001_hz__trial_1)
Waiting for OCEAN export lock (300s waited, lock age 306s, owner_pid=28641, owner_case=/home/s5117909/Documents/thesis/thesis_codebase/database/20260603_194703_2syn_2tail_plain/cases/st1_7001_hz__st2_7001_hz__trial_1)
Waiting for OCEAN export lock (360s waited, lock age 367s, owner_pid=28641, owner_case=/home/s5117909/Documents/thesis/thesis_codebase/database/20260603_194703_2syn_2tail_plain/cases/st1_7001_hz__st2_7001_hz__trial_1)
Waiting for OCEAN export lock (420s waited, lock age 428s, owner_pid=28641, owner_case=/home/s5117909/Documents/thesis/thesis_codebase/database/20260603_194703_2syn_2tail_plain/cases/st1_7001_hz__st2_7001_hz__trial_1)
Waiting for OCEAN export lock (480s waited, lock age 488s, owner_pid=28641, owner_case=/home/s5117909/Documents/thesis/thesis_codebase/database/20260603_194703_2syn_2tail_plain/cases/st1_7001_hz__st2_7001_hz__trial_1)
Waiting for OCEAN export lock (540s waited, lock age 549s, owner_pid=28641, owner_case=/home/s5117909/Documents/thesis/thesis_codebase/database/20260603_194703_2syn_2tail_plain/cases/st1_7001_hz__st2_7001_hz__trial_1)
Waiting for OCEAN export lock (600s waited, lock age 609s, owner_pid=28641, owner_case=/home/s5117909/Documents/thesis/thesis_codebase/database/20260603_194703_2syn_2tail_plain/cases/st1_7001_hz__st2_7001_hz__trial_1)
Waiting for OCEAN export lock (660s waited, lock age 40s, owner_pid=22847, owner_case=/home/s5117909/Documents/thesis/thesis_codebase/database/20260603_194703_2syn_2tail_plain/cases/st1_6001_hz__st2_7001_hz__trial_1)
Waiting for OCEAN export lock (720s waited, lock age 100s, owner_pid=22847, owner_case=/home/s5117909/Documents/thesis/thesis_codebase/database/20260603_194703_2syn_2tail_plain/cases/st1_6001_hz__st2_7001_hz__trial_1)
Waiting for OCEAN export lock (780s waited, lock age 161s, owner_pid=22847, owner_case=/home/s5117909/Documents/thesis/thesis_codebase/database/20260603_194703_2syn_2tail_plain/cases/st1_6001_hz__st2_7001_hz__trial_1)
Waiting for OCEAN export lock (840s waited, lock age 222s, owner_pid=22847, owner_case=/home/s5117909/Documents/thesis/thesis_codebase/database/20260603_194703_2syn_2tail_plain/cases/st1_6001_hz__st2_7001_hz__trial_1)
Waiting for OCEAN export lock (900s waited, lock age 282s, owner_pid=22847, owner_case=/home/s5117909/Documents/thesis/thesis_codebase/database/20260603_194703_2syn_2tail_plain/cases/st1_6001_hz__st2_7001_hz__trial_1)
Waiting for OCEAN export lock (960s waited, lock age 343s, owner_pid=22847, owner_case=/home/s5117909/Documents/thesis/thesis_codebase/database/20260603_194703_2syn_2tail_plain/cases/st1_6001_hz__st2_7001_hz__trial_1)
Waiting for OCEAN export lock (1020s waited, lock age 403s, owner_pid=22847, owner_case=/home/s5117909/Documents/thesis/thesis_codebase/database/20260603_194703_2syn_2tail_plain/cases/st1_6001_hz__st2_7001_hz__trial_1)
Waiting for OCEAN export lock (1080s waited, lock age 464s, owner_pid=22847, owner_case=/home/s5117909/Documents/thesis/thesis_codebase/database/20260603_194703_2syn_2tail_plain/cases/st1_6001_hz__st2_7001_hz__trial_1)
Waiting for OCEAN export lock (1140s waited, lock age 525s, owner_pid=22847, owner_case=/home/s5117909/Documents/thesis/thesis_codebase/database/20260603_194703_2syn_2tail_plain/cases/st1_6001_hz__st2_7001_hz__trial_1)
Waiting for OCEAN export lock (1200s waited, lock age 586s, owner_pid=22847, owner_case=/home/s5117909/Documents/thesis/thesis_codebase/database/20260603_194703_2syn_2tail_plain/cases/st1_6001_hz__st2_7001_hz__trial_1)
Waiting for OCEAN export lock (1260s waited, lock age 16s, owner_pid=28641, owner_case=/home/s5117909/Documents/thesis/thesis_codebase/database/20260603_194703_2syn_2tail_plain/cases/st1_7001_hz__st2_7001_hz__trial_1)
Waiting for OCEAN export lock (1320s waited, lock age 77s, owner_pid=28641, owner_case=/home/s5117909/Documents/thesis/thesis_codebase/database/20260603_194703_2syn_2tail_plain/cases/st1_7001_hz__st2_7001_hz__trial_1)
Waiting for OCEAN export lock (1380s waited, lock age 137s, owner_pid=28641, owner_case=/home/s5117909/Documents/thesis/thesis_codebase/database/20260603_194703_2syn_2tail_plain/cases/st1_7001_hz__st2_7001_hz__trial_1)
Waiting for OCEAN export lock (1440s waited, lock age 198s, owner_pid=28641, owner_case=/home/s5117909/Documents/thesis/thesis_codebase/database/20260603_194703_2syn_2tail_plain/cases/st1_7001_hz__st2_7001_hz__trial_1)
Waiting for OCEAN export lock (1500s waited, lock age 258s, owner_pid=28641, owner_case=/home/s5117909/Documents/thesis/thesis_codebase/database/20260603_194703_2syn_2tail_plain/cases/st1_7001_hz__st2_7001_hz__trial_1)
Waiting for OCEAN export lock (1560s waited, lock age 319s, owner_pid=28641, owner_case=/home/s5117909/Documents/thesis/thesis_codebase/database/20260603_194703_2syn_2tail_plain/cases/st1_7001_hz__st2_7001_hz__trial_1)
Waiting for OCEAN export lock (1620s waited, lock age 379s, owner_pid=28641, owner_case=/home/s5117909/Documents/thesis/thesis_codebase/database/20260603_194703_2syn_2tail_plain/cases/st1_7001_hz__st2_7001_hz__trial_1)
Waiting for OCEAN export lock (1680s waited, lock age 440s, owner_pid=28641, owner_case=/home/s5117909/Documents/thesis/thesis_codebase/database/20260603_194703_2syn_2tail_plain/cases/st1_7001_hz__st2_7001_hz__trial_1)
Waiting for OCEAN export lock (1740s waited, lock age 500s, owner_pid=28641, owner_case=/home/s5117909/Documents/thesis/thesis_codebase/database/20260603_194703_2syn_2tail_plain/cases/st1_7001_hz__st2_7001_hz__trial_1)
Waiting for OCEAN export lock (1800s waited, lock age 562s, owner_pid=28641, owner_case=/home/s5117909/Documents/thesis/thesis_codebase/database/20260603_194703_2syn_2tail_plain/cases/st1_7001_hz__st2_7001_hz__trial_1)
Waiting for OCEAN export lock (1860s waited, lock age 622s, owner_pid=28641, owner_case=/home/s5117909/Documents/thesis/thesis_codebase/database/20260603_194703_2syn_2tail_plain/cases/st1_7001_hz__st2_7001_hz__trial_1)
Waiting for OCEAN export lock (1920s waited, lock age 52s, owner_pid=22847, owner_case=/home/s5117909/Documents/thesis/thesis_codebase/database/20260603_194703_2syn_2tail_plain/cases/st1_6001_hz__st2_7001_hz__trial_1)
Waiting for OCEAN export lock (1980s waited, lock age 112s, owner_pid=22847, owner_case=/home/s5117909/Documents/thesis/thesis_codebase/database/20260603_194703_2syn_2tail_plain/cases/st1_6001_hz__st2_7001_hz__trial_1)
Waiting for OCEAN export lock (2040s waited, lock age 173s, owner_pid=22847, owner_case=/home/s5117909/Documents/thesis/thesis_codebase/database/20260603_194703_2syn_2tail_plain/cases/st1_6001_hz__st2_7001_hz__trial_1)
Waiting for OCEAN export lock (2100s waited, lock age 233s, owner_pid=22847, owner_case=/home/s5117909/Documents/thesis/thesis_codebase/database/20260603_194703_2syn_2tail_plain/cases/st1_6001_hz__st2_7001_hz__trial_1)
Waiting for OCEAN export lock (2160s waited, lock age 294s, owner_pid=22847, owner_case=/home/s5117909/Documents/thesis/thesis_codebase/database/20260603_194703_2syn_2tail_plain/cases/st1_6001_hz__st2_7001_hz__trial_1)
Waiting for OCEAN export lock (2220s waited, lock age 354s, owner_pid=22847, owner_case=/home/s5117909/Documents/thesis/thesis_codebase/database/20260603_194703_2syn_2tail_plain/cases/st1_6001_hz__st2_7001_hz__trial_1)
Waiting for OCEAN export lock (2280s waited, lock age 415s, owner_pid=22847, owner_case=/home/s5117909/Documents/thesis/thesis_codebase/database/20260603_194703_2syn_2tail_plain/cases/st1_6001_hz__st2_7001_hz__trial_1)
Waiting for OCEAN export lock (2340s waited, lock age 476s, owner_pid=22847, owner_case=/home/s5117909/Documents/thesis/thesis_codebase/database/20260603_194703_2syn_2tail_plain/cases/st1_6001_hz__st2_7001_hz__trial_1)
Waiting for OCEAN export lock (2400s waited, lock age 536s, owner_pid=22847, owner_case=/home/s5117909/Documents/thesis/thesis_codebase/database/20260603_194703_2syn_2tail_plain/cases/st1_6001_hz__st2_7001_hz__trial_1)
Waiting for OCEAN export lock (2460s waited, lock age 597s, owner_pid=22847, owner_case=/home/s5117909/Documents/thesis/thesis_codebase/database/20260603_194703_2syn_2tail_plain/cases/st1_6001_hz__st2_7001_hz__trial_1)
DONE case_id=64 run_name=st1_7001_hz__st2_1_hz__trial_1 output_signals=/home/s5117909/Documents/thesis/thesis_codebase/database/20260603_194703_2syn_2tail_plain/cases/st1_7001_hz__st2_1_hz__trial_1/output_signals.txt
RUN case_id=68 run_name=st1_7001_hz__st2_5001_hz__trial_1
Waiting for OCEAN export lock (60s waited, lock age 77s, owner_pid=22847, owner_case=/home/s5117909/Documents/thesis/thesis_codebase/database/20260603_194703_2syn_2tail_plain/cases/st1_6001_hz__st2_7001_hz__trial_1)
Waiting for OCEAN export lock (120s waited, lock age 138s, owner_pid=22847, owner_case=/home/s5117909/Documents/thesis/thesis_codebase/database/20260603_194703_2syn_2tail_plain/cases/st1_6001_hz__st2_7001_hz__trial_1)
Waiting for OCEAN export lock (180s waited, lock age 198s, owner_pid=22847, owner_case=/home/s5117909/Documents/thesis/thesis_codebase/database/20260603_194703_2syn_2tail_plain/cases/st1_6001_hz__st2_7001_hz__trial_1)
Waiting for OCEAN export lock (240s waited, lock age 259s, owner_pid=22847, owner_case=/home/s5117909/Documents/thesis/thesis_codebase/database/20260603_194703_2syn_2tail_plain/cases/st1_6001_hz__st2_7001_hz__trial_1)
Waiting for OCEAN export lock (300s waited, lock age 319s, owner_pid=22847, owner_case=/home/s5117909/Documents/thesis/thesis_codebase/database/20260603_194703_2syn_2tail_plain/cases/st1_6001_hz__st2_7001_hz__trial_1)
Waiting for OCEAN export lock (360s waited, lock age 380s, owner_pid=22847, owner_case=/home/s5117909/Documents/thesis/thesis_codebase/database/20260603_194703_2syn_2tail_plain/cases/st1_6001_hz__st2_7001_hz__trial_1)
Waiting for OCEAN export lock (420s waited, lock age 441s, owner_pid=22847, owner_case=/home/s5117909/Documents/thesis/thesis_codebase/database/20260603_194703_2syn_2tail_plain/cases/st1_6001_hz__st2_7001_hz__trial_1)
Waiting for OCEAN export lock (480s waited, lock age 501s, owner_pid=22847, owner_case=/home/s5117909/Documents/thesis/thesis_codebase/database/20260603_194703_2syn_2tail_plain/cases/st1_6001_hz__st2_7001_hz__trial_1)
Waiting for OCEAN export lock (540s waited, lock age 562s, owner_pid=22847, owner_case=/home/s5117909/Documents/thesis/thesis_codebase/database/20260603_194703_2syn_2tail_plain/cases/st1_6001_hz__st2_7001_hz__trial_1)
Waiting for OCEAN export lock (600s waited, lock age 622s, owner_pid=22847, owner_case=/home/s5117909/Documents/thesis/thesis_codebase/database/20260603_194703_2syn_2tail_plain/cases/st1_6001_hz__st2_7001_hz__trial_1)
Waiting for OCEAN export lock (660s waited, lock age 53s, owner_pid=28641, owner_case=/home/s5117909/Documents/thesis/thesis_codebase/database/20260603_194703_2syn_2tail_plain/cases/st1_7001_hz__st2_7001_hz__trial_1)
Waiting for OCEAN export lock (720s waited, lock age 114s, owner_pid=28641, owner_case=/home/s5117909/Documents/thesis/thesis_codebase/database/20260603_194703_2syn_2tail_plain/cases/st1_7001_hz__st2_7001_hz__trial_1)
Waiting for OCEAN export lock (780s waited, lock age 174s, owner_pid=28641, owner_case=/home/s5117909/Documents/thesis/thesis_codebase/database/20260603_194703_2syn_2tail_plain/cases/st1_7001_hz__st2_7001_hz__trial_1)
Waiting for OCEAN export lock (840s waited, lock age 235s, owner_pid=28641, owner_case=/home/s5117909/Documents/thesis/thesis_codebase/database/20260603_194703_2syn_2tail_plain/cases/st1_7001_hz__st2_7001_hz__trial_1)
Waiting for OCEAN export lock (900s waited, lock age 295s, owner_pid=28641, owner_case=/home/s5117909/Documents/thesis/thesis_codebase/database/20260603_194703_2syn_2tail_plain/cases/st1_7001_hz__st2_7001_hz__trial_1)
Waiting for OCEAN export lock (960s waited, lock age 356s, owner_pid=28641, owner_case=/home/s5117909/Documents/thesis/thesis_codebase/database/20260603_194703_2syn_2tail_plain/cases/st1_7001_hz__st2_7001_hz__trial_1)
Waiting for OCEAN export lock (1020s waited, lock age 419s, owner_pid=28641, owner_case=/home/s5117909/Documents/thesis/thesis_codebase/database/20260603_194703_2syn_2tail_plain/cases/st1_7001_hz__st2_7001_hz__trial_1)
Waiting for OCEAN export lock (1080s waited, lock age 480s, owner_pid=28641, owner_case=/home/s5117909/Documents/thesis/thesis_codebase/database/20260603_194703_2syn_2tail_plain/cases/st1_7001_hz__st2_7001_hz__trial_1)
Waiting for OCEAN export lock (1140s waited, lock age 540s, owner_pid=28641, owner_case=/home/s5117909/Documents/thesis/thesis_codebase/database/20260603_194703_2syn_2tail_plain/cases/st1_7001_hz__st2_7001_hz__trial_1)
Waiting for OCEAN export lock (1200s waited, lock age 601s, owner_pid=28641, owner_case=/home/s5117909/Documents/thesis/thesis_codebase/database/20260603_194703_2syn_2tail_plain/cases/st1_7001_hz__st2_7001_hz__trial_1)
Waiting for OCEAN export lock (1260s waited, lock age 30s, owner_pid=3685, owner_case=/home/s5117909/Documents/thesis/thesis_codebase/database/20260603_194703_2syn_2tail_plain/cases/st1_8001_hz__st2_7001_hz__trial_1)
Waiting for OCEAN export lock (1320s waited, lock age 91s, owner_pid=3685, owner_case=/home/s5117909/Documents/thesis/thesis_codebase/database/20260603_194703_2syn_2tail_plain/cases/st1_8001_hz__st2_7001_hz__trial_1)
Waiting for OCEAN export lock (1380s waited, lock age 152s, owner_pid=3685, owner_case=/home/s5117909/Documents/thesis/thesis_codebase/database/20260603_194703_2syn_2tail_plain/cases/st1_8001_hz__st2_7001_hz__trial_1)
Waiting for OCEAN export lock (1440s waited, lock age 214s, owner_pid=3685, owner_case=/home/s5117909/Documents/thesis/thesis_codebase/database/20260603_194703_2syn_2tail_plain/cases/st1_8001_hz__st2_7001_hz__trial_1)
Waiting for OCEAN export lock (1500s waited, lock age 275s, owner_pid=3685, owner_case=/home/s5117909/Documents/thesis/thesis_codebase/database/20260603_194703_2syn_2tail_plain/cases/st1_8001_hz__st2_7001_hz__trial_1)
Waiting for OCEAN export lock (1560s waited, lock age 338s, owner_pid=3685, owner_case=/home/s5117909/Documents/thesis/thesis_codebase/database/20260603_194703_2syn_2tail_plain/cases/st1_8001_hz__st2_7001_hz__trial_1)
Waiting for OCEAN export lock (1620s waited, lock age 398s, owner_pid=3685, owner_case=/home/s5117909/Documents/thesis/thesis_codebase/database/20260603_194703_2syn_2tail_plain/cases/st1_8001_hz__st2_7001_hz__trial_1)
Waiting for OCEAN export lock (1680s waited, lock age 459s, owner_pid=3685, owner_case=/home/s5117909/Documents/thesis/thesis_codebase/database/20260603_194703_2syn_2tail_plain/cases/st1_8001_hz__st2_7001_hz__trial_1)
Waiting for OCEAN export lock (1740s waited, lock age 519s, owner_pid=3685, owner_case=/home/s5117909/Documents/thesis/thesis_codebase/database/20260603_194703_2syn_2tail_plain/cases/st1_8001_hz__st2_7001_hz__trial_1)
Waiting for OCEAN export lock (1800s waited, lock age 580s, owner_pid=3685, owner_case=/home/s5117909/Documents/thesis/thesis_codebase/database/20260603_194703_2syn_2tail_plain/cases/st1_8001_hz__st2_7001_hz__trial_1)
DONE case_id=68 run_name=st1_7001_hz__st2_5001_hz__trial_1 output_signals=/home/s5117909/Documents/thesis/thesis_codebase/database/20260603_194703_2syn_2tail_plain/cases/st1_7001_hz__st2_5001_hz__trial_1/output_signals.txt
RUN case_id=72 run_name=st1_8001_hz__st2_1001_hz__trial_1
Waiting for OCEAN export lock (60s waited, lock age 76s, owner_pid=3685, owner_case=/home/s5117909/Documents/thesis/thesis_codebase/database/20260603_194703_2syn_2tail_plain/cases/st1_8001_hz__st2_7001_hz__trial_1)
Waiting for OCEAN export lock (120s waited, lock age 137s, owner_pid=3685, owner_case=/home/s5117909/Documents/thesis/thesis_codebase/database/20260603_194703_2syn_2tail_plain/cases/st1_8001_hz__st2_7001_hz__trial_1)
Waiting for OCEAN export lock (180s waited, lock age 198s, owner_pid=3685, owner_case=/home/s5117909/Documents/thesis/thesis_codebase/database/20260603_194703_2syn_2tail_plain/cases/st1_8001_hz__st2_7001_hz__trial_1)
Waiting for OCEAN export lock (240s waited, lock age 258s, owner_pid=3685, owner_case=/home/s5117909/Documents/thesis/thesis_codebase/database/20260603_194703_2syn_2tail_plain/cases/st1_8001_hz__st2_7001_hz__trial_1)
Waiting for OCEAN export lock (300s waited, lock age 319s, owner_pid=3685, owner_case=/home/s5117909/Documents/thesis/thesis_codebase/database/20260603_194703_2syn_2tail_plain/cases/st1_8001_hz__st2_7001_hz__trial_1)
Waiting for OCEAN export lock (360s waited, lock age 382s, owner_pid=3685, owner_case=/home/s5117909/Documents/thesis/thesis_codebase/database/20260603_194703_2syn_2tail_plain/cases/st1_8001_hz__st2_7001_hz__trial_1)
Waiting for OCEAN export lock (420s waited, lock age 442s, owner_pid=3685, owner_case=/home/s5117909/Documents/thesis/thesis_codebase/database/20260603_194703_2syn_2tail_plain/cases/st1_8001_hz__st2_7001_hz__trial_1)
Waiting for OCEAN export lock (480s waited, lock age 503s, owner_pid=3685, owner_case=/home/s5117909/Documents/thesis/thesis_codebase/database/20260603_194703_2syn_2tail_plain/cases/st1_8001_hz__st2_7001_hz__trial_1)
Waiting for OCEAN export lock (540s waited, lock age 564s, owner_pid=3685, owner_case=/home/s5117909/Documents/thesis/thesis_codebase/database/20260603_194703_2syn_2tail_plain/cases/st1_8001_hz__st2_7001_hz__trial_1)
Waiting for OCEAN export lock (600s waited, lock age 624s, owner_pid=3685, owner_case=/home/s5117909/Documents/thesis/thesis_codebase/database/20260603_194703_2syn_2tail_plain/cases/st1_8001_hz__st2_7001_hz__trial_1)
Waiting for OCEAN export lock (660s waited, lock age 53s, owner_pid=31111, owner_case=/home/s5117909/Documents/thesis/thesis_codebase/database/20260603_194703_2syn_2tail_plain/cases/st1_7001_hz__st2_2001_hz__trial_1)
Waiting for OCEAN export lock (720s waited, lock age 114s, owner_pid=31111, owner_case=/home/s5117909/Documents/thesis/thesis_codebase/database/20260603_194703_2syn_2tail_plain/cases/st1_7001_hz__st2_2001_hz__trial_1)
Waiting for OCEAN export lock (780s waited, lock age 174s, owner_pid=31111, owner_case=/home/s5117909/Documents/thesis/thesis_codebase/database/20260603_194703_2syn_2tail_plain/cases/st1_7001_hz__st2_2001_hz__trial_1)
Waiting for OCEAN export lock (840s waited, lock age 235s, owner_pid=31111, owner_case=/home/s5117909/Documents/thesis/thesis_codebase/database/20260603_194703_2syn_2tail_plain/cases/st1_7001_hz__st2_2001_hz__trial_1)
Waiting for OCEAN export lock (900s waited, lock age 296s, owner_pid=31111, owner_case=/home/s5117909/Documents/thesis/thesis_codebase/database/20260603_194703_2syn_2tail_plain/cases/st1_7001_hz__st2_2001_hz__trial_1)
DONE case_id=72 run_name=st1_8001_hz__st2_1001_hz__trial_1 output_signals=/home/s5117909/Documents/thesis/thesis_codebase/database/20260603_194703_2syn_2tail_plain/cases/st1_8001_hz__st2_1001_hz__trial_1/output_signals.txt
RUN case_id=76 run_name=st1_8001_hz__st2_4001_hz__trial_1
Waiting for OCEAN export lock (60s waited, lock age 69s, owner_pid=28641, owner_case=/home/s5117909/Documents/thesis/thesis_codebase/database/20260603_194703_2syn_2tail_plain/cases/st1_7001_hz__st2_7001_hz__trial_1)
Waiting for OCEAN export lock (120s waited, lock age 129s, owner_pid=28641, owner_case=/home/s5117909/Documents/thesis/thesis_codebase/database/20260603_194703_2syn_2tail_plain/cases/st1_7001_hz__st2_7001_hz__trial_1)
Waiting for OCEAN export lock (180s waited, lock age 190s, owner_pid=28641, owner_case=/home/s5117909/Documents/thesis/thesis_codebase/database/20260603_194703_2syn_2tail_plain/cases/st1_7001_hz__st2_7001_hz__trial_1)
Waiting for OCEAN export lock (240s waited, lock age 252s, owner_pid=28641, owner_case=/home/s5117909/Documents/thesis/thesis_codebase/database/20260603_194703_2syn_2tail_plain/cases/st1_7001_hz__st2_7001_hz__trial_1)
Waiting for OCEAN export lock (300s waited, lock age 312s, owner_pid=28641, owner_case=/home/s5117909/Documents/thesis/thesis_codebase/database/20260603_194703_2syn_2tail_plain/cases/st1_7001_hz__st2_7001_hz__trial_1)
Waiting for OCEAN export lock (360s waited, lock age 372s, owner_pid=28641, owner_case=/home/s5117909/Documents/thesis/thesis_codebase/database/20260603_194703_2syn_2tail_plain/cases/st1_7001_hz__st2_7001_hz__trial_1)
Waiting for OCEAN export lock (420s waited, lock age 433s, owner_pid=28641, owner_case=/home/s5117909/Documents/thesis/thesis_codebase/database/20260603_194703_2syn_2tail_plain/cases/st1_7001_hz__st2_7001_hz__trial_1)
Waiting for OCEAN export lock (480s waited, lock age 493s, owner_pid=28641, owner_case=/home/s5117909/Documents/thesis/thesis_codebase/database/20260603_194703_2syn_2tail_plain/cases/st1_7001_hz__st2_7001_hz__trial_1)
Waiting for OCEAN export lock (540s waited, lock age 554s, owner_pid=28641, owner_case=/home/s5117909/Documents/thesis/thesis_codebase/database/20260603_194703_2syn_2tail_plain/cases/st1_7001_hz__st2_7001_hz__trial_1)
Waiting for OCEAN export lock (600s waited, lock age 614s, owner_pid=28641, owner_case=/home/s5117909/Documents/thesis/thesis_codebase/database/20260603_194703_2syn_2tail_plain/cases/st1_7001_hz__st2_7001_hz__trial_1)
Waiting for OCEAN export lock (660s waited, lock age 45s, owner_pid=30684, owner_case=/home/s5117909/Documents/thesis/thesis_codebase/database/20260603_194703_2syn_2tail_plain/cases/st1_7001_hz__st2_6001_hz__trial_1)
Waiting for OCEAN export lock (720s waited, lock age 105s, owner_pid=30684, owner_case=/home/s5117909/Documents/thesis/thesis_codebase/database/20260603_194703_2syn_2tail_plain/cases/st1_7001_hz__st2_6001_hz__trial_1)
Waiting for OCEAN export lock (780s waited, lock age 166s, owner_pid=30684, owner_case=/home/s5117909/Documents/thesis/thesis_codebase/database/20260603_194703_2syn_2tail_plain/cases/st1_7001_hz__st2_6001_hz__trial_1)
Waiting for OCEAN export lock (840s waited, lock age 226s, owner_pid=30684, owner_case=/home/s5117909/Documents/thesis/thesis_codebase/database/20260603_194703_2syn_2tail_plain/cases/st1_7001_hz__st2_6001_hz__trial_1)
Waiting for OCEAN export lock (900s waited, lock age 287s, owner_pid=30684, owner_case=/home/s5117909/Documents/thesis/thesis_codebase/database/20260603_194703_2syn_2tail_plain/cases/st1_7001_hz__st2_6001_hz__trial_1)
Waiting for OCEAN export lock (960s waited, lock age 347s, owner_pid=30684, owner_case=/home/s5117909/Documents/thesis/thesis_codebase/database/20260603_194703_2syn_2tail_plain/cases/st1_7001_hz__st2_6001_hz__trial_1)
Waiting for OCEAN export lock (1020s waited, lock age 408s, owner_pid=30684, owner_case=/home/s5117909/Documents/thesis/thesis_codebase/database/20260603_194703_2syn_2tail_plain/cases/st1_7001_hz__st2_6001_hz__trial_1)
Waiting for OCEAN export lock (1080s waited, lock age 469s, owner_pid=30684, owner_case=/home/s5117909/Documents/thesis/thesis_codebase/database/20260603_194703_2syn_2tail_plain/cases/st1_7001_hz__st2_6001_hz__trial_1)
Waiting for OCEAN export lock (1140s waited, lock age 529s, owner_pid=30684, owner_case=/home/s5117909/Documents/thesis/thesis_codebase/database/20260603_194703_2syn_2tail_plain/cases/st1_7001_hz__st2_6001_hz__trial_1)
Waiting for OCEAN export lock (1200s waited, lock age 590s, owner_pid=30684, owner_case=/home/s5117909/Documents/thesis/thesis_codebase/database/20260603_194703_2syn_2tail_plain/cases/st1_7001_hz__st2_6001_hz__trial_1)
Waiting for OCEAN export lock (1260s waited, lock age 18s, owner_pid=3685, owner_case=/home/s5117909/Documents/thesis/thesis_codebase/database/20260603_194703_2syn_2tail_plain/cases/st1_8001_hz__st2_7001_hz__trial_1)
Waiting for OCEAN export lock (1320s waited, lock age 79s, owner_pid=3685, owner_case=/home/s5117909/Documents/thesis/thesis_codebase/database/20260603_194703_2syn_2tail_plain/cases/st1_8001_hz__st2_7001_hz__trial_1)
Waiting for OCEAN export lock (1380s waited, lock age 139s, owner_pid=3685, owner_case=/home/s5117909/Documents/thesis/thesis_codebase/database/20260603_194703_2syn_2tail_plain/cases/st1_8001_hz__st2_7001_hz__trial_1)
Waiting for OCEAN export lock (1440s waited, lock age 202s, owner_pid=3685, owner_case=/home/s5117909/Documents/thesis/thesis_codebase/database/20260603_194703_2syn_2tail_plain/cases/st1_8001_hz__st2_7001_hz__trial_1)
Waiting for OCEAN export lock (1500s waited, lock age 262s, owner_pid=3685, owner_case=/home/s5117909/Documents/thesis/thesis_codebase/database/20260603_194703_2syn_2tail_plain/cases/st1_8001_hz__st2_7001_hz__trial_1)
Waiting for OCEAN export lock (1560s waited, lock age 323s, owner_pid=3685, owner_case=/home/s5117909/Documents/thesis/thesis_codebase/database/20260603_194703_2syn_2tail_plain/cases/st1_8001_hz__st2_7001_hz__trial_1)
Waiting for OCEAN export lock (1620s waited, lock age 383s, owner_pid=3685, owner_case=/home/s5117909/Documents/thesis/thesis_codebase/database/20260603_194703_2syn_2tail_plain/cases/st1_8001_hz__st2_7001_hz__trial_1)
Waiting for OCEAN export lock (1680s waited, lock age 444s, owner_pid=3685, owner_case=/home/s5117909/Documents/thesis/thesis_codebase/database/20260603_194703_2syn_2tail_plain/cases/st1_8001_hz__st2_7001_hz__trial_1)
Waiting for OCEAN export lock (1740s waited, lock age 505s, owner_pid=3685, owner_case=/home/s5117909/Documents/thesis/thesis_codebase/database/20260603_194703_2syn_2tail_plain/cases/st1_8001_hz__st2_7001_hz__trial_1)
Waiting for OCEAN export lock (1800s waited, lock age 565s, owner_pid=3685, owner_case=/home/s5117909/Documents/thesis/thesis_codebase/database/20260603_194703_2syn_2tail_plain/cases/st1_8001_hz__st2_7001_hz__trial_1)
Waiting for OCEAN export lock (1860s waited, lock age 626s, owner_pid=3685, owner_case=/home/s5117909/Documents/thesis/thesis_codebase/database/20260603_194703_2syn_2tail_plain/cases/st1_8001_hz__st2_7001_hz__trial_1)
Waiting for OCEAN export lock (1920s waited, lock age 54s, owner_pid=4084, owner_case=/home/s5117909/Documents/thesis/thesis_codebase/database/20260603_194703_2syn_2tail_plain/cases/st1_8001_hz__st2_2001_hz__trial_1)
Waiting for OCEAN export lock (1980s waited, lock age 115s, owner_pid=4084, owner_case=/home/s5117909/Documents/thesis/thesis_codebase/database/20260603_194703_2syn_2tail_plain/cases/st1_8001_hz__st2_2001_hz__trial_1)
Waiting for OCEAN export lock (2040s waited, lock age 178s, owner_pid=4084, owner_case=/home/s5117909/Documents/thesis/thesis_codebase/database/20260603_194703_2syn_2tail_plain/cases/st1_8001_hz__st2_2001_hz__trial_1)
Waiting for OCEAN export lock (2100s waited, lock age 238s, owner_pid=4084, owner_case=/home/s5117909/Documents/thesis/thesis_codebase/database/20260603_194703_2syn_2tail_plain/cases/st1_8001_hz__st2_2001_hz__trial_1)
Waiting for OCEAN export lock (2160s waited, lock age 299s, owner_pid=4084, owner_case=/home/s5117909/Documents/thesis/thesis_codebase/database/20260603_194703_2syn_2tail_plain/cases/st1_8001_hz__st2_2001_hz__trial_1)
Waiting for OCEAN export lock (2220s waited, lock age 360s, owner_pid=4084, owner_case=/home/s5117909/Documents/thesis/thesis_codebase/database/20260603_194703_2syn_2tail_plain/cases/st1_8001_hz__st2_2001_hz__trial_1)
Waiting for OCEAN export lock (2280s waited, lock age 420s, owner_pid=4084, owner_case=/home/s5117909/Documents/thesis/thesis_codebase/database/20260603_194703_2syn_2tail_plain/cases/st1_8001_hz__st2_2001_hz__trial_1)
