Worker 2 started at Wed Jun  3 19:48:16 CEST 2026
RUN case_id=2 run_name=st1_1001_hz__st2_2001_hz__trial_1
Waiting for OCEAN export lock (60s waited, lock age 4s, owner_pid=16944, owner_case=/home/s5117909/Documents/thesis/thesis_codebase/database/20260603_194703_2syn_2tail_plain/cases/st1_1001_hz__st2_1001_hz__trial_1)
DONE case_id=2 run_name=st1_1001_hz__st2_2001_hz__trial_1 output_signals=/home/s5117909/Documents/thesis/thesis_codebase/database/20260603_194703_2syn_2tail_plain/cases/st1_1001_hz__st2_2001_hz__trial_1/output_signals.txt
RUN case_id=6 run_name=st1_1001_hz__st2_6001_hz__trial_1
DONE case_id=6 run_name=st1_1001_hz__st2_6001_hz__trial_1 output_signals=/home/s5117909/Documents/thesis/thesis_codebase/database/20260603_194703_2syn_2tail_plain/cases/st1_1001_hz__st2_6001_hz__trial_1/output_signals.txt
RUN case_id=10 run_name=st1_1_hz__st2_1_hz__trial_1
Waiting for OCEAN export lock (60s waited, lock age 65s, owner_pid=1313, owner_case=/home/s5117909/Documents/thesis/thesis_codebase/database/20260603_194703_2syn_2tail_plain/cases/st1_1001_hz__st2_7001_hz__trial_1)
Waiting for OCEAN export lock (120s waited, lock age 125s, owner_pid=1313, owner_case=/home/s5117909/Documents/thesis/thesis_codebase/database/20260603_194703_2syn_2tail_plain/cases/st1_1001_hz__st2_7001_hz__trial_1)
Waiting for OCEAN export lock (180s waited, lock age 186s, owner_pid=1313, owner_case=/home/s5117909/Documents/thesis/thesis_codebase/database/20260603_194703_2syn_2tail_plain/cases/st1_1001_hz__st2_7001_hz__trial_1)
Waiting for OCEAN export lock (240s waited, lock age 247s, owner_pid=1313, owner_case=/home/s5117909/Documents/thesis/thesis_codebase/database/20260603_194703_2syn_2tail_plain/cases/st1_1001_hz__st2_7001_hz__trial_1)
Waiting for OCEAN export lock (300s waited, lock age 48s, owner_pid=22296, owner_case=/home/s5117909/Documents/thesis/thesis_codebase/database/20260603_194703_2syn_2tail_plain/cases/st1_1001_hz__st2_5001_hz__trial_1)
Waiting for OCEAN export lock (360s waited, lock age 111s, owner_pid=22296, owner_case=/home/s5117909/Documents/thesis/thesis_codebase/database/20260603_194703_2syn_2tail_plain/cases/st1_1001_hz__st2_5001_hz__trial_1)
DONE case_id=10 run_name=st1_1_hz__st2_1_hz__trial_1 output_signals=/home/s5117909/Documents/thesis/thesis_codebase/database/20260603_194703_2syn_2tail_plain/cases/st1_1_hz__st2_1_hz__trial_1/output_signals.txt
RUN case_id=14 run_name=st1_1_hz__st2_5001_hz__trial_1
Waiting for OCEAN export lock (60s waited, lock age 68s, owner_pid=24759, owner_case=/home/s5117909/Documents/thesis/thesis_codebase/database/20260603_194703_2syn_2tail_plain/cases/st1_1001_hz__st2_4001_hz__trial_1)
Waiting for OCEAN export lock (120s waited, lock age 28s, owner_pid=12796, owner_case=/home/s5117909/Documents/thesis/thesis_codebase/database/20260603_194703_2syn_2tail_plain/cases/st1_1_hz__st2_6001_hz__trial_1)
Waiting for OCEAN export lock (180s waited, lock age 88s, owner_pid=12796, owner_case=/home/s5117909/Documents/thesis/thesis_codebase/database/20260603_194703_2syn_2tail_plain/cases/st1_1_hz__st2_6001_hz__trial_1)
Waiting for OCEAN export lock (240s waited, lock age 2s, owner_pid=10043, owner_case=/home/s5117909/Documents/thesis/thesis_codebase/database/20260603_194703_2syn_2tail_plain/cases/st1_1_hz__st2_1001_hz__trial_1)
Waiting for OCEAN export lock (300s waited, lock age 19s, owner_pid=4035, owner_case=/home/s5117909/Documents/thesis/thesis_codebase/database/20260603_194703_2syn_2tail_plain/cases/st1_1_hz__st2_4001_hz__trial_1)
Waiting for OCEAN export lock (360s waited, lock age 18s, owner_pid=24516, owner_case=/home/s5117909/Documents/thesis/thesis_codebase/database/20260603_194703_2syn_2tail_plain/cases/st1_1001_hz__st2_8001_hz__trial_1)
Waiting for OCEAN export lock (420s waited, lock age 78s, owner_pid=24516, owner_case=/home/s5117909/Documents/thesis/thesis_codebase/database/20260603_194703_2syn_2tail_plain/cases/st1_1001_hz__st2_8001_hz__trial_1)
Waiting for OCEAN export lock (480s waited, lock age 139s, owner_pid=24516, owner_case=/home/s5117909/Documents/thesis/thesis_codebase/database/20260603_194703_2syn_2tail_plain/cases/st1_1001_hz__st2_8001_hz__trial_1)
Waiting for OCEAN export lock (540s waited, lock age 199s, owner_pid=24516, owner_case=/home/s5117909/Documents/thesis/thesis_codebase/database/20260603_194703_2syn_2tail_plain/cases/st1_1001_hz__st2_8001_hz__trial_1)
Waiting for OCEAN export lock (600s waited, lock age 260s, owner_pid=24516, owner_case=/home/s5117909/Documents/thesis/thesis_codebase/database/20260603_194703_2syn_2tail_plain/cases/st1_1001_hz__st2_8001_hz__trial_1)
DONE case_id=14 run_name=st1_1_hz__st2_5001_hz__trial_1 output_signals=/home/s5117909/Documents/thesis/thesis_codebase/database/20260603_194703_2syn_2tail_plain/cases/st1_1_hz__st2_5001_hz__trial_1/output_signals.txt
RUN case_id=18 run_name=st1_2001_hz__st2_1001_hz__trial_1
DONE case_id=18 run_name=st1_2001_hz__st2_1001_hz__trial_1 output_signals=/home/s5117909/Documents/thesis/thesis_codebase/database/20260603_194703_2syn_2tail_plain/cases/st1_2001_hz__st2_1001_hz__trial_1/output_signals.txt
RUN case_id=22 run_name=st1_2001_hz__st2_4001_hz__trial_1
Waiting for OCEAN export lock (60s waited, lock age 64s, owner_pid=11845, owner_case=/home/s5117909/Documents/thesis/thesis_codebase/database/20260603_194703_2syn_2tail_plain/cases/st1_1_hz__st2_8001_hz__trial_1)
Waiting for OCEAN export lock (120s waited, lock age 125s, owner_pid=11845, owner_case=/home/s5117909/Documents/thesis/thesis_codebase/database/20260603_194703_2syn_2tail_plain/cases/st1_1_hz__st2_8001_hz__trial_1)
Waiting for OCEAN export lock (180s waited, lock age 185s, owner_pid=11845, owner_case=/home/s5117909/Documents/thesis/thesis_codebase/database/20260603_194703_2syn_2tail_plain/cases/st1_1_hz__st2_8001_hz__trial_1)
Waiting for OCEAN export lock (240s waited, lock age 246s, owner_pid=11845, owner_case=/home/s5117909/Documents/thesis/thesis_codebase/database/20260603_194703_2syn_2tail_plain/cases/st1_1_hz__st2_8001_hz__trial_1)
DONE case_id=22 run_name=st1_2001_hz__st2_4001_hz__trial_1 output_signals=/home/s5117909/Documents/thesis/thesis_codebase/database/20260603_194703_2syn_2tail_plain/cases/st1_2001_hz__st2_4001_hz__trial_1/output_signals.txt
RUN case_id=26 run_name=st1_2001_hz__st2_8001_hz__trial_1
Waiting for OCEAN export lock (60s waited, lock age 75s, owner_pid=323, owner_case=/home/s5117909/Documents/thesis/thesis_codebase/database/20260603_194703_2syn_2tail_plain/cases/st1_2001_hz__st2_3001_hz__trial_1)
DONE case_id=26 run_name=st1_2001_hz__st2_8001_hz__trial_1 output_signals=/home/s5117909/Documents/thesis/thesis_codebase/database/20260603_194703_2syn_2tail_plain/cases/st1_2001_hz__st2_8001_hz__trial_1/output_signals.txt
RUN case_id=30 run_name=st1_3001_hz__st2_3001_hz__trial_1
Waiting for OCEAN export lock (60s waited, lock age 66s, owner_pid=19942, owner_case=/home/s5117909/Documents/thesis/thesis_codebase/database/20260603_194703_2syn_2tail_plain/cases/st1_2001_hz__st2_7001_hz__trial_1)
Waiting for OCEAN export lock (120s waited, lock age 127s, owner_pid=19942, owner_case=/home/s5117909/Documents/thesis/thesis_codebase/database/20260603_194703_2syn_2tail_plain/cases/st1_2001_hz__st2_7001_hz__trial_1)
Waiting for OCEAN export lock (180s waited, lock age 188s, owner_pid=19942, owner_case=/home/s5117909/Documents/thesis/thesis_codebase/database/20260603_194703_2syn_2tail_plain/cases/st1_2001_hz__st2_7001_hz__trial_1)
Waiting for OCEAN export lock (240s waited, lock age 248s, owner_pid=19942, owner_case=/home/s5117909/Documents/thesis/thesis_codebase/database/20260603_194703_2syn_2tail_plain/cases/st1_2001_hz__st2_7001_hz__trial_1)
DONE case_id=30 run_name=st1_3001_hz__st2_3001_hz__trial_1 output_signals=/home/s5117909/Documents/thesis/thesis_codebase/database/20260603_194703_2syn_2tail_plain/cases/st1_3001_hz__st2_3001_hz__trial_1/output_signals.txt
RUN case_id=34 run_name=st1_3001_hz__st2_7001_hz__trial_1
Waiting for OCEAN export lock (60s waited, lock age 67s, owner_pid=13529, owner_case=/home/s5117909/Documents/thesis/thesis_codebase/database/20260603_194703_2syn_2tail_plain/cases/st1_1_hz__st2_7001_hz__trial_1)
Waiting for OCEAN export lock (120s waited, lock age 129s, owner_pid=13529, owner_case=/home/s5117909/Documents/thesis/thesis_codebase/database/20260603_194703_2syn_2tail_plain/cases/st1_1_hz__st2_7001_hz__trial_1)
Waiting for OCEAN export lock (180s waited, lock age 0s, owner_pid=26381, owner_case=unknown)
Waiting for OCEAN export lock (240s waited, lock age 61s, owner_pid=26381, owner_case=/home/s5117909/Documents/thesis/thesis_codebase/database/20260603_194703_2syn_2tail_plain/cases/st1_3001_hz__st2_2001_hz__trial_1)
Waiting for OCEAN export lock (300s waited, lock age 22s, owner_pid=13097, owner_case=/home/s5117909/Documents/thesis/thesis_codebase/database/20260603_194703_2syn_2tail_plain/cases/st1_2001_hz__st2_2001_hz__trial_1)
DONE case_id=34 run_name=st1_3001_hz__st2_7001_hz__trial_1 output_signals=/home/s5117909/Documents/thesis/thesis_codebase/database/20260603_194703_2syn_2tail_plain/cases/st1_3001_hz__st2_7001_hz__trial_1/output_signals.txt
RUN case_id=38 run_name=st1_4001_hz__st2_2001_hz__trial_1
Waiting for OCEAN export lock (60s waited, lock age 64s, owner_pid=6714, owner_case=/home/s5117909/Documents/thesis/thesis_codebase/database/20260603_194703_2syn_2tail_plain/cases/st1_2001_hz__st2_5001_hz__trial_1)
Waiting for OCEAN export lock (120s waited, lock age 125s, owner_pid=6714, owner_case=/home/s5117909/Documents/thesis/thesis_codebase/database/20260603_194703_2syn_2tail_plain/cases/st1_2001_hz__st2_5001_hz__trial_1)
Waiting for OCEAN export lock (180s waited, lock age 185s, owner_pid=6714, owner_case=/home/s5117909/Documents/thesis/thesis_codebase/database/20260603_194703_2syn_2tail_plain/cases/st1_2001_hz__st2_5001_hz__trial_1)
Waiting for OCEAN export lock (240s waited, lock age 57s, owner_pid=20468, owner_case=/home/s5117909/Documents/thesis/thesis_codebase/database/20260603_194703_2syn_2tail_plain/cases/st1_3001_hz__st2_6001_hz__trial_1)
Waiting for OCEAN export lock (300s waited, lock age 117s, owner_pid=20468, owner_case=/home/s5117909/Documents/thesis/thesis_codebase/database/20260603_194703_2syn_2tail_plain/cases/st1_3001_hz__st2_6001_hz__trial_1)
Waiting for OCEAN export lock (360s waited, lock age 178s, owner_pid=20468, owner_case=/home/s5117909/Documents/thesis/thesis_codebase/database/20260603_194703_2syn_2tail_plain/cases/st1_3001_hz__st2_6001_hz__trial_1)
Waiting for OCEAN export lock (420s waited, lock age 238s, owner_pid=20468, owner_case=/home/s5117909/Documents/thesis/thesis_codebase/database/20260603_194703_2syn_2tail_plain/cases/st1_3001_hz__st2_6001_hz__trial_1)
Waiting for OCEAN export lock (480s waited, lock age 299s, owner_pid=20468, owner_case=/home/s5117909/Documents/thesis/thesis_codebase/database/20260603_194703_2syn_2tail_plain/cases/st1_3001_hz__st2_6001_hz__trial_1)
Waiting for OCEAN export lock (540s waited, lock age 42s, owner_pid=24710, owner_case=/home/s5117909/Documents/thesis/thesis_codebase/database/20260603_194703_2syn_2tail_plain/cases/st1_2001_hz__st2_6001_hz__trial_1)
Waiting for OCEAN export lock (600s waited, lock age 103s, owner_pid=24710, owner_case=/home/s5117909/Documents/thesis/thesis_codebase/database/20260603_194703_2syn_2tail_plain/cases/st1_2001_hz__st2_6001_hz__trial_1)
Waiting for OCEAN export lock (660s waited, lock age 163s, owner_pid=24710, owner_case=/home/s5117909/Documents/thesis/thesis_codebase/database/20260603_194703_2syn_2tail_plain/cases/st1_2001_hz__st2_6001_hz__trial_1)
Waiting for OCEAN export lock (720s waited, lock age 224s, owner_pid=24710, owner_case=/home/s5117909/Documents/thesis/thesis_codebase/database/20260603_194703_2syn_2tail_plain/cases/st1_2001_hz__st2_6001_hz__trial_1)
Waiting for OCEAN export lock (780s waited, lock age 39s, owner_pid=7980, owner_case=/home/s5117909/Documents/thesis/thesis_codebase/database/20260603_194703_2syn_2tail_plain/cases/st1_4001_hz__st2_1_hz__trial_1)
DONE case_id=38 run_name=st1_4001_hz__st2_2001_hz__trial_1 output_signals=/home/s5117909/Documents/thesis/thesis_codebase/database/20260603_194703_2syn_2tail_plain/cases/st1_4001_hz__st2_2001_hz__trial_1/output_signals.txt
RUN case_id=42 run_name=st1_4001_hz__st2_6001_hz__trial_1
DONE case_id=42 run_name=st1_4001_hz__st2_6001_hz__trial_1 output_signals=/home/s5117909/Documents/thesis/thesis_codebase/database/20260603_194703_2syn_2tail_plain/cases/st1_4001_hz__st2_6001_hz__trial_1/output_signals.txt
RUN case_id=46 run_name=st1_5001_hz__st2_1_hz__trial_1
Waiting for OCEAN export lock (60s waited, lock age 69s, owner_pid=5584, owner_case=/home/s5117909/Documents/thesis/thesis_codebase/database/20260603_194703_2syn_2tail_plain/cases/st1_3001_hz__st2_4001_hz__trial_1)
Waiting for OCEAN export lock (120s waited, lock age 130s, owner_pid=5584, owner_case=/home/s5117909/Documents/thesis/thesis_codebase/database/20260603_194703_2syn_2tail_plain/cases/st1_3001_hz__st2_4001_hz__trial_1)
Waiting for OCEAN export lock (180s waited, lock age 190s, owner_pid=5584, owner_case=/home/s5117909/Documents/thesis/thesis_codebase/database/20260603_194703_2syn_2tail_plain/cases/st1_3001_hz__st2_4001_hz__trial_1)
Waiting for OCEAN export lock (240s waited, lock age 17s, owner_pid=26966, owner_case=/home/s5117909/Documents/thesis/thesis_codebase/database/20260603_194703_2syn_2tail_plain/cases/st1_4001_hz__st2_5001_hz__trial_1)
Waiting for OCEAN export lock (300s waited, lock age 77s, owner_pid=26966, owner_case=/home/s5117909/Documents/thesis/thesis_codebase/database/20260603_194703_2syn_2tail_plain/cases/st1_4001_hz__st2_5001_hz__trial_1)
Waiting for OCEAN export lock (360s waited, lock age 138s, owner_pid=26966, owner_case=/home/s5117909/Documents/thesis/thesis_codebase/database/20260603_194703_2syn_2tail_plain/cases/st1_4001_hz__st2_5001_hz__trial_1)
Waiting for OCEAN export lock (420s waited, lock age 201s, owner_pid=26966, owner_case=/home/s5117909/Documents/thesis/thesis_codebase/database/20260603_194703_2syn_2tail_plain/cases/st1_4001_hz__st2_5001_hz__trial_1)
Waiting for OCEAN export lock (480s waited, lock age 261s, owner_pid=26966, owner_case=/home/s5117909/Documents/thesis/thesis_codebase/database/20260603_194703_2syn_2tail_plain/cases/st1_4001_hz__st2_5001_hz__trial_1)
Waiting for OCEAN export lock (540s waited, lock age 322s, owner_pid=26966, owner_case=/home/s5117909/Documents/thesis/thesis_codebase/database/20260603_194703_2syn_2tail_plain/cases/st1_4001_hz__st2_5001_hz__trial_1)
Waiting for OCEAN export lock (600s waited, lock age 52s, owner_pid=10882, owner_case=/home/s5117909/Documents/thesis/thesis_codebase/database/20260603_194703_2syn_2tail_plain/cases/st1_3001_hz__st2_8001_hz__trial_1)
Waiting for OCEAN export lock (660s waited, lock age 113s, owner_pid=10882, owner_case=/home/s5117909/Documents/thesis/thesis_codebase/database/20260603_194703_2syn_2tail_plain/cases/st1_3001_hz__st2_8001_hz__trial_1)
Waiting for OCEAN export lock (720s waited, lock age 173s, owner_pid=10882, owner_case=/home/s5117909/Documents/thesis/thesis_codebase/database/20260603_194703_2syn_2tail_plain/cases/st1_3001_hz__st2_8001_hz__trial_1)
Waiting for OCEAN export lock (780s waited, lock age 234s, owner_pid=10882, owner_case=/home/s5117909/Documents/thesis/thesis_codebase/database/20260603_194703_2syn_2tail_plain/cases/st1_3001_hz__st2_8001_hz__trial_1)
Waiting for OCEAN export lock (840s waited, lock age 295s, owner_pid=10882, owner_case=/home/s5117909/Documents/thesis/thesis_codebase/database/20260603_194703_2syn_2tail_plain/cases/st1_3001_hz__st2_8001_hz__trial_1)
Waiting for OCEAN export lock (900s waited, lock age 355s, owner_pid=10882, owner_case=/home/s5117909/Documents/thesis/thesis_codebase/database/20260603_194703_2syn_2tail_plain/cases/st1_3001_hz__st2_8001_hz__trial_1)
Waiting for OCEAN export lock (960s waited, lock age 416s, owner_pid=10882, owner_case=/home/s5117909/Documents/thesis/thesis_codebase/database/20260603_194703_2syn_2tail_plain/cases/st1_3001_hz__st2_8001_hz__trial_1)
Waiting for OCEAN export lock (1020s waited, lock age 477s, owner_pid=10882, owner_case=/home/s5117909/Documents/thesis/thesis_codebase/database/20260603_194703_2syn_2tail_plain/cases/st1_3001_hz__st2_8001_hz__trial_1)
Waiting for OCEAN export lock (1080s waited, lock age 52s, owner_pid=4007, owner_case=/home/s5117909/Documents/thesis/thesis_codebase/database/20260603_194703_2syn_2tail_plain/cases/st1_5001_hz__st2_1001_hz__trial_1)
Waiting for OCEAN export lock (1140s waited, lock age 112s, owner_pid=4007, owner_case=/home/s5117909/Documents/thesis/thesis_codebase/database/20260603_194703_2syn_2tail_plain/cases/st1_5001_hz__st2_1001_hz__trial_1)
Waiting for OCEAN export lock (1200s waited, lock age 22s, owner_pid=1100, owner_case=/home/s5117909/Documents/thesis/thesis_codebase/database/20260603_194703_2syn_2tail_plain/cases/st1_4001_hz__st2_3001_hz__trial_1)
Waiting for OCEAN export lock (1260s waited, lock age 82s, owner_pid=1100, owner_case=/home/s5117909/Documents/thesis/thesis_codebase/database/20260603_194703_2syn_2tail_plain/cases/st1_4001_hz__st2_3001_hz__trial_1)
Waiting for OCEAN export lock (1320s waited, lock age 143s, owner_pid=1100, owner_case=/home/s5117909/Documents/thesis/thesis_codebase/database/20260603_194703_2syn_2tail_plain/cases/st1_4001_hz__st2_3001_hz__trial_1)
Waiting for OCEAN export lock (1380s waited, lock age 203s, owner_pid=1100, owner_case=/home/s5117909/Documents/thesis/thesis_codebase/database/20260603_194703_2syn_2tail_plain/cases/st1_4001_hz__st2_3001_hz__trial_1)
Waiting for OCEAN export lock (1440s waited, lock age 59s, owner_pid=12740, owner_case=/home/s5117909/Documents/thesis/thesis_codebase/database/20260603_194703_2syn_2tail_plain/cases/st1_5001_hz__st2_4001_hz__trial_1)
Waiting for OCEAN export lock (1500s waited, lock age 119s, owner_pid=12740, owner_case=/home/s5117909/Documents/thesis/thesis_codebase/database/20260603_194703_2syn_2tail_plain/cases/st1_5001_hz__st2_4001_hz__trial_1)
Waiting for OCEAN export lock (1560s waited, lock age 180s, owner_pid=12740, owner_case=/home/s5117909/Documents/thesis/thesis_codebase/database/20260603_194703_2syn_2tail_plain/cases/st1_5001_hz__st2_4001_hz__trial_1)
Waiting for OCEAN export lock (1620s waited, lock age 242s, owner_pid=12740, owner_case=/home/s5117909/Documents/thesis/thesis_codebase/database/20260603_194703_2syn_2tail_plain/cases/st1_5001_hz__st2_4001_hz__trial_1)
Waiting for OCEAN export lock (1680s waited, lock age 303s, owner_pid=12740, owner_case=/home/s5117909/Documents/thesis/thesis_codebase/database/20260603_194703_2syn_2tail_plain/cases/st1_5001_hz__st2_4001_hz__trial_1)
Waiting for OCEAN export lock (1740s waited, lock age 34s, owner_pid=25139, owner_case=/home/s5117909/Documents/thesis/thesis_codebase/database/20260603_194703_2syn_2tail_plain/cases/st1_4001_hz__st2_7001_hz__trial_1)
Waiting for OCEAN export lock (1800s waited, lock age 95s, owner_pid=25139, owner_case=/home/s5117909/Documents/thesis/thesis_codebase/database/20260603_194703_2syn_2tail_plain/cases/st1_4001_hz__st2_7001_hz__trial_1)
Waiting for OCEAN export lock (1860s waited, lock age 155s, owner_pid=25139, owner_case=/home/s5117909/Documents/thesis/thesis_codebase/database/20260603_194703_2syn_2tail_plain/cases/st1_4001_hz__st2_7001_hz__trial_1)
Waiting for OCEAN export lock (1920s waited, lock age 216s, owner_pid=25139, owner_case=/home/s5117909/Documents/thesis/thesis_codebase/database/20260603_194703_2syn_2tail_plain/cases/st1_4001_hz__st2_7001_hz__trial_1)
Waiting for OCEAN export lock (1980s waited, lock age 276s, owner_pid=25139, owner_case=/home/s5117909/Documents/thesis/thesis_codebase/database/20260603_194703_2syn_2tail_plain/cases/st1_4001_hz__st2_7001_hz__trial_1)
Waiting for OCEAN export lock (2040s waited, lock age 337s, owner_pid=25139, owner_case=/home/s5117909/Documents/thesis/thesis_codebase/database/20260603_194703_2syn_2tail_plain/cases/st1_4001_hz__st2_7001_hz__trial_1)
Waiting for OCEAN export lock (2100s waited, lock age 397s, owner_pid=25139, owner_case=/home/s5117909/Documents/thesis/thesis_codebase/database/20260603_194703_2syn_2tail_plain/cases/st1_4001_hz__st2_7001_hz__trial_1)
DONE case_id=46 run_name=st1_5001_hz__st2_1_hz__trial_1 output_signals=/home/s5117909/Documents/thesis/thesis_codebase/database/20260603_194703_2syn_2tail_plain/cases/st1_5001_hz__st2_1_hz__trial_1/output_signals.txt
RUN case_id=50 run_name=st1_5001_hz__st2_5001_hz__trial_1
Waiting for OCEAN export lock (60s waited, lock age 76s, owner_pid=10303, owner_case=/home/s5117909/Documents/thesis/thesis_codebase/database/20260603_194703_2syn_2tail_plain/cases/st1_5001_hz__st2_2001_hz__trial_1)
Waiting for OCEAN export lock (120s waited, lock age 136s, owner_pid=10303, owner_case=/home/s5117909/Documents/thesis/thesis_codebase/database/20260603_194703_2syn_2tail_plain/cases/st1_5001_hz__st2_2001_hz__trial_1)
Waiting for OCEAN export lock (180s waited, lock age 197s, owner_pid=10303, owner_case=/home/s5117909/Documents/thesis/thesis_codebase/database/20260603_194703_2syn_2tail_plain/cases/st1_5001_hz__st2_2001_hz__trial_1)
Waiting for OCEAN export lock (240s waited, lock age 55s, owner_pid=15502, owner_case=/home/s5117909/Documents/thesis/thesis_codebase/database/20260603_194703_2syn_2tail_plain/cases/st1_5001_hz__st2_8001_hz__trial_1)
Waiting for OCEAN export lock (300s waited, lock age 116s, owner_pid=15502, owner_case=/home/s5117909/Documents/thesis/thesis_codebase/database/20260603_194703_2syn_2tail_plain/cases/st1_5001_hz__st2_8001_hz__trial_1)
Waiting for OCEAN export lock (360s waited, lock age 176s, owner_pid=15502, owner_case=/home/s5117909/Documents/thesis/thesis_codebase/database/20260603_194703_2syn_2tail_plain/cases/st1_5001_hz__st2_8001_hz__trial_1)
Waiting for OCEAN export lock (420s waited, lock age 237s, owner_pid=15502, owner_case=/home/s5117909/Documents/thesis/thesis_codebase/database/20260603_194703_2syn_2tail_plain/cases/st1_5001_hz__st2_8001_hz__trial_1)
Waiting for OCEAN export lock (480s waited, lock age 299s, owner_pid=15502, owner_case=/home/s5117909/Documents/thesis/thesis_codebase/database/20260603_194703_2syn_2tail_plain/cases/st1_5001_hz__st2_8001_hz__trial_1)
Waiting for OCEAN export lock (540s waited, lock age 359s, owner_pid=15502, owner_case=/home/s5117909/Documents/thesis/thesis_codebase/database/20260603_194703_2syn_2tail_plain/cases/st1_5001_hz__st2_8001_hz__trial_1)
Waiting for OCEAN export lock (600s waited, lock age 422s, owner_pid=15502, owner_case=/home/s5117909/Documents/thesis/thesis_codebase/database/20260603_194703_2syn_2tail_plain/cases/st1_5001_hz__st2_8001_hz__trial_1)
Waiting for OCEAN export lock (660s waited, lock age 483s, owner_pid=15502, owner_case=/home/s5117909/Documents/thesis/thesis_codebase/database/20260603_194703_2syn_2tail_plain/cases/st1_5001_hz__st2_8001_hz__trial_1)
Waiting for OCEAN export lock (720s waited, lock age 543s, owner_pid=15502, owner_case=/home/s5117909/Documents/thesis/thesis_codebase/database/20260603_194703_2syn_2tail_plain/cases/st1_5001_hz__st2_8001_hz__trial_1)
Waiting for OCEAN export lock (780s waited, lock age 604s, owner_pid=15502, owner_case=/home/s5117909/Documents/thesis/thesis_codebase/database/20260603_194703_2syn_2tail_plain/cases/st1_5001_hz__st2_8001_hz__trial_1)
Waiting for OCEAN export lock (840s waited, lock age 32s, owner_pid=14185, owner_case=/home/s5117909/Documents/thesis/thesis_codebase/database/20260603_194703_2syn_2tail_plain/cases/st1_3001_hz__st2_5001_hz__trial_1)
Waiting for OCEAN export lock (900s waited, lock age 93s, owner_pid=14185, owner_case=/home/s5117909/Documents/thesis/thesis_codebase/database/20260603_194703_2syn_2tail_plain/cases/st1_3001_hz__st2_5001_hz__trial_1)
Waiting for OCEAN export lock (960s waited, lock age 153s, owner_pid=14185, owner_case=/home/s5117909/Documents/thesis/thesis_codebase/database/20260603_194703_2syn_2tail_plain/cases/st1_3001_hz__st2_5001_hz__trial_1)
Waiting for OCEAN export lock (1020s waited, lock age 214s, owner_pid=14185, owner_case=/home/s5117909/Documents/thesis/thesis_codebase/database/20260603_194703_2syn_2tail_plain/cases/st1_3001_hz__st2_5001_hz__trial_1)
Waiting for OCEAN export lock (1080s waited, lock age 18s, owner_pid=29449, owner_case=/home/s5117909/Documents/thesis/thesis_codebase/database/20260603_194703_2syn_2tail_plain/cases/st1_5001_hz__st2_6001_hz__trial_1)
Waiting for OCEAN export lock (1140s waited, lock age 79s, owner_pid=29449, owner_case=/home/s5117909/Documents/thesis/thesis_codebase/database/20260603_194703_2syn_2tail_plain/cases/st1_5001_hz__st2_6001_hz__trial_1)
Waiting for OCEAN export lock (1200s waited, lock age 142s, owner_pid=29449, owner_case=/home/s5117909/Documents/thesis/thesis_codebase/database/20260603_194703_2syn_2tail_plain/cases/st1_5001_hz__st2_6001_hz__trial_1)
Waiting for OCEAN export lock (1260s waited, lock age 202s, owner_pid=29449, owner_case=/home/s5117909/Documents/thesis/thesis_codebase/database/20260603_194703_2syn_2tail_plain/cases/st1_5001_hz__st2_6001_hz__trial_1)
Waiting for OCEAN export lock (1320s waited, lock age 263s, owner_pid=29449, owner_case=/home/s5117909/Documents/thesis/thesis_codebase/database/20260603_194703_2syn_2tail_plain/cases/st1_5001_hz__st2_6001_hz__trial_1)
Waiting for OCEAN export lock (1380s waited, lock age 323s, owner_pid=29449, owner_case=/home/s5117909/Documents/thesis/thesis_codebase/database/20260603_194703_2syn_2tail_plain/cases/st1_5001_hz__st2_6001_hz__trial_1)
Waiting for OCEAN export lock (1440s waited, lock age 384s, owner_pid=29449, owner_case=/home/s5117909/Documents/thesis/thesis_codebase/database/20260603_194703_2syn_2tail_plain/cases/st1_5001_hz__st2_6001_hz__trial_1)
Waiting for OCEAN export lock (1500s waited, lock age 445s, owner_pid=29449, owner_case=/home/s5117909/Documents/thesis/thesis_codebase/database/20260603_194703_2syn_2tail_plain/cases/st1_5001_hz__st2_6001_hz__trial_1)
Waiting for OCEAN export lock (1560s waited, lock age 56s, owner_pid=15502, owner_case=/home/s5117909/Documents/thesis/thesis_codebase/database/20260603_194703_2syn_2tail_plain/cases/st1_5001_hz__st2_8001_hz__trial_1)
Waiting for OCEAN export lock (1620s waited, lock age 116s, owner_pid=15502, owner_case=/home/s5117909/Documents/thesis/thesis_codebase/database/20260603_194703_2syn_2tail_plain/cases/st1_5001_hz__st2_8001_hz__trial_1)
Waiting for OCEAN export lock (1680s waited, lock age 177s, owner_pid=15502, owner_case=/home/s5117909/Documents/thesis/thesis_codebase/database/20260603_194703_2syn_2tail_plain/cases/st1_5001_hz__st2_8001_hz__trial_1)
Waiting for OCEAN export lock (1740s waited, lock age 238s, owner_pid=15502, owner_case=/home/s5117909/Documents/thesis/thesis_codebase/database/20260603_194703_2syn_2tail_plain/cases/st1_5001_hz__st2_8001_hz__trial_1)
Waiting for OCEAN export lock (1800s waited, lock age 301s, owner_pid=15502, owner_case=/home/s5117909/Documents/thesis/thesis_codebase/database/20260603_194703_2syn_2tail_plain/cases/st1_5001_hz__st2_8001_hz__trial_1)
Waiting for OCEAN export lock (1860s waited, lock age 361s, owner_pid=15502, owner_case=/home/s5117909/Documents/thesis/thesis_codebase/database/20260603_194703_2syn_2tail_plain/cases/st1_5001_hz__st2_8001_hz__trial_1)
Waiting for OCEAN export lock (1920s waited, lock age 422s, owner_pid=15502, owner_case=/home/s5117909/Documents/thesis/thesis_codebase/database/20260603_194703_2syn_2tail_plain/cases/st1_5001_hz__st2_8001_hz__trial_1)
Waiting for OCEAN export lock (1980s waited, lock age 482s, owner_pid=15502, owner_case=/home/s5117909/Documents/thesis/thesis_codebase/database/20260603_194703_2syn_2tail_plain/cases/st1_5001_hz__st2_8001_hz__trial_1)
Waiting for OCEAN export lock (2040s waited, lock age 543s, owner_pid=15502, owner_case=/home/s5117909/Documents/thesis/thesis_codebase/database/20260603_194703_2syn_2tail_plain/cases/st1_5001_hz__st2_8001_hz__trial_1)
Waiting for OCEAN export lock (2100s waited, lock age 603s, owner_pid=15502, owner_case=/home/s5117909/Documents/thesis/thesis_codebase/database/20260603_194703_2syn_2tail_plain/cases/st1_5001_hz__st2_8001_hz__trial_1)
DONE case_id=50 run_name=st1_5001_hz__st2_5001_hz__trial_1 output_signals=/home/s5117909/Documents/thesis/thesis_codebase/database/20260603_194703_2syn_2tail_plain/cases/st1_5001_hz__st2_5001_hz__trial_1/output_signals.txt
RUN case_id=54 run_name=st1_6001_hz__st2_1001_hz__trial_1
Waiting for OCEAN export lock (60s waited, lock age 74s, owner_pid=10298, owner_case=/home/s5117909/Documents/thesis/thesis_codebase/database/20260603_194703_2syn_2tail_plain/cases/st1_6001_hz__st2_1_hz__trial_1)
Waiting for OCEAN export lock (120s waited, lock age 134s, owner_pid=10298, owner_case=/home/s5117909/Documents/thesis/thesis_codebase/database/20260603_194703_2syn_2tail_plain/cases/st1_6001_hz__st2_1_hz__trial_1)
Waiting for OCEAN export lock (180s waited, lock age 47s, owner_pid=14386, owner_case=/home/s5117909/Documents/thesis/thesis_codebase/database/20260603_194703_2syn_2tail_plain/cases/st1_4001_hz__st2_1001_hz__trial_1)
Waiting for OCEAN export lock (240s waited, lock age 5s, owner_pid=19892, owner_case=/home/s5117909/Documents/thesis/thesis_codebase/database/20260603_194703_2syn_2tail_plain/cases/st1_6001_hz__st2_5001_hz__trial_1)
Waiting for OCEAN export lock (300s waited, lock age 66s, owner_pid=19892, owner_case=/home/s5117909/Documents/thesis/thesis_codebase/database/20260603_194703_2syn_2tail_plain/cases/st1_6001_hz__st2_5001_hz__trial_1)
Waiting for OCEAN export lock (360s waited, lock age 126s, owner_pid=19892, owner_case=/home/s5117909/Documents/thesis/thesis_codebase/database/20260603_194703_2syn_2tail_plain/cases/st1_6001_hz__st2_5001_hz__trial_1)
Waiting for OCEAN export lock (420s waited, lock age 187s, owner_pid=19892, owner_case=/home/s5117909/Documents/thesis/thesis_codebase/database/20260603_194703_2syn_2tail_plain/cases/st1_6001_hz__st2_5001_hz__trial_1)
Waiting for OCEAN export lock (480s waited, lock age 247s, owner_pid=19892, owner_case=/home/s5117909/Documents/thesis/thesis_codebase/database/20260603_194703_2syn_2tail_plain/cases/st1_6001_hz__st2_5001_hz__trial_1)
Waiting for OCEAN export lock (540s waited, lock age 308s, owner_pid=19892, owner_case=/home/s5117909/Documents/thesis/thesis_codebase/database/20260603_194703_2syn_2tail_plain/cases/st1_6001_hz__st2_5001_hz__trial_1)
Waiting for OCEAN export lock (600s waited, lock age 368s, owner_pid=19892, owner_case=/home/s5117909/Documents/thesis/thesis_codebase/database/20260603_194703_2syn_2tail_plain/cases/st1_6001_hz__st2_5001_hz__trial_1)
Waiting for OCEAN export lock (660s waited, lock age 429s, owner_pid=19892, owner_case=/home/s5117909/Documents/thesis/thesis_codebase/database/20260603_194703_2syn_2tail_plain/cases/st1_6001_hz__st2_5001_hz__trial_1)
Waiting for OCEAN export lock (720s waited, lock age 12s, owner_pid=26628, owner_case=/home/s5117909/Documents/thesis/thesis_codebase/database/20260603_194703_2syn_2tail_plain/cases/st1_4001_hz__st2_4001_hz__trial_1)
Waiting for OCEAN export lock (780s waited, lock age 73s, owner_pid=26628, owner_case=/home/s5117909/Documents/thesis/thesis_codebase/database/20260603_194703_2syn_2tail_plain/cases/st1_4001_hz__st2_4001_hz__trial_1)
Waiting for OCEAN export lock (840s waited, lock age 133s, owner_pid=26628, owner_case=/home/s5117909/Documents/thesis/thesis_codebase/database/20260603_194703_2syn_2tail_plain/cases/st1_4001_hz__st2_4001_hz__trial_1)
Waiting for OCEAN export lock (900s waited, lock age 194s, owner_pid=26628, owner_case=/home/s5117909/Documents/thesis/thesis_codebase/database/20260603_194703_2syn_2tail_plain/cases/st1_4001_hz__st2_4001_hz__trial_1)
Waiting for OCEAN export lock (960s waited, lock age 254s, owner_pid=26628, owner_case=/home/s5117909/Documents/thesis/thesis_codebase/database/20260603_194703_2syn_2tail_plain/cases/st1_4001_hz__st2_4001_hz__trial_1)
Waiting for OCEAN export lock (1020s waited, lock age 54s, owner_pid=24275, owner_case=/home/s5117909/Documents/thesis/thesis_codebase/database/20260603_194703_2syn_2tail_plain/cases/st1_7001_hz__st2_1001_hz__trial_1)
Waiting for OCEAN export lock (1080s waited, lock age 115s, owner_pid=24275, owner_case=/home/s5117909/Documents/thesis/thesis_codebase/database/20260603_194703_2syn_2tail_plain/cases/st1_7001_hz__st2_1001_hz__trial_1)
Waiting for OCEAN export lock (1140s waited, lock age 175s, owner_pid=24275, owner_case=/home/s5117909/Documents/thesis/thesis_codebase/database/20260603_194703_2syn_2tail_plain/cases/st1_7001_hz__st2_1001_hz__trial_1)
Waiting for OCEAN export lock (1200s waited, lock age 235s, owner_pid=24275, owner_case=/home/s5117909/Documents/thesis/thesis_codebase/database/20260603_194703_2syn_2tail_plain/cases/st1_7001_hz__st2_1001_hz__trial_1)
DONE case_id=54 run_name=st1_6001_hz__st2_1001_hz__trial_1 output_signals=/home/s5117909/Documents/thesis/thesis_codebase/database/20260603_194703_2syn_2tail_plain/cases/st1_6001_hz__st2_1001_hz__trial_1/output_signals.txt
RUN case_id=58 run_name=st1_6001_hz__st2_4001_hz__trial_1
Waiting for OCEAN export lock (60s waited, lock age 66s, owner_pid=19624, owner_case=/home/s5117909/Documents/thesis/thesis_codebase/database/20260603_194703_2syn_2tail_plain/cases/st1_7001_hz__st2_4001_hz__trial_1)
Waiting for OCEAN export lock (120s waited, lock age 127s, owner_pid=19624, owner_case=/home/s5117909/Documents/thesis/thesis_codebase/database/20260603_194703_2syn_2tail_plain/cases/st1_7001_hz__st2_4001_hz__trial_1)
Waiting for OCEAN export lock (180s waited, lock age 188s, owner_pid=19624, owner_case=/home/s5117909/Documents/thesis/thesis_codebase/database/20260603_194703_2syn_2tail_plain/cases/st1_7001_hz__st2_4001_hz__trial_1)
Waiting for OCEAN export lock (240s waited, lock age 248s, owner_pid=19624, owner_case=/home/s5117909/Documents/thesis/thesis_codebase/database/20260603_194703_2syn_2tail_plain/cases/st1_7001_hz__st2_4001_hz__trial_1)
Waiting for OCEAN export lock (300s waited, lock age 309s, owner_pid=19624, owner_case=/home/s5117909/Documents/thesis/thesis_codebase/database/20260603_194703_2syn_2tail_plain/cases/st1_7001_hz__st2_4001_hz__trial_1)
Waiting for OCEAN export lock (360s waited, lock age 369s, owner_pid=19624, owner_case=/home/s5117909/Documents/thesis/thesis_codebase/database/20260603_194703_2syn_2tail_plain/cases/st1_7001_hz__st2_4001_hz__trial_1)
Waiting for OCEAN export lock (420s waited, lock age 430s, owner_pid=19624, owner_case=/home/s5117909/Documents/thesis/thesis_codebase/database/20260603_194703_2syn_2tail_plain/cases/st1_7001_hz__st2_4001_hz__trial_1)
DONE case_id=58 run_name=st1_6001_hz__st2_4001_hz__trial_1 output_signals=/home/s5117909/Documents/thesis/thesis_codebase/database/20260603_194703_2syn_2tail_plain/cases/st1_6001_hz__st2_4001_hz__trial_1/output_signals.txt
RUN case_id=62 run_name=st1_6001_hz__st2_8001_hz__trial_1
Waiting for OCEAN export lock (60s waited, lock age 80s, owner_pid=6909, owner_case=/home/s5117909/Documents/thesis/thesis_codebase/database/20260603_194703_2syn_2tail_plain/cases/st1_4001_hz__st2_8001_hz__trial_1)
Waiting for OCEAN export lock (120s waited, lock age 141s, owner_pid=6909, owner_case=/home/s5117909/Documents/thesis/thesis_codebase/database/20260603_194703_2syn_2tail_plain/cases/st1_4001_hz__st2_8001_hz__trial_1)
Waiting for OCEAN export lock (180s waited, lock age 201s, owner_pid=6909, owner_case=/home/s5117909/Documents/thesis/thesis_codebase/database/20260603_194703_2syn_2tail_plain/cases/st1_4001_hz__st2_8001_hz__trial_1)
Waiting for OCEAN export lock (240s waited, lock age 262s, owner_pid=6909, owner_case=/home/s5117909/Documents/thesis/thesis_codebase/database/20260603_194703_2syn_2tail_plain/cases/st1_4001_hz__st2_8001_hz__trial_1)
Waiting for OCEAN export lock (300s waited, lock age 322s, owner_pid=6909, owner_case=/home/s5117909/Documents/thesis/thesis_codebase/database/20260603_194703_2syn_2tail_plain/cases/st1_4001_hz__st2_8001_hz__trial_1)
Waiting for OCEAN export lock (360s waited, lock age 383s, owner_pid=6909, owner_case=/home/s5117909/Documents/thesis/thesis_codebase/database/20260603_194703_2syn_2tail_plain/cases/st1_4001_hz__st2_8001_hz__trial_1)
Waiting for OCEAN export lock (420s waited, lock age 444s, owner_pid=6909, owner_case=/home/s5117909/Documents/thesis/thesis_codebase/database/20260603_194703_2syn_2tail_plain/cases/st1_4001_hz__st2_8001_hz__trial_1)
Waiting for OCEAN export lock (480s waited, lock age 504s, owner_pid=6909, owner_case=/home/s5117909/Documents/thesis/thesis_codebase/database/20260603_194703_2syn_2tail_plain/cases/st1_4001_hz__st2_8001_hz__trial_1)
Waiting for OCEAN export lock (540s waited, lock age 0s, owner_pid=22301, owner_case=/home/s5117909/Documents/thesis/thesis_codebase/database/20260603_194703_2syn_2tail_plain/cases/st1_7001_hz__st2_8001_hz__trial_1)
Waiting for OCEAN export lock (600s waited, lock age 60s, owner_pid=22301, owner_case=/home/s5117909/Documents/thesis/thesis_codebase/database/20260603_194703_2syn_2tail_plain/cases/st1_7001_hz__st2_8001_hz__trial_1)
Waiting for OCEAN export lock (660s waited, lock age 121s, owner_pid=22301, owner_case=/home/s5117909/Documents/thesis/thesis_codebase/database/20260603_194703_2syn_2tail_plain/cases/st1_7001_hz__st2_8001_hz__trial_1)
Waiting for OCEAN export lock (720s waited, lock age 181s, owner_pid=22301, owner_case=/home/s5117909/Documents/thesis/thesis_codebase/database/20260603_194703_2syn_2tail_plain/cases/st1_7001_hz__st2_8001_hz__trial_1)
Waiting for OCEAN export lock (780s waited, lock age 242s, owner_pid=22301, owner_case=/home/s5117909/Documents/thesis/thesis_codebase/database/20260603_194703_2syn_2tail_plain/cases/st1_7001_hz__st2_8001_hz__trial_1)
Waiting for OCEAN export lock (840s waited, lock age 302s, owner_pid=22301, owner_case=/home/s5117909/Documents/thesis/thesis_codebase/database/20260603_194703_2syn_2tail_plain/cases/st1_7001_hz__st2_8001_hz__trial_1)
Waiting for OCEAN export lock (900s waited, lock age 363s, owner_pid=22301, owner_case=/home/s5117909/Documents/thesis/thesis_codebase/database/20260603_194703_2syn_2tail_plain/cases/st1_7001_hz__st2_8001_hz__trial_1)
Waiting for OCEAN export lock (960s waited, lock age 424s, owner_pid=22301, owner_case=/home/s5117909/Documents/thesis/thesis_codebase/database/20260603_194703_2syn_2tail_plain/cases/st1_7001_hz__st2_8001_hz__trial_1)
Waiting for OCEAN export lock (1020s waited, lock age 484s, owner_pid=22301, owner_case=/home/s5117909/Documents/thesis/thesis_codebase/database/20260603_194703_2syn_2tail_plain/cases/st1_7001_hz__st2_8001_hz__trial_1)
Waiting for OCEAN export lock (1080s waited, lock age 545s, owner_pid=22301, owner_case=/home/s5117909/Documents/thesis/thesis_codebase/database/20260603_194703_2syn_2tail_plain/cases/st1_7001_hz__st2_8001_hz__trial_1)
Waiting for OCEAN export lock (1140s waited, lock age 608s, owner_pid=22301, owner_case=/home/s5117909/Documents/thesis/thesis_codebase/database/20260603_194703_2syn_2tail_plain/cases/st1_7001_hz__st2_8001_hz__trial_1)
Waiting for OCEAN export lock (1200s waited, lock age 38s, owner_pid=5928, owner_case=/home/s5117909/Documents/thesis/thesis_codebase/database/20260603_194703_2syn_2tail_plain/cases/st1_5001_hz__st2_3001_hz__trial_1)
Waiting for OCEAN export lock (1260s waited, lock age 99s, owner_pid=5928, owner_case=/home/s5117909/Documents/thesis/thesis_codebase/database/20260603_194703_2syn_2tail_plain/cases/st1_5001_hz__st2_3001_hz__trial_1)
Waiting for OCEAN export lock (1320s waited, lock age 159s, owner_pid=5928, owner_case=/home/s5117909/Documents/thesis/thesis_codebase/database/20260603_194703_2syn_2tail_plain/cases/st1_5001_hz__st2_3001_hz__trial_1)
Waiting for OCEAN export lock (1380s waited, lock age 220s, owner_pid=5928, owner_case=/home/s5117909/Documents/thesis/thesis_codebase/database/20260603_194703_2syn_2tail_plain/cases/st1_5001_hz__st2_3001_hz__trial_1)
Waiting for OCEAN export lock (1440s waited, lock age 26s, owner_pid=22301, owner_case=/home/s5117909/Documents/thesis/thesis_codebase/database/20260603_194703_2syn_2tail_plain/cases/st1_7001_hz__st2_8001_hz__trial_1)
Waiting for OCEAN export lock (1500s waited, lock age 87s, owner_pid=22301, owner_case=/home/s5117909/Documents/thesis/thesis_codebase/database/20260603_194703_2syn_2tail_plain/cases/st1_7001_hz__st2_8001_hz__trial_1)
Waiting for OCEAN export lock (1560s waited, lock age 148s, owner_pid=22301, owner_case=/home/s5117909/Documents/thesis/thesis_codebase/database/20260603_194703_2syn_2tail_plain/cases/st1_7001_hz__st2_8001_hz__trial_1)
Waiting for OCEAN export lock (1620s waited, lock age 208s, owner_pid=22301, owner_case=/home/s5117909/Documents/thesis/thesis_codebase/database/20260603_194703_2syn_2tail_plain/cases/st1_7001_hz__st2_8001_hz__trial_1)
Waiting for OCEAN export lock (1680s waited, lock age 269s, owner_pid=22301, owner_case=/home/s5117909/Documents/thesis/thesis_codebase/database/20260603_194703_2syn_2tail_plain/cases/st1_7001_hz__st2_8001_hz__trial_1)
Waiting for OCEAN export lock (1740s waited, lock age 329s, owner_pid=22301, owner_case=/home/s5117909/Documents/thesis/thesis_codebase/database/20260603_194703_2syn_2tail_plain/cases/st1_7001_hz__st2_8001_hz__trial_1)
Waiting for OCEAN export lock (1800s waited, lock age 392s, owner_pid=22301, owner_case=/home/s5117909/Documents/thesis/thesis_codebase/database/20260603_194703_2syn_2tail_plain/cases/st1_7001_hz__st2_8001_hz__trial_1)
Waiting for OCEAN export lock (1860s waited, lock age 453s, owner_pid=22301, owner_case=/home/s5117909/Documents/thesis/thesis_codebase/database/20260603_194703_2syn_2tail_plain/cases/st1_7001_hz__st2_8001_hz__trial_1)
Waiting for OCEAN export lock (1920s waited, lock age 513s, owner_pid=22301, owner_case=/home/s5117909/Documents/thesis/thesis_codebase/database/20260603_194703_2syn_2tail_plain/cases/st1_7001_hz__st2_8001_hz__trial_1)
Waiting for OCEAN export lock (1980s waited, lock age 574s, owner_pid=22301, owner_case=/home/s5117909/Documents/thesis/thesis_codebase/database/20260603_194703_2syn_2tail_plain/cases/st1_7001_hz__st2_8001_hz__trial_1)
/home/s5117909/Documents/thesis/thesis_codebase/database/20260603_194703_2syn_2tail_plain/run_export_case.sh: line 106: 15844 Killed                  timeout --preserve-status --kill-after=30s "${timeout_seconds}s" "$cmd" -nograph -restore "$restore_arg" >> "$log_file" 2>&1
Retryable OCEAN export timeout/kill status=137.
Retryable OCEAN export failure; sleeping 20s before retry.
Waiting for OCEAN export lock (60s waited, lock age 80s, owner_pid=15502, owner_case=/home/s5117909/Documents/thesis/thesis_codebase/database/20260603_194703_2syn_2tail_plain/cases/st1_5001_hz__st2_8001_hz__trial_1)
Waiting for OCEAN export lock (120s waited, lock age 140s, owner_pid=15502, owner_case=/home/s5117909/Documents/thesis/thesis_codebase/database/20260603_194703_2syn_2tail_plain/cases/st1_5001_hz__st2_8001_hz__trial_1)
Waiting for OCEAN export lock (180s waited, lock age 201s, owner_pid=15502, owner_case=/home/s5117909/Documents/thesis/thesis_codebase/database/20260603_194703_2syn_2tail_plain/cases/st1_5001_hz__st2_8001_hz__trial_1)
Waiting for OCEAN export lock (240s waited, lock age 261s, owner_pid=15502, owner_case=/home/s5117909/Documents/thesis/thesis_codebase/database/20260603_194703_2syn_2tail_plain/cases/st1_5001_hz__st2_8001_hz__trial_1)
Waiting for OCEAN export lock (300s waited, lock age 324s, owner_pid=15502, owner_case=/home/s5117909/Documents/thesis/thesis_codebase/database/20260603_194703_2syn_2tail_plain/cases/st1_5001_hz__st2_8001_hz__trial_1)
Waiting for OCEAN export lock (360s waited, lock age 384s, owner_pid=15502, owner_case=/home/s5117909/Documents/thesis/thesis_codebase/database/20260603_194703_2syn_2tail_plain/cases/st1_5001_hz__st2_8001_hz__trial_1)
Waiting for OCEAN export lock (420s waited, lock age 445s, owner_pid=15502, owner_case=/home/s5117909/Documents/thesis/thesis_codebase/database/20260603_194703_2syn_2tail_plain/cases/st1_5001_hz__st2_8001_hz__trial_1)
Waiting for OCEAN export lock (480s waited, lock age 505s, owner_pid=15502, owner_case=/home/s5117909/Documents/thesis/thesis_codebase/database/20260603_194703_2syn_2tail_plain/cases/st1_5001_hz__st2_8001_hz__trial_1)
Waiting for OCEAN export lock (540s waited, lock age 566s, owner_pid=15502, owner_case=/home/s5117909/Documents/thesis/thesis_codebase/database/20260603_194703_2syn_2tail_plain/cases/st1_5001_hz__st2_8001_hz__trial_1)
Waiting for OCEAN export lock (600s waited, lock age 626s, owner_pid=15502, owner_case=/home/s5117909/Documents/thesis/thesis_codebase/database/20260603_194703_2syn_2tail_plain/cases/st1_5001_hz__st2_8001_hz__trial_1)
Waiting for OCEAN export lock (660s waited, lock age 55s, owner_pid=17756, owner_case=/home/s5117909/Documents/thesis/thesis_codebase/database/20260603_194703_2syn_2tail_plain/cases/st1_5001_hz__st2_7001_hz__trial_1)
Waiting for OCEAN export lock (720s waited, lock age 115s, owner_pid=17756, owner_case=/home/s5117909/Documents/thesis/thesis_codebase/database/20260603_194703_2syn_2tail_plain/cases/st1_5001_hz__st2_7001_hz__trial_1)
Waiting for OCEAN export lock (780s waited, lock age 176s, owner_pid=17756, owner_case=/home/s5117909/Documents/thesis/thesis_codebase/database/20260603_194703_2syn_2tail_plain/cases/st1_5001_hz__st2_7001_hz__trial_1)
Waiting for OCEAN export lock (840s waited, lock age 236s, owner_pid=17756, owner_case=/home/s5117909/Documents/thesis/thesis_codebase/database/20260603_194703_2syn_2tail_plain/cases/st1_5001_hz__st2_7001_hz__trial_1)
Waiting for OCEAN export lock (900s waited, lock age 297s, owner_pid=17756, owner_case=/home/s5117909/Documents/thesis/thesis_codebase/database/20260603_194703_2syn_2tail_plain/cases/st1_5001_hz__st2_7001_hz__trial_1)
Waiting for OCEAN export lock (960s waited, lock age 360s, owner_pid=17756, owner_case=/home/s5117909/Documents/thesis/thesis_codebase/database/20260603_194703_2syn_2tail_plain/cases/st1_5001_hz__st2_7001_hz__trial_1)
Waiting for OCEAN export lock (1020s waited, lock age 420s, owner_pid=17756, owner_case=/home/s5117909/Documents/thesis/thesis_codebase/database/20260603_194703_2syn_2tail_plain/cases/st1_5001_hz__st2_7001_hz__trial_1)
Waiting for OCEAN export lock (1080s waited, lock age 481s, owner_pid=17756, owner_case=/home/s5117909/Documents/thesis/thesis_codebase/database/20260603_194703_2syn_2tail_plain/cases/st1_5001_hz__st2_7001_hz__trial_1)
Waiting for OCEAN export lock (1140s waited, lock age 541s, owner_pid=17756, owner_case=/home/s5117909/Documents/thesis/thesis_codebase/database/20260603_194703_2syn_2tail_plain/cases/st1_5001_hz__st2_7001_hz__trial_1)
/home/s5117909/Documents/thesis/thesis_codebase/database/20260603_194703_2syn_2tail_plain/run_export_case.sh: line 106: 31878 Killed                  timeout --preserve-status --kill-after=30s "${timeout_seconds}s" "$cmd" -nograph -restore "$restore_arg" >> "$log_file" 2>&1
Retryable OCEAN export timeout/kill status=137.
Retryable OCEAN export failure; sleeping 40s before retry.
Waiting for OCEAN export lock (60s waited, lock age 98s, owner_pid=32420, owner_case=/home/s5117909/Documents/thesis/thesis_codebase/database/20260603_194703_2syn_2tail_plain/cases/st1_6001_hz__st2_2001_hz__trial_1)
Waiting for OCEAN export lock (120s waited, lock age 159s, owner_pid=32420, owner_case=/home/s5117909/Documents/thesis/thesis_codebase/database/20260603_194703_2syn_2tail_plain/cases/st1_6001_hz__st2_2001_hz__trial_1)
Waiting for OCEAN export lock (180s waited, lock age 219s, owner_pid=32420, owner_case=/home/s5117909/Documents/thesis/thesis_codebase/database/20260603_194703_2syn_2tail_plain/cases/st1_6001_hz__st2_2001_hz__trial_1)
Waiting for OCEAN export lock (240s waited, lock age 22s, owner_pid=22301, owner_case=/home/s5117909/Documents/thesis/thesis_codebase/database/20260603_194703_2syn_2tail_plain/cases/st1_7001_hz__st2_8001_hz__trial_1)
Waiting for OCEAN export lock (300s waited, lock age 83s, owner_pid=22301, owner_case=/home/s5117909/Documents/thesis/thesis_codebase/database/20260603_194703_2syn_2tail_plain/cases/st1_7001_hz__st2_8001_hz__trial_1)
Waiting for OCEAN export lock (360s waited, lock age 144s, owner_pid=22301, owner_case=/home/s5117909/Documents/thesis/thesis_codebase/database/20260603_194703_2syn_2tail_plain/cases/st1_7001_hz__st2_8001_hz__trial_1)
Waiting for OCEAN export lock (420s waited, lock age 205s, owner_pid=22301, owner_case=/home/s5117909/Documents/thesis/thesis_codebase/database/20260603_194703_2syn_2tail_plain/cases/st1_7001_hz__st2_8001_hz__trial_1)
Waiting for OCEAN export lock (480s waited, lock age 265s, owner_pid=22301, owner_case=/home/s5117909/Documents/thesis/thesis_codebase/database/20260603_194703_2syn_2tail_plain/cases/st1_7001_hz__st2_8001_hz__trial_1)
Waiting for OCEAN export lock (540s waited, lock age 326s, owner_pid=22301, owner_case=/home/s5117909/Documents/thesis/thesis_codebase/database/20260603_194703_2syn_2tail_plain/cases/st1_7001_hz__st2_8001_hz__trial_1)
Waiting for OCEAN export lock (600s waited, lock age 386s, owner_pid=22301, owner_case=/home/s5117909/Documents/thesis/thesis_codebase/database/20260603_194703_2syn_2tail_plain/cases/st1_7001_hz__st2_8001_hz__trial_1)
Waiting for OCEAN export lock (660s waited, lock age 447s, owner_pid=22301, owner_case=/home/s5117909/Documents/thesis/thesis_codebase/database/20260603_194703_2syn_2tail_plain/cases/st1_7001_hz__st2_8001_hz__trial_1)
Waiting for OCEAN export lock (720s waited, lock age 507s, owner_pid=22301, owner_case=/home/s5117909/Documents/thesis/thesis_codebase/database/20260603_194703_2syn_2tail_plain/cases/st1_7001_hz__st2_8001_hz__trial_1)
Waiting for OCEAN export lock (780s waited, lock age 568s, owner_pid=22301, owner_case=/home/s5117909/Documents/thesis/thesis_codebase/database/20260603_194703_2syn_2tail_plain/cases/st1_7001_hz__st2_8001_hz__trial_1)
Waiting for OCEAN export lock (840s waited, lock age 628s, owner_pid=22301, owner_case=/home/s5117909/Documents/thesis/thesis_codebase/database/20260603_194703_2syn_2tail_plain/cases/st1_7001_hz__st2_8001_hz__trial_1)
Waiting for OCEAN export lock (900s waited, lock age 58s, owner_pid=15502, owner_case=/home/s5117909/Documents/thesis/thesis_codebase/database/20260603_194703_2syn_2tail_plain/cases/st1_5001_hz__st2_8001_hz__trial_1)
Waiting for OCEAN export lock (960s waited, lock age 119s, owner_pid=15502, owner_case=/home/s5117909/Documents/thesis/thesis_codebase/database/20260603_194703_2syn_2tail_plain/cases/st1_5001_hz__st2_8001_hz__trial_1)
Waiting for OCEAN export lock (1020s waited, lock age 179s, owner_pid=15502, owner_case=/home/s5117909/Documents/thesis/thesis_codebase/database/20260603_194703_2syn_2tail_plain/cases/st1_5001_hz__st2_8001_hz__trial_1)
Waiting for OCEAN export lock (1080s waited, lock age 240s, owner_pid=15502, owner_case=/home/s5117909/Documents/thesis/thesis_codebase/database/20260603_194703_2syn_2tail_plain/cases/st1_5001_hz__st2_8001_hz__trial_1)
Waiting for OCEAN export lock (1140s waited, lock age 300s, owner_pid=15502, owner_case=/home/s5117909/Documents/thesis/thesis_codebase/database/20260603_194703_2syn_2tail_plain/cases/st1_5001_hz__st2_8001_hz__trial_1)
Waiting for OCEAN export lock (1200s waited, lock age 361s, owner_pid=15502, owner_case=/home/s5117909/Documents/thesis/thesis_codebase/database/20260603_194703_2syn_2tail_plain/cases/st1_5001_hz__st2_8001_hz__trial_1)
Waiting for OCEAN export lock (1260s waited, lock age 422s, owner_pid=15502, owner_case=/home/s5117909/Documents/thesis/thesis_codebase/database/20260603_194703_2syn_2tail_plain/cases/st1_5001_hz__st2_8001_hz__trial_1)
Waiting for OCEAN export lock (1320s waited, lock age 482s, owner_pid=15502, owner_case=/home/s5117909/Documents/thesis/thesis_codebase/database/20260603_194703_2syn_2tail_plain/cases/st1_5001_hz__st2_8001_hz__trial_1)
Waiting for OCEAN export lock (1380s waited, lock age 543s, owner_pid=15502, owner_case=/home/s5117909/Documents/thesis/thesis_codebase/database/20260603_194703_2syn_2tail_plain/cases/st1_5001_hz__st2_8001_hz__trial_1)
Waiting for OCEAN export lock (1440s waited, lock age 603s, owner_pid=15502, owner_case=/home/s5117909/Documents/thesis/thesis_codebase/database/20260603_194703_2syn_2tail_plain/cases/st1_5001_hz__st2_8001_hz__trial_1)
Waiting for OCEAN export lock (1500s waited, lock age 34s, owner_pid=22301, owner_case=/home/s5117909/Documents/thesis/thesis_codebase/database/20260603_194703_2syn_2tail_plain/cases/st1_7001_hz__st2_8001_hz__trial_1)
Waiting for OCEAN export lock (1560s waited, lock age 96s, owner_pid=22301, owner_case=/home/s5117909/Documents/thesis/thesis_codebase/database/20260603_194703_2syn_2tail_plain/cases/st1_7001_hz__st2_8001_hz__trial_1)
Waiting for OCEAN export lock (1620s waited, lock age 156s, owner_pid=22301, owner_case=/home/s5117909/Documents/thesis/thesis_codebase/database/20260603_194703_2syn_2tail_plain/cases/st1_7001_hz__st2_8001_hz__trial_1)
Waiting for OCEAN export lock (1680s waited, lock age 217s, owner_pid=22301, owner_case=/home/s5117909/Documents/thesis/thesis_codebase/database/20260603_194703_2syn_2tail_plain/cases/st1_7001_hz__st2_8001_hz__trial_1)
Waiting for OCEAN export lock (1740s waited, lock age 277s, owner_pid=22301, owner_case=/home/s5117909/Documents/thesis/thesis_codebase/database/20260603_194703_2syn_2tail_plain/cases/st1_7001_hz__st2_8001_hz__trial_1)
Waiting for OCEAN export lock (1800s waited, lock age 338s, owner_pid=22301, owner_case=/home/s5117909/Documents/thesis/thesis_codebase/database/20260603_194703_2syn_2tail_plain/cases/st1_7001_hz__st2_8001_hz__trial_1)
Waiting for OCEAN export lock (1860s waited, lock age 398s, owner_pid=22301, owner_case=/home/s5117909/Documents/thesis/thesis_codebase/database/20260603_194703_2syn_2tail_plain/cases/st1_7001_hz__st2_8001_hz__trial_1)
Waiting for OCEAN export lock (1920s waited, lock age 459s, owner_pid=22301, owner_case=/home/s5117909/Documents/thesis/thesis_codebase/database/20260603_194703_2syn_2tail_plain/cases/st1_7001_hz__st2_8001_hz__trial_1)
Waiting for OCEAN export lock (1980s waited, lock age 520s, owner_pid=22301, owner_case=/home/s5117909/Documents/thesis/thesis_codebase/database/20260603_194703_2syn_2tail_plain/cases/st1_7001_hz__st2_8001_hz__trial_1)
Waiting for OCEAN export lock (2040s waited, lock age 580s, owner_pid=22301, owner_case=/home/s5117909/Documents/thesis/thesis_codebase/database/20260603_194703_2syn_2tail_plain/cases/st1_7001_hz__st2_8001_hz__trial_1)
/home/s5117909/Documents/thesis/thesis_codebase/database/20260603_194703_2syn_2tail_plain/run_export_case.sh: line 106: 14972 Killed                  timeout --preserve-status --kill-after=30s "${timeout_seconds}s" "$cmd" -nograph -restore "$restore_arg" >> "$log_file" 2>&1
Retryable OCEAN export timeout/kill status=137.
Retryable OCEAN export failure; sleeping 60s before retry.
Waiting for OCEAN export lock (60s waited, lock age 118s, owner_pid=6391, owner_case=/home/s5117909/Documents/thesis/thesis_codebase/database/20260603_194703_2syn_2tail_plain/cases/st1_6001_hz__st2_3001_hz__trial_1)
Waiting for OCEAN export lock (120s waited, lock age 179s, owner_pid=6391, owner_case=/home/s5117909/Documents/thesis/thesis_codebase/database/20260603_194703_2syn_2tail_plain/cases/st1_6001_hz__st2_3001_hz__trial_1)
Waiting for OCEAN export lock (180s waited, lock age 239s, owner_pid=6391, owner_case=/home/s5117909/Documents/thesis/thesis_codebase/database/20260603_194703_2syn_2tail_plain/cases/st1_6001_hz__st2_3001_hz__trial_1)
Waiting for OCEAN export lock (240s waited, lock age 300s, owner_pid=6391, owner_case=/home/s5117909/Documents/thesis/thesis_codebase/database/20260603_194703_2syn_2tail_plain/cases/st1_6001_hz__st2_3001_hz__trial_1)
/home/s5117909/Documents/thesis/thesis_codebase/database/20260603_194703_2syn_2tail_plain/run_export_case.sh: line 106: 21701 Killed                  timeout --preserve-status --kill-after=30s "${timeout_seconds}s" "$cmd" -nograph -restore "$restore_arg" >> "$log_file" 2>&1
Retryable OCEAN export timeout/kill status=137.
FAILED case_id=62 run_name=st1_6001_hz__st2_8001_hz__trial_1 export_or_output_failed
RUN case_id=66 run_name=st1_7001_hz__st2_3001_hz__trial_1
Waiting for OCEAN export lock (60s waited, lock age 75s, owner_pid=22847, owner_case=/home/s5117909/Documents/thesis/thesis_codebase/database/20260603_194703_2syn_2tail_plain/cases/st1_6001_hz__st2_7001_hz__trial_1)
Waiting for OCEAN export lock (120s waited, lock age 135s, owner_pid=22847, owner_case=/home/s5117909/Documents/thesis/thesis_codebase/database/20260603_194703_2syn_2tail_plain/cases/st1_6001_hz__st2_7001_hz__trial_1)
Waiting for OCEAN export lock (180s waited, lock age 196s, owner_pid=22847, owner_case=/home/s5117909/Documents/thesis/thesis_codebase/database/20260603_194703_2syn_2tail_plain/cases/st1_6001_hz__st2_7001_hz__trial_1)
Waiting for OCEAN export lock (240s waited, lock age 256s, owner_pid=22847, owner_case=/home/s5117909/Documents/thesis/thesis_codebase/database/20260603_194703_2syn_2tail_plain/cases/st1_6001_hz__st2_7001_hz__trial_1)
Waiting for OCEAN export lock (300s waited, lock age 318s, owner_pid=22847, owner_case=/home/s5117909/Documents/thesis/thesis_codebase/database/20260603_194703_2syn_2tail_plain/cases/st1_6001_hz__st2_7001_hz__trial_1)
Waiting for OCEAN export lock (360s waited, lock age 378s, owner_pid=22847, owner_case=/home/s5117909/Documents/thesis/thesis_codebase/database/20260603_194703_2syn_2tail_plain/cases/st1_6001_hz__st2_7001_hz__trial_1)
Waiting for OCEAN export lock (420s waited, lock age 439s, owner_pid=22847, owner_case=/home/s5117909/Documents/thesis/thesis_codebase/database/20260603_194703_2syn_2tail_plain/cases/st1_6001_hz__st2_7001_hz__trial_1)
Waiting for OCEAN export lock (480s waited, lock age 499s, owner_pid=22847, owner_case=/home/s5117909/Documents/thesis/thesis_codebase/database/20260603_194703_2syn_2tail_plain/cases/st1_6001_hz__st2_7001_hz__trial_1)
Waiting for OCEAN export lock (540s waited, lock age 560s, owner_pid=22847, owner_case=/home/s5117909/Documents/thesis/thesis_codebase/database/20260603_194703_2syn_2tail_plain/cases/st1_6001_hz__st2_7001_hz__trial_1)
Waiting for OCEAN export lock (600s waited, lock age 621s, owner_pid=22847, owner_case=/home/s5117909/Documents/thesis/thesis_codebase/database/20260603_194703_2syn_2tail_plain/cases/st1_6001_hz__st2_7001_hz__trial_1)
Waiting for OCEAN export lock (660s waited, lock age 50s, owner_pid=17304, owner_case=/home/s5117909/Documents/thesis/thesis_codebase/database/20260603_194703_2syn_2tail_plain/cases/st1_8001_hz__st2_3001_hz__trial_1)
Waiting for OCEAN export lock (720s waited, lock age 111s, owner_pid=17304, owner_case=/home/s5117909/Documents/thesis/thesis_codebase/database/20260603_194703_2syn_2tail_plain/cases/st1_8001_hz__st2_3001_hz__trial_1)
Waiting for OCEAN export lock (780s waited, lock age 171s, owner_pid=17304, owner_case=/home/s5117909/Documents/thesis/thesis_codebase/database/20260603_194703_2syn_2tail_plain/cases/st1_8001_hz__st2_3001_hz__trial_1)
Waiting for OCEAN export lock (840s waited, lock age 232s, owner_pid=17304, owner_case=/home/s5117909/Documents/thesis/thesis_codebase/database/20260603_194703_2syn_2tail_plain/cases/st1_8001_hz__st2_3001_hz__trial_1)
Waiting for OCEAN export lock (900s waited, lock age 293s, owner_pid=17304, owner_case=/home/s5117909/Documents/thesis/thesis_codebase/database/20260603_194703_2syn_2tail_plain/cases/st1_8001_hz__st2_3001_hz__trial_1)
Waiting for OCEAN export lock (960s waited, lock age 353s, owner_pid=17304, owner_case=/home/s5117909/Documents/thesis/thesis_codebase/database/20260603_194703_2syn_2tail_plain/cases/st1_8001_hz__st2_3001_hz__trial_1)
Waiting for OCEAN export lock (1020s waited, lock age 414s, owner_pid=17304, owner_case=/home/s5117909/Documents/thesis/thesis_codebase/database/20260603_194703_2syn_2tail_plain/cases/st1_8001_hz__st2_3001_hz__trial_1)
Waiting for OCEAN export lock (1080s waited, lock age 474s, owner_pid=17304, owner_case=/home/s5117909/Documents/thesis/thesis_codebase/database/20260603_194703_2syn_2tail_plain/cases/st1_8001_hz__st2_3001_hz__trial_1)
DONE case_id=66 run_name=st1_7001_hz__st2_3001_hz__trial_1 output_signals=/home/s5117909/Documents/thesis/thesis_codebase/database/20260603_194703_2syn_2tail_plain/cases/st1_7001_hz__st2_3001_hz__trial_1/output_signals.txt
RUN case_id=70 run_name=st1_7001_hz__st2_7001_hz__trial_1
Waiting for OCEAN export lock (60s waited, lock age 69s, owner_pid=25362, owner_case=/home/s5117909/Documents/thesis/thesis_codebase/database/20260603_194703_2syn_2tail_plain/cases/st1_6001_hz__st2_6001_hz__trial_1)
Waiting for OCEAN export lock (120s waited, lock age 129s, owner_pid=25362, owner_case=/home/s5117909/Documents/thesis/thesis_codebase/database/20260603_194703_2syn_2tail_plain/cases/st1_6001_hz__st2_6001_hz__trial_1)
Waiting for OCEAN export lock (180s waited, lock age 190s, owner_pid=25362, owner_case=/home/s5117909/Documents/thesis/thesis_codebase/database/20260603_194703_2syn_2tail_plain/cases/st1_6001_hz__st2_6001_hz__trial_1)
Waiting for OCEAN export lock (240s waited, lock age 250s, owner_pid=25362, owner_case=/home/s5117909/Documents/thesis/thesis_codebase/database/20260603_194703_2syn_2tail_plain/cases/st1_6001_hz__st2_6001_hz__trial_1)
Waiting for OCEAN export lock (300s waited, lock age 311s, owner_pid=25362, owner_case=/home/s5117909/Documents/thesis/thesis_codebase/database/20260603_194703_2syn_2tail_plain/cases/st1_6001_hz__st2_6001_hz__trial_1)
Waiting for OCEAN export lock (360s waited, lock age 371s, owner_pid=25362, owner_case=/home/s5117909/Documents/thesis/thesis_codebase/database/20260603_194703_2syn_2tail_plain/cases/st1_6001_hz__st2_6001_hz__trial_1)
Waiting for OCEAN export lock (420s waited, lock age 432s, owner_pid=25362, owner_case=/home/s5117909/Documents/thesis/thesis_codebase/database/20260603_194703_2syn_2tail_plain/cases/st1_6001_hz__st2_6001_hz__trial_1)
Waiting for OCEAN export lock (480s waited, lock age 492s, owner_pid=25362, owner_case=/home/s5117909/Documents/thesis/thesis_codebase/database/20260603_194703_2syn_2tail_plain/cases/st1_6001_hz__st2_6001_hz__trial_1)
Waiting for OCEAN export lock (540s waited, lock age 553s, owner_pid=25362, owner_case=/home/s5117909/Documents/thesis/thesis_codebase/database/20260603_194703_2syn_2tail_plain/cases/st1_6001_hz__st2_6001_hz__trial_1)
/home/s5117909/Documents/thesis/thesis_codebase/database/20260603_194703_2syn_2tail_plain/run_export_case.sh: line 106: 31665 Killed                  timeout --preserve-status --kill-after=30s "${timeout_seconds}s" "$cmd" -nograph -restore "$restore_arg" >> "$log_file" 2>&1
Retryable OCEAN export timeout/kill status=137.
Retryable OCEAN export failure; sleeping 20s before retry.
Waiting for OCEAN export lock (60s waited, lock age 80s, owner_pid=22847, owner_case=/home/s5117909/Documents/thesis/thesis_codebase/database/20260603_194703_2syn_2tail_plain/cases/st1_6001_hz__st2_7001_hz__trial_1)
Waiting for OCEAN export lock (120s waited, lock age 141s, owner_pid=22847, owner_case=/home/s5117909/Documents/thesis/thesis_codebase/database/20260603_194703_2syn_2tail_plain/cases/st1_6001_hz__st2_7001_hz__trial_1)
Waiting for OCEAN export lock (180s waited, lock age 201s, owner_pid=22847, owner_case=/home/s5117909/Documents/thesis/thesis_codebase/database/20260603_194703_2syn_2tail_plain/cases/st1_6001_hz__st2_7001_hz__trial_1)
Waiting for OCEAN export lock (240s waited, lock age 262s, owner_pid=22847, owner_case=/home/s5117909/Documents/thesis/thesis_codebase/database/20260603_194703_2syn_2tail_plain/cases/st1_6001_hz__st2_7001_hz__trial_1)
Waiting for OCEAN export lock (300s waited, lock age 323s, owner_pid=22847, owner_case=/home/s5117909/Documents/thesis/thesis_codebase/database/20260603_194703_2syn_2tail_plain/cases/st1_6001_hz__st2_7001_hz__trial_1)
Waiting for OCEAN export lock (360s waited, lock age 383s, owner_pid=22847, owner_case=/home/s5117909/Documents/thesis/thesis_codebase/database/20260603_194703_2syn_2tail_plain/cases/st1_6001_hz__st2_7001_hz__trial_1)
Waiting for OCEAN export lock (420s waited, lock age 444s, owner_pid=22847, owner_case=/home/s5117909/Documents/thesis/thesis_codebase/database/20260603_194703_2syn_2tail_plain/cases/st1_6001_hz__st2_7001_hz__trial_1)
Waiting for OCEAN export lock (480s waited, lock age 504s, owner_pid=22847, owner_case=/home/s5117909/Documents/thesis/thesis_codebase/database/20260603_194703_2syn_2tail_plain/cases/st1_6001_hz__st2_7001_hz__trial_1)
Waiting for OCEAN export lock (540s waited, lock age 565s, owner_pid=22847, owner_case=/home/s5117909/Documents/thesis/thesis_codebase/database/20260603_194703_2syn_2tail_plain/cases/st1_6001_hz__st2_7001_hz__trial_1)
Waiting for OCEAN export lock (600s waited, lock age 626s, owner_pid=22847, owner_case=/home/s5117909/Documents/thesis/thesis_codebase/database/20260603_194703_2syn_2tail_plain/cases/st1_6001_hz__st2_7001_hz__trial_1)
/home/s5117909/Documents/thesis/thesis_codebase/database/20260603_194703_2syn_2tail_plain/run_export_case.sh: line 106: 13107 Killed                  timeout --preserve-status --kill-after=30s "${timeout_seconds}s" "$cmd" -nograph -restore "$restore_arg" >> "$log_file" 2>&1
Retryable OCEAN export timeout/kill status=137.
Retryable OCEAN export failure; sleeping 40s before retry.
Waiting for OCEAN export lock (60s waited, lock age 100s, owner_pid=22847, owner_case=/home/s5117909/Documents/thesis/thesis_codebase/database/20260603_194703_2syn_2tail_plain/cases/st1_6001_hz__st2_7001_hz__trial_1)
Waiting for OCEAN export lock (120s waited, lock age 161s, owner_pid=22847, owner_case=/home/s5117909/Documents/thesis/thesis_codebase/database/20260603_194703_2syn_2tail_plain/cases/st1_6001_hz__st2_7001_hz__trial_1)
Waiting for OCEAN export lock (180s waited, lock age 221s, owner_pid=22847, owner_case=/home/s5117909/Documents/thesis/thesis_codebase/database/20260603_194703_2syn_2tail_plain/cases/st1_6001_hz__st2_7001_hz__trial_1)
Waiting for OCEAN export lock (240s waited, lock age 282s, owner_pid=22847, owner_case=/home/s5117909/Documents/thesis/thesis_codebase/database/20260603_194703_2syn_2tail_plain/cases/st1_6001_hz__st2_7001_hz__trial_1)
Waiting for OCEAN export lock (300s waited, lock age 342s, owner_pid=22847, owner_case=/home/s5117909/Documents/thesis/thesis_codebase/database/20260603_194703_2syn_2tail_plain/cases/st1_6001_hz__st2_7001_hz__trial_1)
Waiting for OCEAN export lock (360s waited, lock age 403s, owner_pid=22847, owner_case=/home/s5117909/Documents/thesis/thesis_codebase/database/20260603_194703_2syn_2tail_plain/cases/st1_6001_hz__st2_7001_hz__trial_1)
Waiting for OCEAN export lock (420s waited, lock age 464s, owner_pid=22847, owner_case=/home/s5117909/Documents/thesis/thesis_codebase/database/20260603_194703_2syn_2tail_plain/cases/st1_6001_hz__st2_7001_hz__trial_1)
Waiting for OCEAN export lock (480s waited, lock age 524s, owner_pid=22847, owner_case=/home/s5117909/Documents/thesis/thesis_codebase/database/20260603_194703_2syn_2tail_plain/cases/st1_6001_hz__st2_7001_hz__trial_1)
Waiting for OCEAN export lock (540s waited, lock age 585s, owner_pid=22847, owner_case=/home/s5117909/Documents/thesis/thesis_codebase/database/20260603_194703_2syn_2tail_plain/cases/st1_6001_hz__st2_7001_hz__trial_1)
Waiting for OCEAN export lock (600s waited, lock age 14s, owner_pid=32074, owner_case=/home/s5117909/Documents/thesis/thesis_codebase/database/20260603_194703_2syn_2tail_plain/cases/st1_7001_hz__st2_1_hz__trial_1)
Waiting for OCEAN export lock (660s waited, lock age 75s, owner_pid=32074, owner_case=/home/s5117909/Documents/thesis/thesis_codebase/database/20260603_194703_2syn_2tail_plain/cases/st1_7001_hz__st2_1_hz__trial_1)
Waiting for OCEAN export lock (720s waited, lock age 135s, owner_pid=32074, owner_case=/home/s5117909/Documents/thesis/thesis_codebase/database/20260603_194703_2syn_2tail_plain/cases/st1_7001_hz__st2_1_hz__trial_1)
Waiting for OCEAN export lock (780s waited, lock age 0s, owner_pid=22847, owner_case=unknown)
Waiting for OCEAN export lock (840s waited, lock age 61s, owner_pid=22847, owner_case=/home/s5117909/Documents/thesis/thesis_codebase/database/20260603_194703_2syn_2tail_plain/cases/st1_6001_hz__st2_7001_hz__trial_1)
Waiting for OCEAN export lock (900s waited, lock age 121s, owner_pid=22847, owner_case=/home/s5117909/Documents/thesis/thesis_codebase/database/20260603_194703_2syn_2tail_plain/cases/st1_6001_hz__st2_7001_hz__trial_1)
Waiting for OCEAN export lock (960s waited, lock age 182s, owner_pid=22847, owner_case=/home/s5117909/Documents/thesis/thesis_codebase/database/20260603_194703_2syn_2tail_plain/cases/st1_6001_hz__st2_7001_hz__trial_1)
Waiting for OCEAN export lock (1020s waited, lock age 243s, owner_pid=22847, owner_case=/home/s5117909/Documents/thesis/thesis_codebase/database/20260603_194703_2syn_2tail_plain/cases/st1_6001_hz__st2_7001_hz__trial_1)
Waiting for OCEAN export lock (1080s waited, lock age 303s, owner_pid=22847, owner_case=/home/s5117909/Documents/thesis/thesis_codebase/database/20260603_194703_2syn_2tail_plain/cases/st1_6001_hz__st2_7001_hz__trial_1)
Waiting for OCEAN export lock (1140s waited, lock age 364s, owner_pid=22847, owner_case=/home/s5117909/Documents/thesis/thesis_codebase/database/20260603_194703_2syn_2tail_plain/cases/st1_6001_hz__st2_7001_hz__trial_1)
Waiting for OCEAN export lock (1200s waited, lock age 424s, owner_pid=22847, owner_case=/home/s5117909/Documents/thesis/thesis_codebase/database/20260603_194703_2syn_2tail_plain/cases/st1_6001_hz__st2_7001_hz__trial_1)
Waiting for OCEAN export lock (1260s waited, lock age 485s, owner_pid=22847, owner_case=/home/s5117909/Documents/thesis/thesis_codebase/database/20260603_194703_2syn_2tail_plain/cases/st1_6001_hz__st2_7001_hz__trial_1)
Waiting for OCEAN export lock (1320s waited, lock age 546s, owner_pid=22847, owner_case=/home/s5117909/Documents/thesis/thesis_codebase/database/20260603_194703_2syn_2tail_plain/cases/st1_6001_hz__st2_7001_hz__trial_1)
Waiting for OCEAN export lock (1380s waited, lock age 606s, owner_pid=22847, owner_case=/home/s5117909/Documents/thesis/thesis_codebase/database/20260603_194703_2syn_2tail_plain/cases/st1_6001_hz__st2_7001_hz__trial_1)
/home/s5117909/Documents/thesis/thesis_codebase/database/20260603_194703_2syn_2tail_plain/run_export_case.sh: line 106: 29418 Killed                  timeout --preserve-status --kill-after=30s "${timeout_seconds}s" "$cmd" -nograph -restore "$restore_arg" >> "$log_file" 2>&1
Retryable OCEAN export timeout/kill status=137.
Retryable OCEAN export failure; sleeping 60s before retry.
Waiting for OCEAN export lock (60s waited, lock age 120s, owner_pid=3685, owner_case=/home/s5117909/Documents/thesis/thesis_codebase/database/20260603_194703_2syn_2tail_plain/cases/st1_8001_hz__st2_7001_hz__trial_1)
Waiting for OCEAN export lock (120s waited, lock age 181s, owner_pid=3685, owner_case=/home/s5117909/Documents/thesis/thesis_codebase/database/20260603_194703_2syn_2tail_plain/cases/st1_8001_hz__st2_7001_hz__trial_1)
Waiting for OCEAN export lock (180s waited, lock age 244s, owner_pid=3685, owner_case=/home/s5117909/Documents/thesis/thesis_codebase/database/20260603_194703_2syn_2tail_plain/cases/st1_8001_hz__st2_7001_hz__trial_1)
Waiting for OCEAN export lock (240s waited, lock age 305s, owner_pid=3685, owner_case=/home/s5117909/Documents/thesis/thesis_codebase/database/20260603_194703_2syn_2tail_plain/cases/st1_8001_hz__st2_7001_hz__trial_1)
Waiting for OCEAN export lock (300s waited, lock age 368s, owner_pid=3685, owner_case=/home/s5117909/Documents/thesis/thesis_codebase/database/20260603_194703_2syn_2tail_plain/cases/st1_8001_hz__st2_7001_hz__trial_1)
Waiting for OCEAN export lock (360s waited, lock age 428s, owner_pid=3685, owner_case=/home/s5117909/Documents/thesis/thesis_codebase/database/20260603_194703_2syn_2tail_plain/cases/st1_8001_hz__st2_7001_hz__trial_1)
Waiting for OCEAN export lock (420s waited, lock age 489s, owner_pid=3685, owner_case=/home/s5117909/Documents/thesis/thesis_codebase/database/20260603_194703_2syn_2tail_plain/cases/st1_8001_hz__st2_7001_hz__trial_1)
Waiting for OCEAN export lock (480s waited, lock age 550s, owner_pid=3685, owner_case=/home/s5117909/Documents/thesis/thesis_codebase/database/20260603_194703_2syn_2tail_plain/cases/st1_8001_hz__st2_7001_hz__trial_1)
Waiting for OCEAN export lock (540s waited, lock age 610s, owner_pid=3685, owner_case=/home/s5117909/Documents/thesis/thesis_codebase/database/20260603_194703_2syn_2tail_plain/cases/st1_8001_hz__st2_7001_hz__trial_1)
Waiting for OCEAN export lock (600s waited, lock age 41s, owner_pid=24605, owner_case=/home/s5117909/Documents/thesis/thesis_codebase/database/20260603_194703_2syn_2tail_plain/cases/st1_7001_hz__st2_5001_hz__trial_1)
Waiting for OCEAN export lock (660s waited, lock age 101s, owner_pid=24605, owner_case=/home/s5117909/Documents/thesis/thesis_codebase/database/20260603_194703_2syn_2tail_plain/cases/st1_7001_hz__st2_5001_hz__trial_1)
Waiting for OCEAN export lock (720s waited, lock age 162s, owner_pid=24605, owner_case=/home/s5117909/Documents/thesis/thesis_codebase/database/20260603_194703_2syn_2tail_plain/cases/st1_7001_hz__st2_5001_hz__trial_1)
Waiting for OCEAN export lock (780s waited, lock age 222s, owner_pid=24605, owner_case=/home/s5117909/Documents/thesis/thesis_codebase/database/20260603_194703_2syn_2tail_plain/cases/st1_7001_hz__st2_5001_hz__trial_1)
Waiting for OCEAN export lock (840s waited, lock age 283s, owner_pid=24605, owner_case=/home/s5117909/Documents/thesis/thesis_codebase/database/20260603_194703_2syn_2tail_plain/cases/st1_7001_hz__st2_5001_hz__trial_1)
Waiting for OCEAN export lock (900s waited, lock age 344s, owner_pid=24605, owner_case=/home/s5117909/Documents/thesis/thesis_codebase/database/20260603_194703_2syn_2tail_plain/cases/st1_7001_hz__st2_5001_hz__trial_1)
Waiting for OCEAN export lock (960s waited, lock age 408s, owner_pid=24605, owner_case=/home/s5117909/Documents/thesis/thesis_codebase/database/20260603_194703_2syn_2tail_plain/cases/st1_7001_hz__st2_5001_hz__trial_1)
Waiting for OCEAN export lock (1020s waited, lock age 468s, owner_pid=24605, owner_case=/home/s5117909/Documents/thesis/thesis_codebase/database/20260603_194703_2syn_2tail_plain/cases/st1_7001_hz__st2_5001_hz__trial_1)
Waiting for OCEAN export lock (1080s waited, lock age 529s, owner_pid=24605, owner_case=/home/s5117909/Documents/thesis/thesis_codebase/database/20260603_194703_2syn_2tail_plain/cases/st1_7001_hz__st2_5001_hz__trial_1)
Waiting for OCEAN export lock (1140s waited, lock age 590s, owner_pid=24605, owner_case=/home/s5117909/Documents/thesis/thesis_codebase/database/20260603_194703_2syn_2tail_plain/cases/st1_7001_hz__st2_5001_hz__trial_1)
Waiting for OCEAN export lock (1200s waited, lock age 53s, owner_pid=3685, owner_case=/home/s5117909/Documents/thesis/thesis_codebase/database/20260603_194703_2syn_2tail_plain/cases/st1_8001_hz__st2_7001_hz__trial_1)
Waiting for OCEAN export lock (1260s waited, lock age 113s, owner_pid=3685, owner_case=/home/s5117909/Documents/thesis/thesis_codebase/database/20260603_194703_2syn_2tail_plain/cases/st1_8001_hz__st2_7001_hz__trial_1)
Waiting for OCEAN export lock (1320s waited, lock age 174s, owner_pid=3685, owner_case=/home/s5117909/Documents/thesis/thesis_codebase/database/20260603_194703_2syn_2tail_plain/cases/st1_8001_hz__st2_7001_hz__trial_1)
Waiting for OCEAN export lock (1380s waited, lock age 234s, owner_pid=3685, owner_case=/home/s5117909/Documents/thesis/thesis_codebase/database/20260603_194703_2syn_2tail_plain/cases/st1_8001_hz__st2_7001_hz__trial_1)
Waiting for OCEAN export lock (1440s waited, lock age 295s, owner_pid=3685, owner_case=/home/s5117909/Documents/thesis/thesis_codebase/database/20260603_194703_2syn_2tail_plain/cases/st1_8001_hz__st2_7001_hz__trial_1)
Waiting for OCEAN export lock (1500s waited, lock age 358s, owner_pid=3685, owner_case=/home/s5117909/Documents/thesis/thesis_codebase/database/20260603_194703_2syn_2tail_plain/cases/st1_8001_hz__st2_7001_hz__trial_1)
Waiting for OCEAN export lock (1560s waited, lock age 418s, owner_pid=3685, owner_case=/home/s5117909/Documents/thesis/thesis_codebase/database/20260603_194703_2syn_2tail_plain/cases/st1_8001_hz__st2_7001_hz__trial_1)
Waiting for OCEAN export lock (1620s waited, lock age 479s, owner_pid=3685, owner_case=/home/s5117909/Documents/thesis/thesis_codebase/database/20260603_194703_2syn_2tail_plain/cases/st1_8001_hz__st2_7001_hz__trial_1)
Waiting for OCEAN export lock (1680s waited, lock age 539s, owner_pid=3685, owner_case=/home/s5117909/Documents/thesis/thesis_codebase/database/20260603_194703_2syn_2tail_plain/cases/st1_8001_hz__st2_7001_hz__trial_1)
Waiting for OCEAN export lock (1740s waited, lock age 600s, owner_pid=3685, owner_case=/home/s5117909/Documents/thesis/thesis_codebase/database/20260603_194703_2syn_2tail_plain/cases/st1_8001_hz__st2_7001_hz__trial_1)
Waiting for OCEAN export lock (1800s waited, lock age 28s, owner_pid=31111, owner_case=/home/s5117909/Documents/thesis/thesis_codebase/database/20260603_194703_2syn_2tail_plain/cases/st1_7001_hz__st2_2001_hz__trial_1)
Waiting for OCEAN export lock (1860s waited, lock age 90s, owner_pid=31111, owner_case=/home/s5117909/Documents/thesis/thesis_codebase/database/20260603_194703_2syn_2tail_plain/cases/st1_7001_hz__st2_2001_hz__trial_1)
Waiting for OCEAN export lock (1920s waited, lock age 150s, owner_pid=31111, owner_case=/home/s5117909/Documents/thesis/thesis_codebase/database/20260603_194703_2syn_2tail_plain/cases/st1_7001_hz__st2_2001_hz__trial_1)
Waiting for OCEAN export lock (1980s waited, lock age 211s, owner_pid=31111, owner_case=/home/s5117909/Documents/thesis/thesis_codebase/database/20260603_194703_2syn_2tail_plain/cases/st1_7001_hz__st2_2001_hz__trial_1)
Waiting for OCEAN export lock (2040s waited, lock age 271s, owner_pid=31111, owner_case=/home/s5117909/Documents/thesis/thesis_codebase/database/20260603_194703_2syn_2tail_plain/cases/st1_7001_hz__st2_2001_hz__trial_1)
Waiting for OCEAN export lock (2100s waited, lock age 333s, owner_pid=31111, owner_case=/home/s5117909/Documents/thesis/thesis_codebase/database/20260603_194703_2syn_2tail_plain/cases/st1_7001_hz__st2_2001_hz__trial_1)
Waiting for OCEAN export lock (2160s waited, lock age 46s, owner_pid=24442, owner_case=/home/s5117909/Documents/thesis/thesis_codebase/database/20260603_194703_2syn_2tail_plain/cases/st1_8001_hz__st2_1001_hz__trial_1)
Waiting for OCEAN export lock (2220s waited, lock age 107s, owner_pid=24442, owner_case=/home/s5117909/Documents/thesis/thesis_codebase/database/20260603_194703_2syn_2tail_plain/cases/st1_8001_hz__st2_1001_hz__trial_1)
Waiting for OCEAN export lock (2280s waited, lock age 167s, owner_pid=24442, owner_case=/home/s5117909/Documents/thesis/thesis_codebase/database/20260603_194703_2syn_2tail_plain/cases/st1_8001_hz__st2_1001_hz__trial_1)
Waiting for OCEAN export lock (2340s waited, lock age 228s, owner_pid=24442, owner_case=/home/s5117909/Documents/thesis/thesis_codebase/database/20260603_194703_2syn_2tail_plain/cases/st1_8001_hz__st2_1001_hz__trial_1)
Waiting for OCEAN export lock (2400s waited, lock age 289s, owner_pid=24442, owner_case=/home/s5117909/Documents/thesis/thesis_codebase/database/20260603_194703_2syn_2tail_plain/cases/st1_8001_hz__st2_1001_hz__trial_1)
/home/s5117909/Documents/thesis/thesis_codebase/database/20260603_194703_2syn_2tail_plain/run_export_case.sh: line 106: 22301 Killed                  timeout --preserve-status --kill-after=30s "${timeout_seconds}s" "$cmd" -nograph -restore "$restore_arg" >> "$log_file" 2>&1
Retryable OCEAN export timeout/kill status=137.
FAILED case_id=70 run_name=st1_7001_hz__st2_7001_hz__trial_1 export_or_output_failed
RUN case_id=74 run_name=st1_8001_hz__st2_2001_hz__trial_1
Waiting for OCEAN export lock (60s waited, lock age 69s, owner_pid=30684, owner_case=/home/s5117909/Documents/thesis/thesis_codebase/database/20260603_194703_2syn_2tail_plain/cases/st1_7001_hz__st2_6001_hz__trial_1)
Waiting for OCEAN export lock (120s waited, lock age 129s, owner_pid=30684, owner_case=/home/s5117909/Documents/thesis/thesis_codebase/database/20260603_194703_2syn_2tail_plain/cases/st1_7001_hz__st2_6001_hz__trial_1)
Waiting for OCEAN export lock (180s waited, lock age 190s, owner_pid=30684, owner_case=/home/s5117909/Documents/thesis/thesis_codebase/database/20260603_194703_2syn_2tail_plain/cases/st1_7001_hz__st2_6001_hz__trial_1)
Waiting for OCEAN export lock (240s waited, lock age 251s, owner_pid=30684, owner_case=/home/s5117909/Documents/thesis/thesis_codebase/database/20260603_194703_2syn_2tail_plain/cases/st1_7001_hz__st2_6001_hz__trial_1)
Waiting for OCEAN export lock (300s waited, lock age 311s, owner_pid=30684, owner_case=/home/s5117909/Documents/thesis/thesis_codebase/database/20260603_194703_2syn_2tail_plain/cases/st1_7001_hz__st2_6001_hz__trial_1)
Waiting for OCEAN export lock (360s waited, lock age 372s, owner_pid=30684, owner_case=/home/s5117909/Documents/thesis/thesis_codebase/database/20260603_194703_2syn_2tail_plain/cases/st1_7001_hz__st2_6001_hz__trial_1)
Waiting for OCEAN export lock (420s waited, lock age 432s, owner_pid=30684, owner_case=/home/s5117909/Documents/thesis/thesis_codebase/database/20260603_194703_2syn_2tail_plain/cases/st1_7001_hz__st2_6001_hz__trial_1)
Waiting for OCEAN export lock (480s waited, lock age 493s, owner_pid=30684, owner_case=/home/s5117909/Documents/thesis/thesis_codebase/database/20260603_194703_2syn_2tail_plain/cases/st1_7001_hz__st2_6001_hz__trial_1)
Waiting for OCEAN export lock (540s waited, lock age 553s, owner_pid=30684, owner_case=/home/s5117909/Documents/thesis/thesis_codebase/database/20260603_194703_2syn_2tail_plain/cases/st1_7001_hz__st2_6001_hz__trial_1)
Waiting for OCEAN export lock (600s waited, lock age 614s, owner_pid=30684, owner_case=/home/s5117909/Documents/thesis/thesis_codebase/database/20260603_194703_2syn_2tail_plain/cases/st1_7001_hz__st2_6001_hz__trial_1)
Waiting for OCEAN export lock (660s waited, lock age 42s, owner_pid=3685, owner_case=/home/s5117909/Documents/thesis/thesis_codebase/database/20260603_194703_2syn_2tail_plain/cases/st1_8001_hz__st2_7001_hz__trial_1)
Waiting for OCEAN export lock (720s waited, lock age 103s, owner_pid=3685, owner_case=/home/s5117909/Documents/thesis/thesis_codebase/database/20260603_194703_2syn_2tail_plain/cases/st1_8001_hz__st2_7001_hz__trial_1)
Waiting for OCEAN export lock (780s waited, lock age 164s, owner_pid=3685, owner_case=/home/s5117909/Documents/thesis/thesis_codebase/database/20260603_194703_2syn_2tail_plain/cases/st1_8001_hz__st2_7001_hz__trial_1)
Waiting for OCEAN export lock (840s waited, lock age 226s, owner_pid=3685, owner_case=/home/s5117909/Documents/thesis/thesis_codebase/database/20260603_194703_2syn_2tail_plain/cases/st1_8001_hz__st2_7001_hz__trial_1)
Waiting for OCEAN export lock (900s waited, lock age 286s, owner_pid=3685, owner_case=/home/s5117909/Documents/thesis/thesis_codebase/database/20260603_194703_2syn_2tail_plain/cases/st1_8001_hz__st2_7001_hz__trial_1)
Waiting for OCEAN export lock (960s waited, lock age 347s, owner_pid=3685, owner_case=/home/s5117909/Documents/thesis/thesis_codebase/database/20260603_194703_2syn_2tail_plain/cases/st1_8001_hz__st2_7001_hz__trial_1)
Waiting for OCEAN export lock (1020s waited, lock age 408s, owner_pid=3685, owner_case=/home/s5117909/Documents/thesis/thesis_codebase/database/20260603_194703_2syn_2tail_plain/cases/st1_8001_hz__st2_7001_hz__trial_1)
Waiting for OCEAN export lock (1080s waited, lock age 468s, owner_pid=3685, owner_case=/home/s5117909/Documents/thesis/thesis_codebase/database/20260603_194703_2syn_2tail_plain/cases/st1_8001_hz__st2_7001_hz__trial_1)
Waiting for OCEAN export lock (1140s waited, lock age 529s, owner_pid=3685, owner_case=/home/s5117909/Documents/thesis/thesis_codebase/database/20260603_194703_2syn_2tail_plain/cases/st1_8001_hz__st2_7001_hz__trial_1)
Waiting for OCEAN export lock (1200s waited, lock age 589s, owner_pid=3685, owner_case=/home/s5117909/Documents/thesis/thesis_codebase/database/20260603_194703_2syn_2tail_plain/cases/st1_8001_hz__st2_7001_hz__trial_1)
DONE case_id=74 run_name=st1_8001_hz__st2_2001_hz__trial_1 output_signals=/home/s5117909/Documents/thesis/thesis_codebase/database/20260603_194703_2syn_2tail_plain/cases/st1_8001_hz__st2_2001_hz__trial_1/output_signals.txt
RUN case_id=78 run_name=st1_8001_hz__st2_6001_hz__trial_1
Waiting for OCEAN export lock (60s waited, lock age 81s, owner_pid=23399, owner_case=/home/s5117909/Documents/thesis/thesis_codebase/database/20260603_194703_2syn_2tail_plain/cases/st1_8001_hz__st2_4001_hz__trial_1)
Waiting for OCEAN export lock (120s waited, lock age 142s, owner_pid=23399, owner_case=/home/s5117909/Documents/thesis/thesis_codebase/database/20260603_194703_2syn_2tail_plain/cases/st1_8001_hz__st2_4001_hz__trial_1)
