Worker 3 started at Wed Jun  3 19:48:16 CEST 2026
RUN case_id=3 run_name=st1_1001_hz__st2_3001_hz__trial_1
Waiting for OCEAN export lock (60s waited, lock age 5s, owner_pid=16944, owner_case=/home/s5117909/Documents/thesis/thesis_codebase/database/20260603_194703_2syn_2tail_plain/cases/st1_1001_hz__st2_1001_hz__trial_1)
DONE case_id=3 run_name=st1_1001_hz__st2_3001_hz__trial_1 output_signals=/home/s5117909/Documents/thesis/thesis_codebase/database/20260603_194703_2syn_2tail_plain/cases/st1_1001_hz__st2_3001_hz__trial_1/output_signals.txt
RUN case_id=7 run_name=st1_1001_hz__st2_7001_hz__trial_1
Waiting for OCEAN export lock (60s waited, lock age 67s, owner_pid=28365, owner_case=/home/s5117909/Documents/thesis/thesis_codebase/database/20260603_194703_2syn_2tail_plain/cases/st1_1001_hz__st2_6001_hz__trial_1)
Waiting for OCEAN export lock (120s waited, lock age 127s, owner_pid=28365, owner_case=/home/s5117909/Documents/thesis/thesis_codebase/database/20260603_194703_2syn_2tail_plain/cases/st1_1001_hz__st2_6001_hz__trial_1)
Waiting for OCEAN export lock (180s waited, lock age 188s, owner_pid=28365, owner_case=/home/s5117909/Documents/thesis/thesis_codebase/database/20260603_194703_2syn_2tail_plain/cases/st1_1001_hz__st2_6001_hz__trial_1)
DONE case_id=7 run_name=st1_1001_hz__st2_7001_hz__trial_1 output_signals=/home/s5117909/Documents/thesis/thesis_codebase/database/20260603_194703_2syn_2tail_plain/cases/st1_1001_hz__st2_7001_hz__trial_1/output_signals.txt
RUN case_id=11 run_name=st1_1_hz__st2_2001_hz__trial_1
Waiting for OCEAN export lock (60s waited, lock age 64s, owner_pid=22296, owner_case=/home/s5117909/Documents/thesis/thesis_codebase/database/20260603_194703_2syn_2tail_plain/cases/st1_1001_hz__st2_5001_hz__trial_1)
Waiting for OCEAN export lock (120s waited, lock age 125s, owner_pid=22296, owner_case=/home/s5117909/Documents/thesis/thesis_codebase/database/20260603_194703_2syn_2tail_plain/cases/st1_1001_hz__st2_5001_hz__trial_1)
DONE case_id=11 run_name=st1_1_hz__st2_2001_hz__trial_1 output_signals=/home/s5117909/Documents/thesis/thesis_codebase/database/20260603_194703_2syn_2tail_plain/cases/st1_1_hz__st2_2001_hz__trial_1/output_signals.txt
RUN case_id=15 run_name=st1_1_hz__st2_6001_hz__trial_1
Waiting for OCEAN export lock (60s waited, lock age 48s, owner_pid=24759, owner_case=/home/s5117909/Documents/thesis/thesis_codebase/database/20260603_194703_2syn_2tail_plain/cases/st1_1001_hz__st2_4001_hz__trial_1)
DONE case_id=15 run_name=st1_1_hz__st2_6001_hz__trial_1 output_signals=/home/s5117909/Documents/thesis/thesis_codebase/database/20260603_194703_2syn_2tail_plain/cases/st1_1_hz__st2_6001_hz__trial_1/output_signals.txt
RUN case_id=19 run_name=st1_2001_hz__st2_1_hz__trial_1
DONE case_id=19 run_name=st1_2001_hz__st2_1_hz__trial_1 output_signals=/home/s5117909/Documents/thesis/thesis_codebase/database/20260603_194703_2syn_2tail_plain/cases/st1_2001_hz__st2_1_hz__trial_1/output_signals.txt
RUN case_id=23 run_name=st1_2001_hz__st2_5001_hz__trial_1
Waiting for OCEAN export lock (60s waited, lock age 4s, owner_pid=24516, owner_case=/home/s5117909/Documents/thesis/thesis_codebase/database/20260603_194703_2syn_2tail_plain/cases/st1_1001_hz__st2_8001_hz__trial_1)
Waiting for OCEAN export lock (120s waited, lock age 64s, owner_pid=24516, owner_case=/home/s5117909/Documents/thesis/thesis_codebase/database/20260603_194703_2syn_2tail_plain/cases/st1_1001_hz__st2_8001_hz__trial_1)
Waiting for OCEAN export lock (180s waited, lock age 125s, owner_pid=24516, owner_case=/home/s5117909/Documents/thesis/thesis_codebase/database/20260603_194703_2syn_2tail_plain/cases/st1_1001_hz__st2_8001_hz__trial_1)
Waiting for OCEAN export lock (240s waited, lock age 188s, owner_pid=24516, owner_case=/home/s5117909/Documents/thesis/thesis_codebase/database/20260603_194703_2syn_2tail_plain/cases/st1_1001_hz__st2_8001_hz__trial_1)
Waiting for OCEAN export lock (300s waited, lock age 248s, owner_pid=24516, owner_case=/home/s5117909/Documents/thesis/thesis_codebase/database/20260603_194703_2syn_2tail_plain/cases/st1_1001_hz__st2_8001_hz__trial_1)
Waiting for OCEAN export lock (360s waited, lock age 309s, owner_pid=24516, owner_case=/home/s5117909/Documents/thesis/thesis_codebase/database/20260603_194703_2syn_2tail_plain/cases/st1_1001_hz__st2_8001_hz__trial_1)
Waiting for OCEAN export lock (420s waited, lock age 50s, owner_pid=15926, owner_case=/home/s5117909/Documents/thesis/thesis_codebase/database/20260603_194703_2syn_2tail_plain/cases/st1_1_hz__st2_5001_hz__trial_1)
Waiting for OCEAN export lock (480s waited, lock age 10s, owner_pid=1766, owner_case=/home/s5117909/Documents/thesis/thesis_codebase/database/20260603_194703_2syn_2tail_plain/cases/st1_1_hz__st2_3001_hz__trial_1)
Waiting for OCEAN export lock (540s waited, lock age 31s, owner_pid=9623, owner_case=/home/s5117909/Documents/thesis/thesis_codebase/database/20260603_194703_2syn_2tail_plain/cases/st1_2001_hz__st2_1001_hz__trial_1)
Waiting for OCEAN export lock (600s waited, lock age 57s, owner_pid=11845, owner_case=/home/s5117909/Documents/thesis/thesis_codebase/database/20260603_194703_2syn_2tail_plain/cases/st1_1_hz__st2_8001_hz__trial_1)
Waiting for OCEAN export lock (660s waited, lock age 117s, owner_pid=11845, owner_case=/home/s5117909/Documents/thesis/thesis_codebase/database/20260603_194703_2syn_2tail_plain/cases/st1_1_hz__st2_8001_hz__trial_1)
Waiting for OCEAN export lock (720s waited, lock age 178s, owner_pid=11845, owner_case=/home/s5117909/Documents/thesis/thesis_codebase/database/20260603_194703_2syn_2tail_plain/cases/st1_1_hz__st2_8001_hz__trial_1)
Waiting for OCEAN export lock (780s waited, lock age 238s, owner_pid=11845, owner_case=/home/s5117909/Documents/thesis/thesis_codebase/database/20260603_194703_2syn_2tail_plain/cases/st1_1_hz__st2_8001_hz__trial_1)
Waiting for OCEAN export lock (840s waited, lock age 47s, owner_pid=15860, owner_case=/home/s5117909/Documents/thesis/thesis_codebase/database/20260603_194703_2syn_2tail_plain/cases/st1_2001_hz__st2_4001_hz__trial_1)
Waiting for OCEAN export lock (900s waited, lock age 107s, owner_pid=15860, owner_case=/home/s5117909/Documents/thesis/thesis_codebase/database/20260603_194703_2syn_2tail_plain/cases/st1_2001_hz__st2_4001_hz__trial_1)
Waiting for OCEAN export lock (960s waited, lock age 24s, owner_pid=323, owner_case=/home/s5117909/Documents/thesis/thesis_codebase/database/20260603_194703_2syn_2tail_plain/cases/st1_2001_hz__st2_3001_hz__trial_1)
Waiting for OCEAN export lock (1020s waited, lock age 84s, owner_pid=323, owner_case=/home/s5117909/Documents/thesis/thesis_codebase/database/20260603_194703_2syn_2tail_plain/cases/st1_2001_hz__st2_3001_hz__trial_1)
Waiting for OCEAN export lock (1080s waited, lock age 44s, owner_pid=12552, owner_case=/home/s5117909/Documents/thesis/thesis_codebase/database/20260603_194703_2syn_2tail_plain/cases/st1_2001_hz__st2_8001_hz__trial_1)
Waiting for OCEAN export lock (1140s waited, lock age 104s, owner_pid=12552, owner_case=/home/s5117909/Documents/thesis/thesis_codebase/database/20260603_194703_2syn_2tail_plain/cases/st1_2001_hz__st2_8001_hz__trial_1)
Waiting for OCEAN export lock (1200s waited, lock age 165s, owner_pid=12552, owner_case=/home/s5117909/Documents/thesis/thesis_codebase/database/20260603_194703_2syn_2tail_plain/cases/st1_2001_hz__st2_8001_hz__trial_1)
Waiting for OCEAN export lock (1260s waited, lock age 225s, owner_pid=12552, owner_case=/home/s5117909/Documents/thesis/thesis_codebase/database/20260603_194703_2syn_2tail_plain/cases/st1_2001_hz__st2_8001_hz__trial_1)
Waiting for OCEAN export lock (1320s waited, lock age 286s, owner_pid=12552, owner_case=/home/s5117909/Documents/thesis/thesis_codebase/database/20260603_194703_2syn_2tail_plain/cases/st1_2001_hz__st2_8001_hz__trial_1)
Waiting for OCEAN export lock (1380s waited, lock age 346s, owner_pid=12552, owner_case=/home/s5117909/Documents/thesis/thesis_codebase/database/20260603_194703_2syn_2tail_plain/cases/st1_2001_hz__st2_8001_hz__trial_1)
Waiting for OCEAN export lock (1440s waited, lock age 407s, owner_pid=12552, owner_case=/home/s5117909/Documents/thesis/thesis_codebase/database/20260603_194703_2syn_2tail_plain/cases/st1_2001_hz__st2_8001_hz__trial_1)
Waiting for OCEAN export lock (1500s waited, lock age 56s, owner_pid=19942, owner_case=/home/s5117909/Documents/thesis/thesis_codebase/database/20260603_194703_2syn_2tail_plain/cases/st1_2001_hz__st2_7001_hz__trial_1)
Waiting for OCEAN export lock (1560s waited, lock age 117s, owner_pid=19942, owner_case=/home/s5117909/Documents/thesis/thesis_codebase/database/20260603_194703_2syn_2tail_plain/cases/st1_2001_hz__st2_7001_hz__trial_1)
Waiting for OCEAN export lock (1620s waited, lock age 177s, owner_pid=19942, owner_case=/home/s5117909/Documents/thesis/thesis_codebase/database/20260603_194703_2syn_2tail_plain/cases/st1_2001_hz__st2_7001_hz__trial_1)
Waiting for OCEAN export lock (1680s waited, lock age 238s, owner_pid=19942, owner_case=/home/s5117909/Documents/thesis/thesis_codebase/database/20260603_194703_2syn_2tail_plain/cases/st1_2001_hz__st2_7001_hz__trial_1)
Waiting for OCEAN export lock (1740s waited, lock age 301s, owner_pid=19942, owner_case=/home/s5117909/Documents/thesis/thesis_codebase/database/20260603_194703_2syn_2tail_plain/cases/st1_2001_hz__st2_7001_hz__trial_1)
Waiting for OCEAN export lock (1800s waited, lock age 54s, owner_pid=9484, owner_case=/home/s5117909/Documents/thesis/thesis_codebase/database/20260603_194703_2syn_2tail_plain/cases/st1_3001_hz__st2_3001_hz__trial_1)
Waiting for OCEAN export lock (1860s waited, lock age 115s, owner_pid=9484, owner_case=/home/s5117909/Documents/thesis/thesis_codebase/database/20260603_194703_2syn_2tail_plain/cases/st1_3001_hz__st2_3001_hz__trial_1)
Waiting for OCEAN export lock (1920s waited, lock age 40s, owner_pid=13529, owner_case=/home/s5117909/Documents/thesis/thesis_codebase/database/20260603_194703_2syn_2tail_plain/cases/st1_1_hz__st2_7001_hz__trial_1)
Waiting for OCEAN export lock (1980s waited, lock age 101s, owner_pid=13529, owner_case=/home/s5117909/Documents/thesis/thesis_codebase/database/20260603_194703_2syn_2tail_plain/cases/st1_1_hz__st2_7001_hz__trial_1)
Waiting for OCEAN export lock (2040s waited, lock age 161s, owner_pid=13529, owner_case=/home/s5117909/Documents/thesis/thesis_codebase/database/20260603_194703_2syn_2tail_plain/cases/st1_1_hz__st2_7001_hz__trial_1)
Waiting for OCEAN export lock (2100s waited, lock age 33s, owner_pid=26381, owner_case=/home/s5117909/Documents/thesis/thesis_codebase/database/20260603_194703_2syn_2tail_plain/cases/st1_3001_hz__st2_2001_hz__trial_1)
Waiting for OCEAN export lock (2160s waited, lock age 93s, owner_pid=26381, owner_case=/home/s5117909/Documents/thesis/thesis_codebase/database/20260603_194703_2syn_2tail_plain/cases/st1_3001_hz__st2_2001_hz__trial_1)
Waiting for OCEAN export lock (2220s waited, lock age 55s, owner_pid=13097, owner_case=/home/s5117909/Documents/thesis/thesis_codebase/database/20260603_194703_2syn_2tail_plain/cases/st1_2001_hz__st2_2001_hz__trial_1)
Waiting for OCEAN export lock (2280s waited, lock age 50s, owner_pid=2700, owner_case=/home/s5117909/Documents/thesis/thesis_codebase/database/20260603_194703_2syn_2tail_plain/cases/st1_3001_hz__st2_7001_hz__trial_1)
Waiting for OCEAN export lock (2340s waited, lock age 111s, owner_pid=2700, owner_case=/home/s5117909/Documents/thesis/thesis_codebase/database/20260603_194703_2syn_2tail_plain/cases/st1_3001_hz__st2_7001_hz__trial_1)
Waiting for OCEAN export lock (2400s waited, lock age 171s, owner_pid=2700, owner_case=/home/s5117909/Documents/thesis/thesis_codebase/database/20260603_194703_2syn_2tail_plain/cases/st1_3001_hz__st2_7001_hz__trial_1)
Waiting for OCEAN export lock (2460s waited, lock age 232s, owner_pid=2700, owner_case=/home/s5117909/Documents/thesis/thesis_codebase/database/20260603_194703_2syn_2tail_plain/cases/st1_3001_hz__st2_7001_hz__trial_1)
Waiting for OCEAN export lock (2520s waited, lock age 293s, owner_pid=2700, owner_case=/home/s5117909/Documents/thesis/thesis_codebase/database/20260603_194703_2syn_2tail_plain/cases/st1_3001_hz__st2_7001_hz__trial_1)
Waiting for OCEAN export lock (2580s waited, lock age 353s, owner_pid=2700, owner_case=/home/s5117909/Documents/thesis/thesis_codebase/database/20260603_194703_2syn_2tail_plain/cases/st1_3001_hz__st2_7001_hz__trial_1)
DONE case_id=23 run_name=st1_2001_hz__st2_5001_hz__trial_1 output_signals=/home/s5117909/Documents/thesis/thesis_codebase/database/20260603_194703_2syn_2tail_plain/cases/st1_2001_hz__st2_5001_hz__trial_1/output_signals.txt
RUN case_id=27 run_name=st1_3001_hz__st2_1001_hz__trial_1
Waiting for OCEAN export lock (60s waited, lock age 68s, owner_pid=20468, owner_case=/home/s5117909/Documents/thesis/thesis_codebase/database/20260603_194703_2syn_2tail_plain/cases/st1_3001_hz__st2_6001_hz__trial_1)
Waiting for OCEAN export lock (120s waited, lock age 129s, owner_pid=20468, owner_case=/home/s5117909/Documents/thesis/thesis_codebase/database/20260603_194703_2syn_2tail_plain/cases/st1_3001_hz__st2_6001_hz__trial_1)
Waiting for OCEAN export lock (180s waited, lock age 190s, owner_pid=20468, owner_case=/home/s5117909/Documents/thesis/thesis_codebase/database/20260603_194703_2syn_2tail_plain/cases/st1_3001_hz__st2_6001_hz__trial_1)
Waiting for OCEAN export lock (240s waited, lock age 250s, owner_pid=20468, owner_case=/home/s5117909/Documents/thesis/thesis_codebase/database/20260603_194703_2syn_2tail_plain/cases/st1_3001_hz__st2_6001_hz__trial_1)
Waiting for OCEAN export lock (300s waited, lock age 311s, owner_pid=20468, owner_case=/home/s5117909/Documents/thesis/thesis_codebase/database/20260603_194703_2syn_2tail_plain/cases/st1_3001_hz__st2_6001_hz__trial_1)
Waiting for OCEAN export lock (360s waited, lock age 54s, owner_pid=24710, owner_case=/home/s5117909/Documents/thesis/thesis_codebase/database/20260603_194703_2syn_2tail_plain/cases/st1_2001_hz__st2_6001_hz__trial_1)
Waiting for OCEAN export lock (420s waited, lock age 115s, owner_pid=24710, owner_case=/home/s5117909/Documents/thesis/thesis_codebase/database/20260603_194703_2syn_2tail_plain/cases/st1_2001_hz__st2_6001_hz__trial_1)
Waiting for OCEAN export lock (480s waited, lock age 175s, owner_pid=24710, owner_case=/home/s5117909/Documents/thesis/thesis_codebase/database/20260603_194703_2syn_2tail_plain/cases/st1_2001_hz__st2_6001_hz__trial_1)
Waiting for OCEAN export lock (540s waited, lock age 236s, owner_pid=24710, owner_case=/home/s5117909/Documents/thesis/thesis_codebase/database/20260603_194703_2syn_2tail_plain/cases/st1_2001_hz__st2_6001_hz__trial_1)
Waiting for OCEAN export lock (600s waited, lock age 52s, owner_pid=7980, owner_case=/home/s5117909/Documents/thesis/thesis_codebase/database/20260603_194703_2syn_2tail_plain/cases/st1_4001_hz__st2_1_hz__trial_1)
Waiting for OCEAN export lock (660s waited, lock age 50s, owner_pid=12303, owner_case=/home/s5117909/Documents/thesis/thesis_codebase/database/20260603_194703_2syn_2tail_plain/cases/st1_4001_hz__st2_2001_hz__trial_1)
Waiting for OCEAN export lock (720s waited, lock age 111s, owner_pid=12303, owner_case=/home/s5117909/Documents/thesis/thesis_codebase/database/20260603_194703_2syn_2tail_plain/cases/st1_4001_hz__st2_2001_hz__trial_1)
DONE case_id=27 run_name=st1_3001_hz__st2_1001_hz__trial_1 output_signals=/home/s5117909/Documents/thesis/thesis_codebase/database/20260603_194703_2syn_2tail_plain/cases/st1_3001_hz__st2_1001_hz__trial_1/output_signals.txt
RUN case_id=31 run_name=st1_3001_hz__st2_4001_hz__trial_1
Waiting for OCEAN export lock (60s waited, lock age 65s, owner_pid=1714, owner_case=/home/s5117909/Documents/thesis/thesis_codebase/database/20260603_194703_2syn_2tail_plain/cases/st1_4001_hz__st2_6001_hz__trial_1)
Waiting for OCEAN export lock (120s waited, lock age 125s, owner_pid=1714, owner_case=/home/s5117909/Documents/thesis/thesis_codebase/database/20260603_194703_2syn_2tail_plain/cases/st1_4001_hz__st2_6001_hz__trial_1)
Waiting for OCEAN export lock (180s waited, lock age 186s, owner_pid=1714, owner_case=/home/s5117909/Documents/thesis/thesis_codebase/database/20260603_194703_2syn_2tail_plain/cases/st1_4001_hz__st2_6001_hz__trial_1)
Waiting for OCEAN export lock (240s waited, lock age 246s, owner_pid=1714, owner_case=/home/s5117909/Documents/thesis/thesis_codebase/database/20260603_194703_2syn_2tail_plain/cases/st1_4001_hz__st2_6001_hz__trial_1)
Waiting for OCEAN export lock (300s waited, lock age 307s, owner_pid=1714, owner_case=/home/s5117909/Documents/thesis/thesis_codebase/database/20260603_194703_2syn_2tail_plain/cases/st1_4001_hz__st2_6001_hz__trial_1)
Waiting for OCEAN export lock (360s waited, lock age 367s, owner_pid=1714, owner_case=/home/s5117909/Documents/thesis/thesis_codebase/database/20260603_194703_2syn_2tail_plain/cases/st1_4001_hz__st2_6001_hz__trial_1)
DONE case_id=31 run_name=st1_3001_hz__st2_4001_hz__trial_1 output_signals=/home/s5117909/Documents/thesis/thesis_codebase/database/20260603_194703_2syn_2tail_plain/cases/st1_3001_hz__st2_4001_hz__trial_1/output_signals.txt
RUN case_id=35 run_name=st1_3001_hz__st2_8001_hz__trial_1
Waiting for OCEAN export lock (60s waited, lock age 27s, owner_pid=26966, owner_case=/home/s5117909/Documents/thesis/thesis_codebase/database/20260603_194703_2syn_2tail_plain/cases/st1_4001_hz__st2_5001_hz__trial_1)
Waiting for OCEAN export lock (120s waited, lock age 87s, owner_pid=26966, owner_case=/home/s5117909/Documents/thesis/thesis_codebase/database/20260603_194703_2syn_2tail_plain/cases/st1_4001_hz__st2_5001_hz__trial_1)
Waiting for OCEAN export lock (180s waited, lock age 148s, owner_pid=26966, owner_case=/home/s5117909/Documents/thesis/thesis_codebase/database/20260603_194703_2syn_2tail_plain/cases/st1_4001_hz__st2_5001_hz__trial_1)
Waiting for OCEAN export lock (240s waited, lock age 211s, owner_pid=26966, owner_case=/home/s5117909/Documents/thesis/thesis_codebase/database/20260603_194703_2syn_2tail_plain/cases/st1_4001_hz__st2_5001_hz__trial_1)
Waiting for OCEAN export lock (300s waited, lock age 271s, owner_pid=26966, owner_case=/home/s5117909/Documents/thesis/thesis_codebase/database/20260603_194703_2syn_2tail_plain/cases/st1_4001_hz__st2_5001_hz__trial_1)
DONE case_id=35 run_name=st1_3001_hz__st2_8001_hz__trial_1 output_signals=/home/s5117909/Documents/thesis/thesis_codebase/database/20260603_194703_2syn_2tail_plain/cases/st1_3001_hz__st2_8001_hz__trial_1/output_signals.txt
RUN case_id=39 run_name=st1_4001_hz__st2_3001_hz__trial_1
Waiting for OCEAN export lock (60s waited, lock age 66s, owner_pid=4007, owner_case=/home/s5117909/Documents/thesis/thesis_codebase/database/20260603_194703_2syn_2tail_plain/cases/st1_5001_hz__st2_1001_hz__trial_1)
Waiting for OCEAN export lock (120s waited, lock age 126s, owner_pid=4007, owner_case=/home/s5117909/Documents/thesis/thesis_codebase/database/20260603_194703_2syn_2tail_plain/cases/st1_5001_hz__st2_1001_hz__trial_1)
DONE case_id=39 run_name=st1_4001_hz__st2_3001_hz__trial_1 output_signals=/home/s5117909/Documents/thesis/thesis_codebase/database/20260603_194703_2syn_2tail_plain/cases/st1_4001_hz__st2_3001_hz__trial_1/output_signals.txt
RUN case_id=43 run_name=st1_4001_hz__st2_7001_hz__trial_1
Waiting for OCEAN export lock (60s waited, lock age 68s, owner_pid=12740, owner_case=/home/s5117909/Documents/thesis/thesis_codebase/database/20260603_194703_2syn_2tail_plain/cases/st1_5001_hz__st2_4001_hz__trial_1)
Waiting for OCEAN export lock (120s waited, lock age 128s, owner_pid=12740, owner_case=/home/s5117909/Documents/thesis/thesis_codebase/database/20260603_194703_2syn_2tail_plain/cases/st1_5001_hz__st2_4001_hz__trial_1)
Waiting for OCEAN export lock (180s waited, lock age 188s, owner_pid=12740, owner_case=/home/s5117909/Documents/thesis/thesis_codebase/database/20260603_194703_2syn_2tail_plain/cases/st1_5001_hz__st2_4001_hz__trial_1)
Waiting for OCEAN export lock (240s waited, lock age 250s, owner_pid=12740, owner_case=/home/s5117909/Documents/thesis/thesis_codebase/database/20260603_194703_2syn_2tail_plain/cases/st1_5001_hz__st2_4001_hz__trial_1)
Waiting for OCEAN export lock (300s waited, lock age 311s, owner_pid=12740, owner_case=/home/s5117909/Documents/thesis/thesis_codebase/database/20260603_194703_2syn_2tail_plain/cases/st1_5001_hz__st2_4001_hz__trial_1)
DONE case_id=43 run_name=st1_4001_hz__st2_7001_hz__trial_1 output_signals=/home/s5117909/Documents/thesis/thesis_codebase/database/20260603_194703_2syn_2tail_plain/cases/st1_4001_hz__st2_7001_hz__trial_1/output_signals.txt
RUN case_id=47 run_name=st1_5001_hz__st2_2001_hz__trial_1
Waiting for OCEAN export lock (60s waited, lock age 66s, owner_pid=30668, owner_case=/home/s5117909/Documents/thesis/thesis_codebase/database/20260603_194703_2syn_2tail_plain/cases/st1_5001_hz__st2_1_hz__trial_1)
DONE case_id=47 run_name=st1_5001_hz__st2_2001_hz__trial_1 output_signals=/home/s5117909/Documents/thesis/thesis_codebase/database/20260603_194703_2syn_2tail_plain/cases/st1_5001_hz__st2_2001_hz__trial_1/output_signals.txt
RUN case_id=51 run_name=st1_5001_hz__st2_6001_hz__trial_1
Waiting for OCEAN export lock (60s waited, lock age 70s, owner_pid=15502, owner_case=/home/s5117909/Documents/thesis/thesis_codebase/database/20260603_194703_2syn_2tail_plain/cases/st1_5001_hz__st2_8001_hz__trial_1)
Waiting for OCEAN export lock (120s waited, lock age 130s, owner_pid=15502, owner_case=/home/s5117909/Documents/thesis/thesis_codebase/database/20260603_194703_2syn_2tail_plain/cases/st1_5001_hz__st2_8001_hz__trial_1)
Waiting for OCEAN export lock (180s waited, lock age 191s, owner_pid=15502, owner_case=/home/s5117909/Documents/thesis/thesis_codebase/database/20260603_194703_2syn_2tail_plain/cases/st1_5001_hz__st2_8001_hz__trial_1)
Waiting for OCEAN export lock (240s waited, lock age 252s, owner_pid=15502, owner_case=/home/s5117909/Documents/thesis/thesis_codebase/database/20260603_194703_2syn_2tail_plain/cases/st1_5001_hz__st2_8001_hz__trial_1)
Waiting for OCEAN export lock (300s waited, lock age 313s, owner_pid=15502, owner_case=/home/s5117909/Documents/thesis/thesis_codebase/database/20260603_194703_2syn_2tail_plain/cases/st1_5001_hz__st2_8001_hz__trial_1)
Waiting for OCEAN export lock (360s waited, lock age 376s, owner_pid=15502, owner_case=/home/s5117909/Documents/thesis/thesis_codebase/database/20260603_194703_2syn_2tail_plain/cases/st1_5001_hz__st2_8001_hz__trial_1)
Waiting for OCEAN export lock (420s waited, lock age 436s, owner_pid=15502, owner_case=/home/s5117909/Documents/thesis/thesis_codebase/database/20260603_194703_2syn_2tail_plain/cases/st1_5001_hz__st2_8001_hz__trial_1)
Waiting for OCEAN export lock (480s waited, lock age 497s, owner_pid=15502, owner_case=/home/s5117909/Documents/thesis/thesis_codebase/database/20260603_194703_2syn_2tail_plain/cases/st1_5001_hz__st2_8001_hz__trial_1)
Waiting for OCEAN export lock (540s waited, lock age 557s, owner_pid=15502, owner_case=/home/s5117909/Documents/thesis/thesis_codebase/database/20260603_194703_2syn_2tail_plain/cases/st1_5001_hz__st2_8001_hz__trial_1)
Waiting for OCEAN export lock (600s waited, lock age 618s, owner_pid=15502, owner_case=/home/s5117909/Documents/thesis/thesis_codebase/database/20260603_194703_2syn_2tail_plain/cases/st1_5001_hz__st2_8001_hz__trial_1)
Waiting for OCEAN export lock (660s waited, lock age 46s, owner_pid=14185, owner_case=/home/s5117909/Documents/thesis/thesis_codebase/database/20260603_194703_2syn_2tail_plain/cases/st1_3001_hz__st2_5001_hz__trial_1)
Waiting for OCEAN export lock (720s waited, lock age 107s, owner_pid=14185, owner_case=/home/s5117909/Documents/thesis/thesis_codebase/database/20260603_194703_2syn_2tail_plain/cases/st1_3001_hz__st2_5001_hz__trial_1)
Waiting for OCEAN export lock (780s waited, lock age 167s, owner_pid=14185, owner_case=/home/s5117909/Documents/thesis/thesis_codebase/database/20260603_194703_2syn_2tail_plain/cases/st1_3001_hz__st2_5001_hz__trial_1)
Waiting for OCEAN export lock (840s waited, lock age 228s, owner_pid=14185, owner_case=/home/s5117909/Documents/thesis/thesis_codebase/database/20260603_194703_2syn_2tail_plain/cases/st1_3001_hz__st2_5001_hz__trial_1)
DONE case_id=51 run_name=st1_5001_hz__st2_6001_hz__trial_1 output_signals=/home/s5117909/Documents/thesis/thesis_codebase/database/20260603_194703_2syn_2tail_plain/cases/st1_5001_hz__st2_6001_hz__trial_1/output_signals.txt
RUN case_id=55 run_name=st1_6001_hz__st2_1_hz__trial_1
Waiting for OCEAN export lock (60s waited, lock age 64s, owner_pid=15502, owner_case=/home/s5117909/Documents/thesis/thesis_codebase/database/20260603_194703_2syn_2tail_plain/cases/st1_5001_hz__st2_8001_hz__trial_1)
Waiting for OCEAN export lock (120s waited, lock age 125s, owner_pid=15502, owner_case=/home/s5117909/Documents/thesis/thesis_codebase/database/20260603_194703_2syn_2tail_plain/cases/st1_5001_hz__st2_8001_hz__trial_1)
Waiting for OCEAN export lock (180s waited, lock age 185s, owner_pid=15502, owner_case=/home/s5117909/Documents/thesis/thesis_codebase/database/20260603_194703_2syn_2tail_plain/cases/st1_5001_hz__st2_8001_hz__trial_1)
Waiting for OCEAN export lock (240s waited, lock age 246s, owner_pid=15502, owner_case=/home/s5117909/Documents/thesis/thesis_codebase/database/20260603_194703_2syn_2tail_plain/cases/st1_5001_hz__st2_8001_hz__trial_1)
Waiting for OCEAN export lock (300s waited, lock age 309s, owner_pid=15502, owner_case=/home/s5117909/Documents/thesis/thesis_codebase/database/20260603_194703_2syn_2tail_plain/cases/st1_5001_hz__st2_8001_hz__trial_1)
Waiting for OCEAN export lock (360s waited, lock age 369s, owner_pid=15502, owner_case=/home/s5117909/Documents/thesis/thesis_codebase/database/20260603_194703_2syn_2tail_plain/cases/st1_5001_hz__st2_8001_hz__trial_1)
Waiting for OCEAN export lock (420s waited, lock age 430s, owner_pid=15502, owner_case=/home/s5117909/Documents/thesis/thesis_codebase/database/20260603_194703_2syn_2tail_plain/cases/st1_5001_hz__st2_8001_hz__trial_1)
Waiting for OCEAN export lock (480s waited, lock age 490s, owner_pid=15502, owner_case=/home/s5117909/Documents/thesis/thesis_codebase/database/20260603_194703_2syn_2tail_plain/cases/st1_5001_hz__st2_8001_hz__trial_1)
Waiting for OCEAN export lock (540s waited, lock age 551s, owner_pid=15502, owner_case=/home/s5117909/Documents/thesis/thesis_codebase/database/20260603_194703_2syn_2tail_plain/cases/st1_5001_hz__st2_8001_hz__trial_1)
Waiting for OCEAN export lock (600s waited, lock age 611s, owner_pid=15502, owner_case=/home/s5117909/Documents/thesis/thesis_codebase/database/20260603_194703_2syn_2tail_plain/cases/st1_5001_hz__st2_8001_hz__trial_1)
Waiting for OCEAN export lock (660s waited, lock age 40s, owner_pid=18754, owner_case=/home/s5117909/Documents/thesis/thesis_codebase/database/20260603_194703_2syn_2tail_plain/cases/st1_5001_hz__st2_5001_hz__trial_1)
Waiting for OCEAN export lock (720s waited, lock age 100s, owner_pid=18754, owner_case=/home/s5117909/Documents/thesis/thesis_codebase/database/20260603_194703_2syn_2tail_plain/cases/st1_5001_hz__st2_5001_hz__trial_1)
Waiting for OCEAN export lock (780s waited, lock age 161s, owner_pid=18754, owner_case=/home/s5117909/Documents/thesis/thesis_codebase/database/20260603_194703_2syn_2tail_plain/cases/st1_5001_hz__st2_5001_hz__trial_1)
Waiting for OCEAN export lock (840s waited, lock age 221s, owner_pid=18754, owner_case=/home/s5117909/Documents/thesis/thesis_codebase/database/20260603_194703_2syn_2tail_plain/cases/st1_5001_hz__st2_5001_hz__trial_1)
Waiting for OCEAN export lock (900s waited, lock age 283s, owner_pid=18754, owner_case=/home/s5117909/Documents/thesis/thesis_codebase/database/20260603_194703_2syn_2tail_plain/cases/st1_5001_hz__st2_5001_hz__trial_1)
Waiting for OCEAN export lock (960s waited, lock age 344s, owner_pid=18754, owner_case=/home/s5117909/Documents/thesis/thesis_codebase/database/20260603_194703_2syn_2tail_plain/cases/st1_5001_hz__st2_5001_hz__trial_1)
DONE case_id=55 run_name=st1_6001_hz__st2_1_hz__trial_1 output_signals=/home/s5117909/Documents/thesis/thesis_codebase/database/20260603_194703_2syn_2tail_plain/cases/st1_6001_hz__st2_1_hz__trial_1/output_signals.txt
RUN case_id=59 run_name=st1_6001_hz__st2_5001_hz__trial_1
Waiting for OCEAN export lock (60s waited, lock age 68s, owner_pid=14386, owner_case=/home/s5117909/Documents/thesis/thesis_codebase/database/20260603_194703_2syn_2tail_plain/cases/st1_4001_hz__st2_1001_hz__trial_1)
DONE case_id=59 run_name=st1_6001_hz__st2_5001_hz__trial_1 output_signals=/home/s5117909/Documents/thesis/thesis_codebase/database/20260603_194703_2syn_2tail_plain/cases/st1_6001_hz__st2_5001_hz__trial_1/output_signals.txt
RUN case_id=63 run_name=st1_7001_hz__st2_1001_hz__trial_1
Waiting for OCEAN export lock (60s waited, lock age 67s, owner_pid=26628, owner_case=/home/s5117909/Documents/thesis/thesis_codebase/database/20260603_194703_2syn_2tail_plain/cases/st1_4001_hz__st2_4001_hz__trial_1)
Waiting for OCEAN export lock (120s waited, lock age 127s, owner_pid=26628, owner_case=/home/s5117909/Documents/thesis/thesis_codebase/database/20260603_194703_2syn_2tail_plain/cases/st1_4001_hz__st2_4001_hz__trial_1)
Waiting for OCEAN export lock (180s waited, lock age 188s, owner_pid=26628, owner_case=/home/s5117909/Documents/thesis/thesis_codebase/database/20260603_194703_2syn_2tail_plain/cases/st1_4001_hz__st2_4001_hz__trial_1)
Waiting for OCEAN export lock (240s waited, lock age 248s, owner_pid=26628, owner_case=/home/s5117909/Documents/thesis/thesis_codebase/database/20260603_194703_2syn_2tail_plain/cases/st1_4001_hz__st2_4001_hz__trial_1)
DONE case_id=63 run_name=st1_7001_hz__st2_1001_hz__trial_1 output_signals=/home/s5117909/Documents/thesis/thesis_codebase/database/20260603_194703_2syn_2tail_plain/cases/st1_7001_hz__st2_1001_hz__trial_1/output_signals.txt
RUN case_id=67 run_name=st1_7001_hz__st2_4001_hz__trial_1
Waiting for OCEAN export lock (60s waited, lock age 66s, owner_pid=10898, owner_case=/home/s5117909/Documents/thesis/thesis_codebase/database/20260603_194703_2syn_2tail_plain/cases/st1_6001_hz__st2_1001_hz__trial_1)
Waiting for OCEAN export lock (120s waited, lock age 127s, owner_pid=10898, owner_case=/home/s5117909/Documents/thesis/thesis_codebase/database/20260603_194703_2syn_2tail_plain/cases/st1_6001_hz__st2_1001_hz__trial_1)
Waiting for OCEAN export lock (180s waited, lock age 188s, owner_pid=10898, owner_case=/home/s5117909/Documents/thesis/thesis_codebase/database/20260603_194703_2syn_2tail_plain/cases/st1_6001_hz__st2_1001_hz__trial_1)
DONE case_id=67 run_name=st1_7001_hz__st2_4001_hz__trial_1 output_signals=/home/s5117909/Documents/thesis/thesis_codebase/database/20260603_194703_2syn_2tail_plain/cases/st1_7001_hz__st2_4001_hz__trial_1/output_signals.txt
RUN case_id=71 run_name=st1_7001_hz__st2_8001_hz__trial_1
Waiting for OCEAN export lock (60s waited, lock age 71s, owner_pid=30129, owner_case=/home/s5117909/Documents/thesis/thesis_codebase/database/20260603_194703_2syn_2tail_plain/cases/st1_6001_hz__st2_4001_hz__trial_1)
Waiting for OCEAN export lock (120s waited, lock age 131s, owner_pid=30129, owner_case=/home/s5117909/Documents/thesis/thesis_codebase/database/20260603_194703_2syn_2tail_plain/cases/st1_6001_hz__st2_4001_hz__trial_1)
Waiting for OCEAN export lock (180s waited, lock age 192s, owner_pid=30129, owner_case=/home/s5117909/Documents/thesis/thesis_codebase/database/20260603_194703_2syn_2tail_plain/cases/st1_6001_hz__st2_4001_hz__trial_1)
Waiting for OCEAN export lock (240s waited, lock age 253s, owner_pid=30129, owner_case=/home/s5117909/Documents/thesis/thesis_codebase/database/20260603_194703_2syn_2tail_plain/cases/st1_6001_hz__st2_4001_hz__trial_1)
Waiting for OCEAN export lock (300s waited, lock age 313s, owner_pid=30129, owner_case=/home/s5117909/Documents/thesis/thesis_codebase/database/20260603_194703_2syn_2tail_plain/cases/st1_6001_hz__st2_4001_hz__trial_1)
Waiting for OCEAN export lock (360s waited, lock age 374s, owner_pid=30129, owner_case=/home/s5117909/Documents/thesis/thesis_codebase/database/20260603_194703_2syn_2tail_plain/cases/st1_6001_hz__st2_4001_hz__trial_1)
Waiting for OCEAN export lock (420s waited, lock age 36s, owner_pid=6909, owner_case=/home/s5117909/Documents/thesis/thesis_codebase/database/20260603_194703_2syn_2tail_plain/cases/st1_4001_hz__st2_8001_hz__trial_1)
Waiting for OCEAN export lock (480s waited, lock age 97s, owner_pid=6909, owner_case=/home/s5117909/Documents/thesis/thesis_codebase/database/20260603_194703_2syn_2tail_plain/cases/st1_4001_hz__st2_8001_hz__trial_1)
Waiting for OCEAN export lock (540s waited, lock age 157s, owner_pid=6909, owner_case=/home/s5117909/Documents/thesis/thesis_codebase/database/20260603_194703_2syn_2tail_plain/cases/st1_4001_hz__st2_8001_hz__trial_1)
Waiting for OCEAN export lock (600s waited, lock age 218s, owner_pid=6909, owner_case=/home/s5117909/Documents/thesis/thesis_codebase/database/20260603_194703_2syn_2tail_plain/cases/st1_4001_hz__st2_8001_hz__trial_1)
Waiting for OCEAN export lock (660s waited, lock age 278s, owner_pid=6909, owner_case=/home/s5117909/Documents/thesis/thesis_codebase/database/20260603_194703_2syn_2tail_plain/cases/st1_4001_hz__st2_8001_hz__trial_1)
Waiting for OCEAN export lock (720s waited, lock age 339s, owner_pid=6909, owner_case=/home/s5117909/Documents/thesis/thesis_codebase/database/20260603_194703_2syn_2tail_plain/cases/st1_4001_hz__st2_8001_hz__trial_1)
Waiting for OCEAN export lock (780s waited, lock age 399s, owner_pid=6909, owner_case=/home/s5117909/Documents/thesis/thesis_codebase/database/20260603_194703_2syn_2tail_plain/cases/st1_4001_hz__st2_8001_hz__trial_1)
Waiting for OCEAN export lock (840s waited, lock age 460s, owner_pid=6909, owner_case=/home/s5117909/Documents/thesis/thesis_codebase/database/20260603_194703_2syn_2tail_plain/cases/st1_4001_hz__st2_8001_hz__trial_1)
Waiting for OCEAN export lock (900s waited, lock age 520s, owner_pid=6909, owner_case=/home/s5117909/Documents/thesis/thesis_codebase/database/20260603_194703_2syn_2tail_plain/cases/st1_4001_hz__st2_8001_hz__trial_1)
/home/s5117909/Documents/thesis/thesis_codebase/database/20260603_194703_2syn_2tail_plain/run_export_case.sh: line 106:  4549 Killed                  timeout --preserve-status --kill-after=30s "${timeout_seconds}s" "$cmd" -nograph -restore "$restore_arg" >> "$log_file" 2>&1
Retryable OCEAN export timeout/kill status=137.
Retryable OCEAN export failure; sleeping 20s before retry.
Waiting for OCEAN export lock (60s waited, lock age 80s, owner_pid=5928, owner_case=/home/s5117909/Documents/thesis/thesis_codebase/database/20260603_194703_2syn_2tail_plain/cases/st1_5001_hz__st2_3001_hz__trial_1)
Waiting for OCEAN export lock (120s waited, lock age 141s, owner_pid=5928, owner_case=/home/s5117909/Documents/thesis/thesis_codebase/database/20260603_194703_2syn_2tail_plain/cases/st1_5001_hz__st2_3001_hz__trial_1)
Waiting for OCEAN export lock (180s waited, lock age 201s, owner_pid=5928, owner_case=/home/s5117909/Documents/thesis/thesis_codebase/database/20260603_194703_2syn_2tail_plain/cases/st1_5001_hz__st2_3001_hz__trial_1)
/home/s5117909/Documents/thesis/thesis_codebase/database/20260603_194703_2syn_2tail_plain/run_export_case.sh: line 106: 16731 Killed                  timeout --preserve-status --kill-after=30s "${timeout_seconds}s" "$cmd" -nograph -restore "$restore_arg" >> "$log_file" 2>&1
Retryable OCEAN export timeout/kill status=137.
Retryable OCEAN export failure; sleeping 40s before retry.
Waiting for OCEAN export lock (60s waited, lock age 103s, owner_pid=10884, owner_case=/home/s5117909/Documents/thesis/thesis_codebase/database/20260603_194703_2syn_2tail_plain/cases/st1_6001_hz__st2_8001_hz__trial_1)
Waiting for OCEAN export lock (120s waited, lock age 165s, owner_pid=10884, owner_case=/home/s5117909/Documents/thesis/thesis_codebase/database/20260603_194703_2syn_2tail_plain/cases/st1_6001_hz__st2_8001_hz__trial_1)
Waiting for OCEAN export lock (180s waited, lock age 225s, owner_pid=10884, owner_case=/home/s5117909/Documents/thesis/thesis_codebase/database/20260603_194703_2syn_2tail_plain/cases/st1_6001_hz__st2_8001_hz__trial_1)
Waiting for OCEAN export lock (240s waited, lock age 286s, owner_pid=10884, owner_case=/home/s5117909/Documents/thesis/thesis_codebase/database/20260603_194703_2syn_2tail_plain/cases/st1_6001_hz__st2_8001_hz__trial_1)
Waiting for OCEAN export lock (300s waited, lock age 349s, owner_pid=10884, owner_case=/home/s5117909/Documents/thesis/thesis_codebase/database/20260603_194703_2syn_2tail_plain/cases/st1_6001_hz__st2_8001_hz__trial_1)
Waiting for OCEAN export lock (360s waited, lock age 409s, owner_pid=10884, owner_case=/home/s5117909/Documents/thesis/thesis_codebase/database/20260603_194703_2syn_2tail_plain/cases/st1_6001_hz__st2_8001_hz__trial_1)
Waiting for OCEAN export lock (420s waited, lock age 470s, owner_pid=10884, owner_case=/home/s5117909/Documents/thesis/thesis_codebase/database/20260603_194703_2syn_2tail_plain/cases/st1_6001_hz__st2_8001_hz__trial_1)
Waiting for OCEAN export lock (480s waited, lock age 530s, owner_pid=10884, owner_case=/home/s5117909/Documents/thesis/thesis_codebase/database/20260603_194703_2syn_2tail_plain/cases/st1_6001_hz__st2_8001_hz__trial_1)
Waiting for OCEAN export lock (540s waited, lock age 591s, owner_pid=10884, owner_case=/home/s5117909/Documents/thesis/thesis_codebase/database/20260603_194703_2syn_2tail_plain/cases/st1_6001_hz__st2_8001_hz__trial_1)
Waiting for OCEAN export lock (600s waited, lock age 21s, owner_pid=15502, owner_case=/home/s5117909/Documents/thesis/thesis_codebase/database/20260603_194703_2syn_2tail_plain/cases/st1_5001_hz__st2_8001_hz__trial_1)
Waiting for OCEAN export lock (660s waited, lock age 81s, owner_pid=15502, owner_case=/home/s5117909/Documents/thesis/thesis_codebase/database/20260603_194703_2syn_2tail_plain/cases/st1_5001_hz__st2_8001_hz__trial_1)
Waiting for OCEAN export lock (720s waited, lock age 142s, owner_pid=15502, owner_case=/home/s5117909/Documents/thesis/thesis_codebase/database/20260603_194703_2syn_2tail_plain/cases/st1_5001_hz__st2_8001_hz__trial_1)
Waiting for OCEAN export lock (780s waited, lock age 202s, owner_pid=15502, owner_case=/home/s5117909/Documents/thesis/thesis_codebase/database/20260603_194703_2syn_2tail_plain/cases/st1_5001_hz__st2_8001_hz__trial_1)
Waiting for OCEAN export lock (840s waited, lock age 263s, owner_pid=15502, owner_case=/home/s5117909/Documents/thesis/thesis_codebase/database/20260603_194703_2syn_2tail_plain/cases/st1_5001_hz__st2_8001_hz__trial_1)
Waiting for OCEAN export lock (900s waited, lock age 326s, owner_pid=15502, owner_case=/home/s5117909/Documents/thesis/thesis_codebase/database/20260603_194703_2syn_2tail_plain/cases/st1_5001_hz__st2_8001_hz__trial_1)
Waiting for OCEAN export lock (960s waited, lock age 386s, owner_pid=15502, owner_case=/home/s5117909/Documents/thesis/thesis_codebase/database/20260603_194703_2syn_2tail_plain/cases/st1_5001_hz__st2_8001_hz__trial_1)
Waiting for OCEAN export lock (1020s waited, lock age 447s, owner_pid=15502, owner_case=/home/s5117909/Documents/thesis/thesis_codebase/database/20260603_194703_2syn_2tail_plain/cases/st1_5001_hz__st2_8001_hz__trial_1)
Waiting for OCEAN export lock (1080s waited, lock age 507s, owner_pid=15502, owner_case=/home/s5117909/Documents/thesis/thesis_codebase/database/20260603_194703_2syn_2tail_plain/cases/st1_5001_hz__st2_8001_hz__trial_1)
Waiting for OCEAN export lock (1140s waited, lock age 568s, owner_pid=15502, owner_case=/home/s5117909/Documents/thesis/thesis_codebase/database/20260603_194703_2syn_2tail_plain/cases/st1_5001_hz__st2_8001_hz__trial_1)
Waiting for OCEAN export lock (1200s waited, lock age 628s, owner_pid=15502, owner_case=/home/s5117909/Documents/thesis/thesis_codebase/database/20260603_194703_2syn_2tail_plain/cases/st1_5001_hz__st2_8001_hz__trial_1)
Waiting for OCEAN export lock (1260s waited, lock age 57s, owner_pid=17756, owner_case=/home/s5117909/Documents/thesis/thesis_codebase/database/20260603_194703_2syn_2tail_plain/cases/st1_5001_hz__st2_7001_hz__trial_1)
Waiting for OCEAN export lock (1320s waited, lock age 117s, owner_pid=17756, owner_case=/home/s5117909/Documents/thesis/thesis_codebase/database/20260603_194703_2syn_2tail_plain/cases/st1_5001_hz__st2_7001_hz__trial_1)
Waiting for OCEAN export lock (1380s waited, lock age 178s, owner_pid=17756, owner_case=/home/s5117909/Documents/thesis/thesis_codebase/database/20260603_194703_2syn_2tail_plain/cases/st1_5001_hz__st2_7001_hz__trial_1)
Waiting for OCEAN export lock (1440s waited, lock age 238s, owner_pid=17756, owner_case=/home/s5117909/Documents/thesis/thesis_codebase/database/20260603_194703_2syn_2tail_plain/cases/st1_5001_hz__st2_7001_hz__trial_1)
Waiting for OCEAN export lock (1500s waited, lock age 299s, owner_pid=17756, owner_case=/home/s5117909/Documents/thesis/thesis_codebase/database/20260603_194703_2syn_2tail_plain/cases/st1_5001_hz__st2_7001_hz__trial_1)
Waiting for OCEAN export lock (1560s waited, lock age 360s, owner_pid=17756, owner_case=/home/s5117909/Documents/thesis/thesis_codebase/database/20260603_194703_2syn_2tail_plain/cases/st1_5001_hz__st2_7001_hz__trial_1)
Waiting for OCEAN export lock (1620s waited, lock age 420s, owner_pid=17756, owner_case=/home/s5117909/Documents/thesis/thesis_codebase/database/20260603_194703_2syn_2tail_plain/cases/st1_5001_hz__st2_7001_hz__trial_1)
Waiting for OCEAN export lock (1680s waited, lock age 481s, owner_pid=17756, owner_case=/home/s5117909/Documents/thesis/thesis_codebase/database/20260603_194703_2syn_2tail_plain/cases/st1_5001_hz__st2_7001_hz__trial_1)
Waiting for OCEAN export lock (1740s waited, lock age 541s, owner_pid=17756, owner_case=/home/s5117909/Documents/thesis/thesis_codebase/database/20260603_194703_2syn_2tail_plain/cases/st1_5001_hz__st2_7001_hz__trial_1)
Waiting for OCEAN export lock (1800s waited, lock age 24s, owner_pid=10884, owner_case=/home/s5117909/Documents/thesis/thesis_codebase/database/20260603_194703_2syn_2tail_plain/cases/st1_6001_hz__st2_8001_hz__trial_1)
Waiting for OCEAN export lock (1860s waited, lock age 84s, owner_pid=10884, owner_case=/home/s5117909/Documents/thesis/thesis_codebase/database/20260603_194703_2syn_2tail_plain/cases/st1_6001_hz__st2_8001_hz__trial_1)
Waiting for OCEAN export lock (1920s waited, lock age 145s, owner_pid=10884, owner_case=/home/s5117909/Documents/thesis/thesis_codebase/database/20260603_194703_2syn_2tail_plain/cases/st1_6001_hz__st2_8001_hz__trial_1)
Waiting for OCEAN export lock (1980s waited, lock age 205s, owner_pid=10884, owner_case=/home/s5117909/Documents/thesis/thesis_codebase/database/20260603_194703_2syn_2tail_plain/cases/st1_6001_hz__st2_8001_hz__trial_1)
Waiting for OCEAN export lock (2040s waited, lock age 266s, owner_pid=10884, owner_case=/home/s5117909/Documents/thesis/thesis_codebase/database/20260603_194703_2syn_2tail_plain/cases/st1_6001_hz__st2_8001_hz__trial_1)
Waiting for OCEAN export lock (2100s waited, lock age 327s, owner_pid=10884, owner_case=/home/s5117909/Documents/thesis/thesis_codebase/database/20260603_194703_2syn_2tail_plain/cases/st1_6001_hz__st2_8001_hz__trial_1)
Waiting for OCEAN export lock (2160s waited, lock age 389s, owner_pid=10884, owner_case=/home/s5117909/Documents/thesis/thesis_codebase/database/20260603_194703_2syn_2tail_plain/cases/st1_6001_hz__st2_8001_hz__trial_1)
Waiting for OCEAN export lock (2220s waited, lock age 450s, owner_pid=10884, owner_case=/home/s5117909/Documents/thesis/thesis_codebase/database/20260603_194703_2syn_2tail_plain/cases/st1_6001_hz__st2_8001_hz__trial_1)
Waiting for OCEAN export lock (2280s waited, lock age 510s, owner_pid=10884, owner_case=/home/s5117909/Documents/thesis/thesis_codebase/database/20260603_194703_2syn_2tail_plain/cases/st1_6001_hz__st2_8001_hz__trial_1)
Waiting for OCEAN export lock (2340s waited, lock age 571s, owner_pid=10884, owner_case=/home/s5117909/Documents/thesis/thesis_codebase/database/20260603_194703_2syn_2tail_plain/cases/st1_6001_hz__st2_8001_hz__trial_1)
Waiting for OCEAN export lock (2400s waited, lock age 0s, owner_pid=32420, owner_case=unknown)
Waiting for OCEAN export lock (2460s waited, lock age 60s, owner_pid=32420, owner_case=/home/s5117909/Documents/thesis/thesis_codebase/database/20260603_194703_2syn_2tail_plain/cases/st1_6001_hz__st2_2001_hz__trial_1)
Waiting for OCEAN export lock (2520s waited, lock age 121s, owner_pid=32420, owner_case=/home/s5117909/Documents/thesis/thesis_codebase/database/20260603_194703_2syn_2tail_plain/cases/st1_6001_hz__st2_2001_hz__trial_1)
Waiting for OCEAN export lock (2580s waited, lock age 181s, owner_pid=32420, owner_case=/home/s5117909/Documents/thesis/thesis_codebase/database/20260603_194703_2syn_2tail_plain/cases/st1_6001_hz__st2_2001_hz__trial_1)
Waiting for OCEAN export lock (2640s waited, lock age 242s, owner_pid=32420, owner_case=/home/s5117909/Documents/thesis/thesis_codebase/database/20260603_194703_2syn_2tail_plain/cases/st1_6001_hz__st2_2001_hz__trial_1)
/home/s5117909/Documents/thesis/thesis_codebase/database/20260603_194703_2syn_2tail_plain/run_export_case.sh: line 106: 23315 Killed                  timeout --preserve-status --kill-after=30s "${timeout_seconds}s" "$cmd" -nograph -restore "$restore_arg" >> "$log_file" 2>&1
Retryable OCEAN export timeout/kill status=137.
Retryable OCEAN export failure; sleeping 60s before retry.
Waiting for OCEAN export lock (60s waited, lock age 119s, owner_pid=15502, owner_case=/home/s5117909/Documents/thesis/thesis_codebase/database/20260603_194703_2syn_2tail_plain/cases/st1_5001_hz__st2_8001_hz__trial_1)
Waiting for OCEAN export lock (120s waited, lock age 180s, owner_pid=15502, owner_case=/home/s5117909/Documents/thesis/thesis_codebase/database/20260603_194703_2syn_2tail_plain/cases/st1_5001_hz__st2_8001_hz__trial_1)
Waiting for OCEAN export lock (180s waited, lock age 240s, owner_pid=15502, owner_case=/home/s5117909/Documents/thesis/thesis_codebase/database/20260603_194703_2syn_2tail_plain/cases/st1_5001_hz__st2_8001_hz__trial_1)
Waiting for OCEAN export lock (240s waited, lock age 301s, owner_pid=15502, owner_case=/home/s5117909/Documents/thesis/thesis_codebase/database/20260603_194703_2syn_2tail_plain/cases/st1_5001_hz__st2_8001_hz__trial_1)
Waiting for OCEAN export lock (300s waited, lock age 361s, owner_pid=15502, owner_case=/home/s5117909/Documents/thesis/thesis_codebase/database/20260603_194703_2syn_2tail_plain/cases/st1_5001_hz__st2_8001_hz__trial_1)
Waiting for OCEAN export lock (360s waited, lock age 422s, owner_pid=15502, owner_case=/home/s5117909/Documents/thesis/thesis_codebase/database/20260603_194703_2syn_2tail_plain/cases/st1_5001_hz__st2_8001_hz__trial_1)
Waiting for OCEAN export lock (420s waited, lock age 482s, owner_pid=15502, owner_case=/home/s5117909/Documents/thesis/thesis_codebase/database/20260603_194703_2syn_2tail_plain/cases/st1_5001_hz__st2_8001_hz__trial_1)
Waiting for OCEAN export lock (480s waited, lock age 543s, owner_pid=15502, owner_case=/home/s5117909/Documents/thesis/thesis_codebase/database/20260603_194703_2syn_2tail_plain/cases/st1_5001_hz__st2_8001_hz__trial_1)
Waiting for OCEAN export lock (540s waited, lock age 603s, owner_pid=15502, owner_case=/home/s5117909/Documents/thesis/thesis_codebase/database/20260603_194703_2syn_2tail_plain/cases/st1_5001_hz__st2_8001_hz__trial_1)
/home/s5117909/Documents/thesis/thesis_codebase/database/20260603_194703_2syn_2tail_plain/run_export_case.sh: line 106:  4593 Killed                  timeout --preserve-status --kill-after=30s "${timeout_seconds}s" "$cmd" -nograph -restore "$restore_arg" >> "$log_file" 2>&1
Retryable OCEAN export timeout/kill status=137.
FAILED case_id=71 run_name=st1_7001_hz__st2_8001_hz__trial_1 export_or_output_failed
RUN case_id=75 run_name=st1_8001_hz__st2_3001_hz__trial_1
Waiting for OCEAN export lock (60s waited, lock age 77s, owner_pid=10884, owner_case=/home/s5117909/Documents/thesis/thesis_codebase/database/20260603_194703_2syn_2tail_plain/cases/st1_6001_hz__st2_8001_hz__trial_1)
Waiting for OCEAN export lock (120s waited, lock age 137s, owner_pid=10884, owner_case=/home/s5117909/Documents/thesis/thesis_codebase/database/20260603_194703_2syn_2tail_plain/cases/st1_6001_hz__st2_8001_hz__trial_1)
Waiting for OCEAN export lock (180s waited, lock age 198s, owner_pid=10884, owner_case=/home/s5117909/Documents/thesis/thesis_codebase/database/20260603_194703_2syn_2tail_plain/cases/st1_6001_hz__st2_8001_hz__trial_1)
Waiting for OCEAN export lock (240s waited, lock age 258s, owner_pid=10884, owner_case=/home/s5117909/Documents/thesis/thesis_codebase/database/20260603_194703_2syn_2tail_plain/cases/st1_6001_hz__st2_8001_hz__trial_1)
Waiting for OCEAN export lock (300s waited, lock age 319s, owner_pid=10884, owner_case=/home/s5117909/Documents/thesis/thesis_codebase/database/20260603_194703_2syn_2tail_plain/cases/st1_6001_hz__st2_8001_hz__trial_1)
Waiting for OCEAN export lock (360s waited, lock age 379s, owner_pid=10884, owner_case=/home/s5117909/Documents/thesis/thesis_codebase/database/20260603_194703_2syn_2tail_plain/cases/st1_6001_hz__st2_8001_hz__trial_1)
Waiting for OCEAN export lock (420s waited, lock age 440s, owner_pid=10884, owner_case=/home/s5117909/Documents/thesis/thesis_codebase/database/20260603_194703_2syn_2tail_plain/cases/st1_6001_hz__st2_8001_hz__trial_1)
Waiting for OCEAN export lock (480s waited, lock age 500s, owner_pid=10884, owner_case=/home/s5117909/Documents/thesis/thesis_codebase/database/20260603_194703_2syn_2tail_plain/cases/st1_6001_hz__st2_8001_hz__trial_1)
Waiting for OCEAN export lock (540s waited, lock age 561s, owner_pid=10884, owner_case=/home/s5117909/Documents/thesis/thesis_codebase/database/20260603_194703_2syn_2tail_plain/cases/st1_6001_hz__st2_8001_hz__trial_1)
Waiting for OCEAN export lock (600s waited, lock age 622s, owner_pid=10884, owner_case=/home/s5117909/Documents/thesis/thesis_codebase/database/20260603_194703_2syn_2tail_plain/cases/st1_6001_hz__st2_8001_hz__trial_1)
Waiting for OCEAN export lock (660s waited, lock age 51s, owner_pid=6391, owner_case=/home/s5117909/Documents/thesis/thesis_codebase/database/20260603_194703_2syn_2tail_plain/cases/st1_6001_hz__st2_3001_hz__trial_1)
Waiting for OCEAN export lock (720s waited, lock age 111s, owner_pid=6391, owner_case=/home/s5117909/Documents/thesis/thesis_codebase/database/20260603_194703_2syn_2tail_plain/cases/st1_6001_hz__st2_3001_hz__trial_1)
Waiting for OCEAN export lock (780s waited, lock age 172s, owner_pid=6391, owner_case=/home/s5117909/Documents/thesis/thesis_codebase/database/20260603_194703_2syn_2tail_plain/cases/st1_6001_hz__st2_3001_hz__trial_1)
Waiting for OCEAN export lock (840s waited, lock age 232s, owner_pid=6391, owner_case=/home/s5117909/Documents/thesis/thesis_codebase/database/20260603_194703_2syn_2tail_plain/cases/st1_6001_hz__st2_3001_hz__trial_1)
Waiting for OCEAN export lock (900s waited, lock age 293s, owner_pid=6391, owner_case=/home/s5117909/Documents/thesis/thesis_codebase/database/20260603_194703_2syn_2tail_plain/cases/st1_6001_hz__st2_3001_hz__trial_1)
Waiting for OCEAN export lock (960s waited, lock age 26s, owner_pid=10884, owner_case=/home/s5117909/Documents/thesis/thesis_codebase/database/20260603_194703_2syn_2tail_plain/cases/st1_6001_hz__st2_8001_hz__trial_1)
Waiting for OCEAN export lock (1020s waited, lock age 86s, owner_pid=10884, owner_case=/home/s5117909/Documents/thesis/thesis_codebase/database/20260603_194703_2syn_2tail_plain/cases/st1_6001_hz__st2_8001_hz__trial_1)
Waiting for OCEAN export lock (1080s waited, lock age 147s, owner_pid=10884, owner_case=/home/s5117909/Documents/thesis/thesis_codebase/database/20260603_194703_2syn_2tail_plain/cases/st1_6001_hz__st2_8001_hz__trial_1)
Waiting for OCEAN export lock (1140s waited, lock age 207s, owner_pid=10884, owner_case=/home/s5117909/Documents/thesis/thesis_codebase/database/20260603_194703_2syn_2tail_plain/cases/st1_6001_hz__st2_8001_hz__trial_1)
Waiting for OCEAN export lock (1200s waited, lock age 268s, owner_pid=10884, owner_case=/home/s5117909/Documents/thesis/thesis_codebase/database/20260603_194703_2syn_2tail_plain/cases/st1_6001_hz__st2_8001_hz__trial_1)
Waiting for OCEAN export lock (1260s waited, lock age 329s, owner_pid=10884, owner_case=/home/s5117909/Documents/thesis/thesis_codebase/database/20260603_194703_2syn_2tail_plain/cases/st1_6001_hz__st2_8001_hz__trial_1)
Waiting for OCEAN export lock (1320s waited, lock age 390s, owner_pid=10884, owner_case=/home/s5117909/Documents/thesis/thesis_codebase/database/20260603_194703_2syn_2tail_plain/cases/st1_6001_hz__st2_8001_hz__trial_1)
Waiting for OCEAN export lock (1380s waited, lock age 450s, owner_pid=10884, owner_case=/home/s5117909/Documents/thesis/thesis_codebase/database/20260603_194703_2syn_2tail_plain/cases/st1_6001_hz__st2_8001_hz__trial_1)
Waiting for OCEAN export lock (1440s waited, lock age 511s, owner_pid=10884, owner_case=/home/s5117909/Documents/thesis/thesis_codebase/database/20260603_194703_2syn_2tail_plain/cases/st1_6001_hz__st2_8001_hz__trial_1)
Waiting for OCEAN export lock (1500s waited, lock age 571s, owner_pid=10884, owner_case=/home/s5117909/Documents/thesis/thesis_codebase/database/20260603_194703_2syn_2tail_plain/cases/st1_6001_hz__st2_8001_hz__trial_1)
Waiting for OCEAN export lock (1560s waited, lock age 0s, owner_pid=22847, owner_case=unknown)
Waiting for OCEAN export lock (1620s waited, lock age 60s, owner_pid=22847, owner_case=/home/s5117909/Documents/thesis/thesis_codebase/database/20260603_194703_2syn_2tail_plain/cases/st1_6001_hz__st2_7001_hz__trial_1)
Waiting for OCEAN export lock (1680s waited, lock age 121s, owner_pid=22847, owner_case=/home/s5117909/Documents/thesis/thesis_codebase/database/20260603_194703_2syn_2tail_plain/cases/st1_6001_hz__st2_7001_hz__trial_1)
Waiting for OCEAN export lock (1740s waited, lock age 182s, owner_pid=22847, owner_case=/home/s5117909/Documents/thesis/thesis_codebase/database/20260603_194703_2syn_2tail_plain/cases/st1_6001_hz__st2_7001_hz__trial_1)
Waiting for OCEAN export lock (1800s waited, lock age 242s, owner_pid=22847, owner_case=/home/s5117909/Documents/thesis/thesis_codebase/database/20260603_194703_2syn_2tail_plain/cases/st1_6001_hz__st2_7001_hz__trial_1)
Waiting for OCEAN export lock (1860s waited, lock age 304s, owner_pid=22847, owner_case=/home/s5117909/Documents/thesis/thesis_codebase/database/20260603_194703_2syn_2tail_plain/cases/st1_6001_hz__st2_7001_hz__trial_1)
Waiting for OCEAN export lock (1920s waited, lock age 364s, owner_pid=22847, owner_case=/home/s5117909/Documents/thesis/thesis_codebase/database/20260603_194703_2syn_2tail_plain/cases/st1_6001_hz__st2_7001_hz__trial_1)
Waiting for OCEAN export lock (1980s waited, lock age 425s, owner_pid=22847, owner_case=/home/s5117909/Documents/thesis/thesis_codebase/database/20260603_194703_2syn_2tail_plain/cases/st1_6001_hz__st2_7001_hz__trial_1)
Waiting for OCEAN export lock (2040s waited, lock age 485s, owner_pid=22847, owner_case=/home/s5117909/Documents/thesis/thesis_codebase/database/20260603_194703_2syn_2tail_plain/cases/st1_6001_hz__st2_7001_hz__trial_1)
Waiting for OCEAN export lock (2100s waited, lock age 546s, owner_pid=22847, owner_case=/home/s5117909/Documents/thesis/thesis_codebase/database/20260603_194703_2syn_2tail_plain/cases/st1_6001_hz__st2_7001_hz__trial_1)
Waiting for OCEAN export lock (2160s waited, lock age 606s, owner_pid=22847, owner_case=/home/s5117909/Documents/thesis/thesis_codebase/database/20260603_194703_2syn_2tail_plain/cases/st1_6001_hz__st2_7001_hz__trial_1)
DONE case_id=75 run_name=st1_8001_hz__st2_3001_hz__trial_1 output_signals=/home/s5117909/Documents/thesis/thesis_codebase/database/20260603_194703_2syn_2tail_plain/cases/st1_8001_hz__st2_3001_hz__trial_1/output_signals.txt
RUN case_id=79 run_name=st1_8001_hz__st2_7001_hz__trial_1
Waiting for OCEAN export lock (60s waited, lock age 69s, owner_pid=30830, owner_case=/home/s5117909/Documents/thesis/thesis_codebase/database/20260603_194703_2syn_2tail_plain/cases/st1_7001_hz__st2_3001_hz__trial_1)
Waiting for OCEAN export lock (120s waited, lock age 130s, owner_pid=30830, owner_case=/home/s5117909/Documents/thesis/thesis_codebase/database/20260603_194703_2syn_2tail_plain/cases/st1_7001_hz__st2_3001_hz__trial_1)
Waiting for OCEAN export lock (180s waited, lock age 190s, owner_pid=30830, owner_case=/home/s5117909/Documents/thesis/thesis_codebase/database/20260603_194703_2syn_2tail_plain/cases/st1_7001_hz__st2_3001_hz__trial_1)
Waiting for OCEAN export lock (240s waited, lock age 250s, owner_pid=30830, owner_case=/home/s5117909/Documents/thesis/thesis_codebase/database/20260603_194703_2syn_2tail_plain/cases/st1_7001_hz__st2_3001_hz__trial_1)
Waiting for OCEAN export lock (300s waited, lock age 311s, owner_pid=30830, owner_case=/home/s5117909/Documents/thesis/thesis_codebase/database/20260603_194703_2syn_2tail_plain/cases/st1_7001_hz__st2_3001_hz__trial_1)
Waiting for OCEAN export lock (360s waited, lock age 371s, owner_pid=30830, owner_case=/home/s5117909/Documents/thesis/thesis_codebase/database/20260603_194703_2syn_2tail_plain/cases/st1_7001_hz__st2_3001_hz__trial_1)
Waiting for OCEAN export lock (420s waited, lock age 28s, owner_pid=25362, owner_case=/home/s5117909/Documents/thesis/thesis_codebase/database/20260603_194703_2syn_2tail_plain/cases/st1_6001_hz__st2_6001_hz__trial_1)
Waiting for OCEAN export lock (480s waited, lock age 89s, owner_pid=25362, owner_case=/home/s5117909/Documents/thesis/thesis_codebase/database/20260603_194703_2syn_2tail_plain/cases/st1_6001_hz__st2_6001_hz__trial_1)
Waiting for OCEAN export lock (540s waited, lock age 149s, owner_pid=25362, owner_case=/home/s5117909/Documents/thesis/thesis_codebase/database/20260603_194703_2syn_2tail_plain/cases/st1_6001_hz__st2_6001_hz__trial_1)
Waiting for OCEAN export lock (600s waited, lock age 210s, owner_pid=25362, owner_case=/home/s5117909/Documents/thesis/thesis_codebase/database/20260603_194703_2syn_2tail_plain/cases/st1_6001_hz__st2_6001_hz__trial_1)
Waiting for OCEAN export lock (660s waited, lock age 270s, owner_pid=25362, owner_case=/home/s5117909/Documents/thesis/thesis_codebase/database/20260603_194703_2syn_2tail_plain/cases/st1_6001_hz__st2_6001_hz__trial_1)
Waiting for OCEAN export lock (720s waited, lock age 331s, owner_pid=25362, owner_case=/home/s5117909/Documents/thesis/thesis_codebase/database/20260603_194703_2syn_2tail_plain/cases/st1_6001_hz__st2_6001_hz__trial_1)
Waiting for OCEAN export lock (780s waited, lock age 391s, owner_pid=25362, owner_case=/home/s5117909/Documents/thesis/thesis_codebase/database/20260603_194703_2syn_2tail_plain/cases/st1_6001_hz__st2_6001_hz__trial_1)
Waiting for OCEAN export lock (840s waited, lock age 452s, owner_pid=25362, owner_case=/home/s5117909/Documents/thesis/thesis_codebase/database/20260603_194703_2syn_2tail_plain/cases/st1_6001_hz__st2_6001_hz__trial_1)
Waiting for OCEAN export lock (900s waited, lock age 512s, owner_pid=25362, owner_case=/home/s5117909/Documents/thesis/thesis_codebase/database/20260603_194703_2syn_2tail_plain/cases/st1_6001_hz__st2_6001_hz__trial_1)
Waiting for OCEAN export lock (960s waited, lock age 573s, owner_pid=25362, owner_case=/home/s5117909/Documents/thesis/thesis_codebase/database/20260603_194703_2syn_2tail_plain/cases/st1_6001_hz__st2_6001_hz__trial_1)
Waiting for OCEAN export lock (1020s waited, lock age 48s, owner_pid=28641, owner_case=/home/s5117909/Documents/thesis/thesis_codebase/database/20260603_194703_2syn_2tail_plain/cases/st1_7001_hz__st2_7001_hz__trial_1)
Waiting for OCEAN export lock (1080s waited, lock age 109s, owner_pid=28641, owner_case=/home/s5117909/Documents/thesis/thesis_codebase/database/20260603_194703_2syn_2tail_plain/cases/st1_7001_hz__st2_7001_hz__trial_1)
Waiting for OCEAN export lock (1140s waited, lock age 169s, owner_pid=28641, owner_case=/home/s5117909/Documents/thesis/thesis_codebase/database/20260603_194703_2syn_2tail_plain/cases/st1_7001_hz__st2_7001_hz__trial_1)
Waiting for OCEAN export lock (1200s waited, lock age 230s, owner_pid=28641, owner_case=/home/s5117909/Documents/thesis/thesis_codebase/database/20260603_194703_2syn_2tail_plain/cases/st1_7001_hz__st2_7001_hz__trial_1)
Waiting for OCEAN export lock (1260s waited, lock age 290s, owner_pid=28641, owner_case=/home/s5117909/Documents/thesis/thesis_codebase/database/20260603_194703_2syn_2tail_plain/cases/st1_7001_hz__st2_7001_hz__trial_1)
Waiting for OCEAN export lock (1320s waited, lock age 351s, owner_pid=28641, owner_case=/home/s5117909/Documents/thesis/thesis_codebase/database/20260603_194703_2syn_2tail_plain/cases/st1_7001_hz__st2_7001_hz__trial_1)
Waiting for OCEAN export lock (1380s waited, lock age 411s, owner_pid=28641, owner_case=/home/s5117909/Documents/thesis/thesis_codebase/database/20260603_194703_2syn_2tail_plain/cases/st1_7001_hz__st2_7001_hz__trial_1)
Waiting for OCEAN export lock (1440s waited, lock age 472s, owner_pid=28641, owner_case=/home/s5117909/Documents/thesis/thesis_codebase/database/20260603_194703_2syn_2tail_plain/cases/st1_7001_hz__st2_7001_hz__trial_1)
Waiting for OCEAN export lock (1500s waited, lock age 533s, owner_pid=28641, owner_case=/home/s5117909/Documents/thesis/thesis_codebase/database/20260603_194703_2syn_2tail_plain/cases/st1_7001_hz__st2_7001_hz__trial_1)
Waiting for OCEAN export lock (1560s waited, lock age 593s, owner_pid=28641, owner_case=/home/s5117909/Documents/thesis/thesis_codebase/database/20260603_194703_2syn_2tail_plain/cases/st1_7001_hz__st2_7001_hz__trial_1)
Waiting for OCEAN export lock (1620s waited, lock age 26s, owner_pid=22847, owner_case=/home/s5117909/Documents/thesis/thesis_codebase/database/20260603_194703_2syn_2tail_plain/cases/st1_6001_hz__st2_7001_hz__trial_1)
Waiting for OCEAN export lock (1680s waited, lock age 87s, owner_pid=22847, owner_case=/home/s5117909/Documents/thesis/thesis_codebase/database/20260603_194703_2syn_2tail_plain/cases/st1_6001_hz__st2_7001_hz__trial_1)
Waiting for OCEAN export lock (1740s waited, lock age 147s, owner_pid=22847, owner_case=/home/s5117909/Documents/thesis/thesis_codebase/database/20260603_194703_2syn_2tail_plain/cases/st1_6001_hz__st2_7001_hz__trial_1)
Waiting for OCEAN export lock (1800s waited, lock age 207s, owner_pid=22847, owner_case=/home/s5117909/Documents/thesis/thesis_codebase/database/20260603_194703_2syn_2tail_plain/cases/st1_6001_hz__st2_7001_hz__trial_1)
Waiting for OCEAN export lock (1860s waited, lock age 268s, owner_pid=22847, owner_case=/home/s5117909/Documents/thesis/thesis_codebase/database/20260603_194703_2syn_2tail_plain/cases/st1_6001_hz__st2_7001_hz__trial_1)
Waiting for OCEAN export lock (1920s waited, lock age 329s, owner_pid=22847, owner_case=/home/s5117909/Documents/thesis/thesis_codebase/database/20260603_194703_2syn_2tail_plain/cases/st1_6001_hz__st2_7001_hz__trial_1)
Waiting for OCEAN export lock (1980s waited, lock age 389s, owner_pid=22847, owner_case=/home/s5117909/Documents/thesis/thesis_codebase/database/20260603_194703_2syn_2tail_plain/cases/st1_6001_hz__st2_7001_hz__trial_1)
Waiting for OCEAN export lock (2040s waited, lock age 450s, owner_pid=22847, owner_case=/home/s5117909/Documents/thesis/thesis_codebase/database/20260603_194703_2syn_2tail_plain/cases/st1_6001_hz__st2_7001_hz__trial_1)
Waiting for OCEAN export lock (2100s waited, lock age 510s, owner_pid=22847, owner_case=/home/s5117909/Documents/thesis/thesis_codebase/database/20260603_194703_2syn_2tail_plain/cases/st1_6001_hz__st2_7001_hz__trial_1)
Waiting for OCEAN export lock (2160s waited, lock age 571s, owner_pid=22847, owner_case=/home/s5117909/Documents/thesis/thesis_codebase/database/20260603_194703_2syn_2tail_plain/cases/st1_6001_hz__st2_7001_hz__trial_1)
Waiting for OCEAN export lock (2220s waited, lock age 2s, owner_pid=28641, owner_case=/home/s5117909/Documents/thesis/thesis_codebase/database/20260603_194703_2syn_2tail_plain/cases/st1_7001_hz__st2_7001_hz__trial_1)
Waiting for OCEAN export lock (2280s waited, lock age 62s, owner_pid=28641, owner_case=/home/s5117909/Documents/thesis/thesis_codebase/database/20260603_194703_2syn_2tail_plain/cases/st1_7001_hz__st2_7001_hz__trial_1)
Waiting for OCEAN export lock (2340s waited, lock age 123s, owner_pid=28641, owner_case=/home/s5117909/Documents/thesis/thesis_codebase/database/20260603_194703_2syn_2tail_plain/cases/st1_7001_hz__st2_7001_hz__trial_1)
Waiting for OCEAN export lock (2400s waited, lock age 183s, owner_pid=28641, owner_case=/home/s5117909/Documents/thesis/thesis_codebase/database/20260603_194703_2syn_2tail_plain/cases/st1_7001_hz__st2_7001_hz__trial_1)
Waiting for OCEAN export lock (2460s waited, lock age 244s, owner_pid=28641, owner_case=/home/s5117909/Documents/thesis/thesis_codebase/database/20260603_194703_2syn_2tail_plain/cases/st1_7001_hz__st2_7001_hz__trial_1)
Waiting for OCEAN export lock (2520s waited, lock age 305s, owner_pid=28641, owner_case=/home/s5117909/Documents/thesis/thesis_codebase/database/20260603_194703_2syn_2tail_plain/cases/st1_7001_hz__st2_7001_hz__trial_1)
Waiting for OCEAN export lock (2580s waited, lock age 365s, owner_pid=28641, owner_case=/home/s5117909/Documents/thesis/thesis_codebase/database/20260603_194703_2syn_2tail_plain/cases/st1_7001_hz__st2_7001_hz__trial_1)
Waiting for OCEAN export lock (2640s waited, lock age 426s, owner_pid=28641, owner_case=/home/s5117909/Documents/thesis/thesis_codebase/database/20260603_194703_2syn_2tail_plain/cases/st1_7001_hz__st2_7001_hz__trial_1)
Waiting for OCEAN export lock (2700s waited, lock age 486s, owner_pid=28641, owner_case=/home/s5117909/Documents/thesis/thesis_codebase/database/20260603_194703_2syn_2tail_plain/cases/st1_7001_hz__st2_7001_hz__trial_1)
Waiting for OCEAN export lock (2760s waited, lock age 547s, owner_pid=28641, owner_case=/home/s5117909/Documents/thesis/thesis_codebase/database/20260603_194703_2syn_2tail_plain/cases/st1_7001_hz__st2_7001_hz__trial_1)
Waiting for OCEAN export lock (2820s waited, lock age 608s, owner_pid=28641, owner_case=/home/s5117909/Documents/thesis/thesis_codebase/database/20260603_194703_2syn_2tail_plain/cases/st1_7001_hz__st2_7001_hz__trial_1)
Waiting for OCEAN export lock (2880s waited, lock age 38s, owner_pid=22847, owner_case=/home/s5117909/Documents/thesis/thesis_codebase/database/20260603_194703_2syn_2tail_plain/cases/st1_6001_hz__st2_7001_hz__trial_1)
Waiting for OCEAN export lock (2940s waited, lock age 98s, owner_pid=22847, owner_case=/home/s5117909/Documents/thesis/thesis_codebase/database/20260603_194703_2syn_2tail_plain/cases/st1_6001_hz__st2_7001_hz__trial_1)
Waiting for OCEAN export lock (3000s waited, lock age 159s, owner_pid=22847, owner_case=/home/s5117909/Documents/thesis/thesis_codebase/database/20260603_194703_2syn_2tail_plain/cases/st1_6001_hz__st2_7001_hz__trial_1)
Waiting for OCEAN export lock (3060s waited, lock age 219s, owner_pid=22847, owner_case=/home/s5117909/Documents/thesis/thesis_codebase/database/20260603_194703_2syn_2tail_plain/cases/st1_6001_hz__st2_7001_hz__trial_1)
Waiting for OCEAN export lock (3120s waited, lock age 280s, owner_pid=22847, owner_case=/home/s5117909/Documents/thesis/thesis_codebase/database/20260603_194703_2syn_2tail_plain/cases/st1_6001_hz__st2_7001_hz__trial_1)
Waiting for OCEAN export lock (3180s waited, lock age 340s, owner_pid=22847, owner_case=/home/s5117909/Documents/thesis/thesis_codebase/database/20260603_194703_2syn_2tail_plain/cases/st1_6001_hz__st2_7001_hz__trial_1)
Waiting for OCEAN export lock (3240s waited, lock age 401s, owner_pid=22847, owner_case=/home/s5117909/Documents/thesis/thesis_codebase/database/20260603_194703_2syn_2tail_plain/cases/st1_6001_hz__st2_7001_hz__trial_1)
Waiting for OCEAN export lock (3300s waited, lock age 462s, owner_pid=22847, owner_case=/home/s5117909/Documents/thesis/thesis_codebase/database/20260603_194703_2syn_2tail_plain/cases/st1_6001_hz__st2_7001_hz__trial_1)
Waiting for OCEAN export lock (3360s waited, lock age 522s, owner_pid=22847, owner_case=/home/s5117909/Documents/thesis/thesis_codebase/database/20260603_194703_2syn_2tail_plain/cases/st1_6001_hz__st2_7001_hz__trial_1)
Waiting for OCEAN export lock (3420s waited, lock age 583s, owner_pid=22847, owner_case=/home/s5117909/Documents/thesis/thesis_codebase/database/20260603_194703_2syn_2tail_plain/cases/st1_6001_hz__st2_7001_hz__trial_1)
Waiting for OCEAN export lock (3480s waited, lock age 12s, owner_pid=32074, owner_case=/home/s5117909/Documents/thesis/thesis_codebase/database/20260603_194703_2syn_2tail_plain/cases/st1_7001_hz__st2_1_hz__trial_1)
Waiting for OCEAN export lock (3540s waited, lock age 73s, owner_pid=32074, owner_case=/home/s5117909/Documents/thesis/thesis_codebase/database/20260603_194703_2syn_2tail_plain/cases/st1_7001_hz__st2_1_hz__trial_1)
Waiting for OCEAN export lock (3600s waited, lock age 133s, owner_pid=32074, owner_case=/home/s5117909/Documents/thesis/thesis_codebase/database/20260603_194703_2syn_2tail_plain/cases/st1_7001_hz__st2_1_hz__trial_1)
Waiting for OCEAN export lock (3660s waited, lock age 194s, owner_pid=32074, owner_case=/home/s5117909/Documents/thesis/thesis_codebase/database/20260603_194703_2syn_2tail_plain/cases/st1_7001_hz__st2_1_hz__trial_1)
Waiting for OCEAN export lock (3720s waited, lock age 59s, owner_pid=22847, owner_case=/home/s5117909/Documents/thesis/thesis_codebase/database/20260603_194703_2syn_2tail_plain/cases/st1_6001_hz__st2_7001_hz__trial_1)
Waiting for OCEAN export lock (3780s waited, lock age 119s, owner_pid=22847, owner_case=/home/s5117909/Documents/thesis/thesis_codebase/database/20260603_194703_2syn_2tail_plain/cases/st1_6001_hz__st2_7001_hz__trial_1)
Waiting for OCEAN export lock (3840s waited, lock age 180s, owner_pid=22847, owner_case=/home/s5117909/Documents/thesis/thesis_codebase/database/20260603_194703_2syn_2tail_plain/cases/st1_6001_hz__st2_7001_hz__trial_1)
Waiting for OCEAN export lock (3900s waited, lock age 241s, owner_pid=22847, owner_case=/home/s5117909/Documents/thesis/thesis_codebase/database/20260603_194703_2syn_2tail_plain/cases/st1_6001_hz__st2_7001_hz__trial_1)
Waiting for OCEAN export lock (3960s waited, lock age 301s, owner_pid=22847, owner_case=/home/s5117909/Documents/thesis/thesis_codebase/database/20260603_194703_2syn_2tail_plain/cases/st1_6001_hz__st2_7001_hz__trial_1)
Waiting for OCEAN export lock (4020s waited, lock age 362s, owner_pid=22847, owner_case=/home/s5117909/Documents/thesis/thesis_codebase/database/20260603_194703_2syn_2tail_plain/cases/st1_6001_hz__st2_7001_hz__trial_1)
Waiting for OCEAN export lock (4080s waited, lock age 422s, owner_pid=22847, owner_case=/home/s5117909/Documents/thesis/thesis_codebase/database/20260603_194703_2syn_2tail_plain/cases/st1_6001_hz__st2_7001_hz__trial_1)
Waiting for OCEAN export lock (4140s waited, lock age 483s, owner_pid=22847, owner_case=/home/s5117909/Documents/thesis/thesis_codebase/database/20260603_194703_2syn_2tail_plain/cases/st1_6001_hz__st2_7001_hz__trial_1)
Waiting for OCEAN export lock (4200s waited, lock age 544s, owner_pid=22847, owner_case=/home/s5117909/Documents/thesis/thesis_codebase/database/20260603_194703_2syn_2tail_plain/cases/st1_6001_hz__st2_7001_hz__trial_1)
Waiting for OCEAN export lock (4260s waited, lock age 604s, owner_pid=22847, owner_case=/home/s5117909/Documents/thesis/thesis_codebase/database/20260603_194703_2syn_2tail_plain/cases/st1_6001_hz__st2_7001_hz__trial_1)
Waiting for OCEAN export lock (4320s waited, lock age 35s, owner_pid=28641, owner_case=/home/s5117909/Documents/thesis/thesis_codebase/database/20260603_194703_2syn_2tail_plain/cases/st1_7001_hz__st2_7001_hz__trial_1)
Waiting for OCEAN export lock (4380s waited, lock age 95s, owner_pid=28641, owner_case=/home/s5117909/Documents/thesis/thesis_codebase/database/20260603_194703_2syn_2tail_plain/cases/st1_7001_hz__st2_7001_hz__trial_1)
Waiting for OCEAN export lock (4440s waited, lock age 156s, owner_pid=28641, owner_case=/home/s5117909/Documents/thesis/thesis_codebase/database/20260603_194703_2syn_2tail_plain/cases/st1_7001_hz__st2_7001_hz__trial_1)
Waiting for OCEAN export lock (4500s waited, lock age 217s, owner_pid=28641, owner_case=/home/s5117909/Documents/thesis/thesis_codebase/database/20260603_194703_2syn_2tail_plain/cases/st1_7001_hz__st2_7001_hz__trial_1)
Waiting for OCEAN export lock (4560s waited, lock age 277s, owner_pid=28641, owner_case=/home/s5117909/Documents/thesis/thesis_codebase/database/20260603_194703_2syn_2tail_plain/cases/st1_7001_hz__st2_7001_hz__trial_1)
Waiting for OCEAN export lock (4620s waited, lock age 338s, owner_pid=28641, owner_case=/home/s5117909/Documents/thesis/thesis_codebase/database/20260603_194703_2syn_2tail_plain/cases/st1_7001_hz__st2_7001_hz__trial_1)
Waiting for OCEAN export lock (4680s waited, lock age 401s, owner_pid=28641, owner_case=/home/s5117909/Documents/thesis/thesis_codebase/database/20260603_194703_2syn_2tail_plain/cases/st1_7001_hz__st2_7001_hz__trial_1)
Waiting for OCEAN export lock (4740s waited, lock age 461s, owner_pid=28641, owner_case=/home/s5117909/Documents/thesis/thesis_codebase/database/20260603_194703_2syn_2tail_plain/cases/st1_7001_hz__st2_7001_hz__trial_1)
Waiting for OCEAN export lock (4800s waited, lock age 522s, owner_pid=28641, owner_case=/home/s5117909/Documents/thesis/thesis_codebase/database/20260603_194703_2syn_2tail_plain/cases/st1_7001_hz__st2_7001_hz__trial_1)
Waiting for OCEAN export lock (4860s waited, lock age 583s, owner_pid=28641, owner_case=/home/s5117909/Documents/thesis/thesis_codebase/database/20260603_194703_2syn_2tail_plain/cases/st1_7001_hz__st2_7001_hz__trial_1)
/home/s5117909/Documents/thesis/thesis_codebase/database/20260603_194703_2syn_2tail_plain/run_export_case.sh: line 106:  4063 Killed                  timeout --preserve-status --kill-after=30s "${timeout_seconds}s" "$cmd" -nograph -restore "$restore_arg" >> "$log_file" 2>&1
Retryable OCEAN export timeout/kill status=137.
Retryable OCEAN export failure; sleeping 20s before retry.
Waiting for OCEAN export lock (60s waited, lock age 81s, owner_pid=24605, owner_case=/home/s5117909/Documents/thesis/thesis_codebase/database/20260603_194703_2syn_2tail_plain/cases/st1_7001_hz__st2_5001_hz__trial_1)
Waiting for OCEAN export lock (120s waited, lock age 142s, owner_pid=24605, owner_case=/home/s5117909/Documents/thesis/thesis_codebase/database/20260603_194703_2syn_2tail_plain/cases/st1_7001_hz__st2_5001_hz__trial_1)
Waiting for OCEAN export lock (180s waited, lock age 202s, owner_pid=24605, owner_case=/home/s5117909/Documents/thesis/thesis_codebase/database/20260603_194703_2syn_2tail_plain/cases/st1_7001_hz__st2_5001_hz__trial_1)
Waiting for OCEAN export lock (240s waited, lock age 263s, owner_pid=24605, owner_case=/home/s5117909/Documents/thesis/thesis_codebase/database/20260603_194703_2syn_2tail_plain/cases/st1_7001_hz__st2_5001_hz__trial_1)
Waiting for OCEAN export lock (300s waited, lock age 324s, owner_pid=24605, owner_case=/home/s5117909/Documents/thesis/thesis_codebase/database/20260603_194703_2syn_2tail_plain/cases/st1_7001_hz__st2_5001_hz__trial_1)
Waiting for OCEAN export lock (360s waited, lock age 387s, owner_pid=24605, owner_case=/home/s5117909/Documents/thesis/thesis_codebase/database/20260603_194703_2syn_2tail_plain/cases/st1_7001_hz__st2_5001_hz__trial_1)
Waiting for OCEAN export lock (420s waited, lock age 448s, owner_pid=24605, owner_case=/home/s5117909/Documents/thesis/thesis_codebase/database/20260603_194703_2syn_2tail_plain/cases/st1_7001_hz__st2_5001_hz__trial_1)
Waiting for OCEAN export lock (480s waited, lock age 509s, owner_pid=24605, owner_case=/home/s5117909/Documents/thesis/thesis_codebase/database/20260603_194703_2syn_2tail_plain/cases/st1_7001_hz__st2_5001_hz__trial_1)
Waiting for OCEAN export lock (540s waited, lock age 569s, owner_pid=24605, owner_case=/home/s5117909/Documents/thesis/thesis_codebase/database/20260603_194703_2syn_2tail_plain/cases/st1_7001_hz__st2_5001_hz__trial_1)
/home/s5117909/Documents/thesis/thesis_codebase/database/20260603_194703_2syn_2tail_plain/run_export_case.sh: line 106: 22474 Killed                  timeout --preserve-status --kill-after=30s "${timeout_seconds}s" "$cmd" -nograph -restore "$restore_arg" >> "$log_file" 2>&1
Retryable OCEAN export timeout/kill status=137.
Retryable OCEAN export failure; sleeping 40s before retry.
Waiting for OCEAN export lock (60s waited, lock age 100s, owner_pid=31111, owner_case=/home/s5117909/Documents/thesis/thesis_codebase/database/20260603_194703_2syn_2tail_plain/cases/st1_7001_hz__st2_2001_hz__trial_1)
Waiting for OCEAN export lock (120s waited, lock age 160s, owner_pid=31111, owner_case=/home/s5117909/Documents/thesis/thesis_codebase/database/20260603_194703_2syn_2tail_plain/cases/st1_7001_hz__st2_2001_hz__trial_1)
Waiting for OCEAN export lock (180s waited, lock age 221s, owner_pid=31111, owner_case=/home/s5117909/Documents/thesis/thesis_codebase/database/20260603_194703_2syn_2tail_plain/cases/st1_7001_hz__st2_2001_hz__trial_1)
Waiting for OCEAN export lock (240s waited, lock age 281s, owner_pid=31111, owner_case=/home/s5117909/Documents/thesis/thesis_codebase/database/20260603_194703_2syn_2tail_plain/cases/st1_7001_hz__st2_2001_hz__trial_1)
Waiting for OCEAN export lock (300s waited, lock age 343s, owner_pid=31111, owner_case=/home/s5117909/Documents/thesis/thesis_codebase/database/20260603_194703_2syn_2tail_plain/cases/st1_7001_hz__st2_2001_hz__trial_1)
Waiting for OCEAN export lock (360s waited, lock age 56s, owner_pid=24442, owner_case=/home/s5117909/Documents/thesis/thesis_codebase/database/20260603_194703_2syn_2tail_plain/cases/st1_8001_hz__st2_1001_hz__trial_1)
Waiting for OCEAN export lock (420s waited, lock age 117s, owner_pid=24442, owner_case=/home/s5117909/Documents/thesis/thesis_codebase/database/20260603_194703_2syn_2tail_plain/cases/st1_8001_hz__st2_1001_hz__trial_1)
Waiting for OCEAN export lock (480s waited, lock age 178s, owner_pid=24442, owner_case=/home/s5117909/Documents/thesis/thesis_codebase/database/20260603_194703_2syn_2tail_plain/cases/st1_8001_hz__st2_1001_hz__trial_1)
Waiting for OCEAN export lock (540s waited, lock age 238s, owner_pid=24442, owner_case=/home/s5117909/Documents/thesis/thesis_codebase/database/20260603_194703_2syn_2tail_plain/cases/st1_8001_hz__st2_1001_hz__trial_1)
Waiting for OCEAN export lock (600s waited, lock age 299s, owner_pid=24442, owner_case=/home/s5117909/Documents/thesis/thesis_codebase/database/20260603_194703_2syn_2tail_plain/cases/st1_8001_hz__st2_1001_hz__trial_1)
Waiting for OCEAN export lock (660s waited, lock age 16s, owner_pid=28641, owner_case=/home/s5117909/Documents/thesis/thesis_codebase/database/20260603_194703_2syn_2tail_plain/cases/st1_7001_hz__st2_7001_hz__trial_1)
Waiting for OCEAN export lock (720s waited, lock age 77s, owner_pid=28641, owner_case=/home/s5117909/Documents/thesis/thesis_codebase/database/20260603_194703_2syn_2tail_plain/cases/st1_7001_hz__st2_7001_hz__trial_1)
Waiting for OCEAN export lock (780s waited, lock age 137s, owner_pid=28641, owner_case=/home/s5117909/Documents/thesis/thesis_codebase/database/20260603_194703_2syn_2tail_plain/cases/st1_7001_hz__st2_7001_hz__trial_1)
Waiting for OCEAN export lock (840s waited, lock age 198s, owner_pid=28641, owner_case=/home/s5117909/Documents/thesis/thesis_codebase/database/20260603_194703_2syn_2tail_plain/cases/st1_7001_hz__st2_7001_hz__trial_1)
Waiting for OCEAN export lock (900s waited, lock age 260s, owner_pid=28641, owner_case=/home/s5117909/Documents/thesis/thesis_codebase/database/20260603_194703_2syn_2tail_plain/cases/st1_7001_hz__st2_7001_hz__trial_1)
Waiting for OCEAN export lock (960s waited, lock age 320s, owner_pid=28641, owner_case=/home/s5117909/Documents/thesis/thesis_codebase/database/20260603_194703_2syn_2tail_plain/cases/st1_7001_hz__st2_7001_hz__trial_1)
Waiting for OCEAN export lock (1020s waited, lock age 380s, owner_pid=28641, owner_case=/home/s5117909/Documents/thesis/thesis_codebase/database/20260603_194703_2syn_2tail_plain/cases/st1_7001_hz__st2_7001_hz__trial_1)
Waiting for OCEAN export lock (1080s waited, lock age 441s, owner_pid=28641, owner_case=/home/s5117909/Documents/thesis/thesis_codebase/database/20260603_194703_2syn_2tail_plain/cases/st1_7001_hz__st2_7001_hz__trial_1)
Waiting for OCEAN export lock (1140s waited, lock age 501s, owner_pid=28641, owner_case=/home/s5117909/Documents/thesis/thesis_codebase/database/20260603_194703_2syn_2tail_plain/cases/st1_7001_hz__st2_7001_hz__trial_1)
Waiting for OCEAN export lock (1200s waited, lock age 562s, owner_pid=28641, owner_case=/home/s5117909/Documents/thesis/thesis_codebase/database/20260603_194703_2syn_2tail_plain/cases/st1_7001_hz__st2_7001_hz__trial_1)
Waiting for OCEAN export lock (1260s waited, lock age 622s, owner_pid=28641, owner_case=/home/s5117909/Documents/thesis/thesis_codebase/database/20260603_194703_2syn_2tail_plain/cases/st1_7001_hz__st2_7001_hz__trial_1)
Waiting for OCEAN export lock (1320s waited, lock age 53s, owner_pid=30684, owner_case=/home/s5117909/Documents/thesis/thesis_codebase/database/20260603_194703_2syn_2tail_plain/cases/st1_7001_hz__st2_6001_hz__trial_1)
Waiting for OCEAN export lock (1380s waited, lock age 113s, owner_pid=30684, owner_case=/home/s5117909/Documents/thesis/thesis_codebase/database/20260603_194703_2syn_2tail_plain/cases/st1_7001_hz__st2_6001_hz__trial_1)
Waiting for OCEAN export lock (1440s waited, lock age 174s, owner_pid=30684, owner_case=/home/s5117909/Documents/thesis/thesis_codebase/database/20260603_194703_2syn_2tail_plain/cases/st1_7001_hz__st2_6001_hz__trial_1)
Waiting for OCEAN export lock (1500s waited, lock age 234s, owner_pid=30684, owner_case=/home/s5117909/Documents/thesis/thesis_codebase/database/20260603_194703_2syn_2tail_plain/cases/st1_7001_hz__st2_6001_hz__trial_1)
Waiting for OCEAN export lock (1560s waited, lock age 295s, owner_pid=30684, owner_case=/home/s5117909/Documents/thesis/thesis_codebase/database/20260603_194703_2syn_2tail_plain/cases/st1_7001_hz__st2_6001_hz__trial_1)
Waiting for OCEAN export lock (1620s waited, lock age 356s, owner_pid=30684, owner_case=/home/s5117909/Documents/thesis/thesis_codebase/database/20260603_194703_2syn_2tail_plain/cases/st1_7001_hz__st2_6001_hz__trial_1)
Waiting for OCEAN export lock (1680s waited, lock age 416s, owner_pid=30684, owner_case=/home/s5117909/Documents/thesis/thesis_codebase/database/20260603_194703_2syn_2tail_plain/cases/st1_7001_hz__st2_6001_hz__trial_1)
Waiting for OCEAN export lock (1740s waited, lock age 477s, owner_pid=30684, owner_case=/home/s5117909/Documents/thesis/thesis_codebase/database/20260603_194703_2syn_2tail_plain/cases/st1_7001_hz__st2_6001_hz__trial_1)
Waiting for OCEAN export lock (1800s waited, lock age 537s, owner_pid=30684, owner_case=/home/s5117909/Documents/thesis/thesis_codebase/database/20260603_194703_2syn_2tail_plain/cases/st1_7001_hz__st2_6001_hz__trial_1)
Waiting for OCEAN export lock (1860s waited, lock age 598s, owner_pid=30684, owner_case=/home/s5117909/Documents/thesis/thesis_codebase/database/20260603_194703_2syn_2tail_plain/cases/st1_7001_hz__st2_6001_hz__trial_1)
/home/s5117909/Documents/thesis/thesis_codebase/database/20260603_194703_2syn_2tail_plain/run_export_case.sh: line 106: 15704 Killed                  timeout --preserve-status --kill-after=30s "${timeout_seconds}s" "$cmd" -nograph -restore "$restore_arg" >> "$log_file" 2>&1
Retryable OCEAN export timeout/kill status=137.
Retryable OCEAN export failure; sleeping 60s before retry.
Waiting for OCEAN export lock (60s waited, lock age 119s, owner_pid=4084, owner_case=/home/s5117909/Documents/thesis/thesis_codebase/database/20260603_194703_2syn_2tail_plain/cases/st1_8001_hz__st2_2001_hz__trial_1)
Waiting for OCEAN export lock (120s waited, lock age 180s, owner_pid=4084, owner_case=/home/s5117909/Documents/thesis/thesis_codebase/database/20260603_194703_2syn_2tail_plain/cases/st1_8001_hz__st2_2001_hz__trial_1)
Waiting for OCEAN export lock (180s waited, lock age 240s, owner_pid=4084, owner_case=/home/s5117909/Documents/thesis/thesis_codebase/database/20260603_194703_2syn_2tail_plain/cases/st1_8001_hz__st2_2001_hz__trial_1)
Waiting for OCEAN export lock (240s waited, lock age 301s, owner_pid=4084, owner_case=/home/s5117909/Documents/thesis/thesis_codebase/database/20260603_194703_2syn_2tail_plain/cases/st1_8001_hz__st2_2001_hz__trial_1)
Waiting for OCEAN export lock (300s waited, lock age 362s, owner_pid=4084, owner_case=/home/s5117909/Documents/thesis/thesis_codebase/database/20260603_194703_2syn_2tail_plain/cases/st1_8001_hz__st2_2001_hz__trial_1)
Waiting for OCEAN export lock (360s waited, lock age 422s, owner_pid=4084, owner_case=/home/s5117909/Documents/thesis/thesis_codebase/database/20260603_194703_2syn_2tail_plain/cases/st1_8001_hz__st2_2001_hz__trial_1)
Waiting for OCEAN export lock (420s waited, lock age 31s, owner_pid=23399, owner_case=/home/s5117909/Documents/thesis/thesis_codebase/database/20260603_194703_2syn_2tail_plain/cases/st1_8001_hz__st2_4001_hz__trial_1)
Waiting for OCEAN export lock (480s waited, lock age 91s, owner_pid=23399, owner_case=/home/s5117909/Documents/thesis/thesis_codebase/database/20260603_194703_2syn_2tail_plain/cases/st1_8001_hz__st2_4001_hz__trial_1)
Waiting for OCEAN export lock (540s waited, lock age 152s, owner_pid=23399, owner_case=/home/s5117909/Documents/thesis/thesis_codebase/database/20260603_194703_2syn_2tail_plain/cases/st1_8001_hz__st2_4001_hz__trial_1)
